<!DOCTYPE html><html lang="en"> <head><meta charset="UTF-8"><meta name="viewport" content="width=device-width"><link rel="icon" href="/favicon.ico" sizes="48x48"><link rel="icon" href="/favicon.svg" sizes="any" type="image/svg+xml"><link rel="apple-touch-icon" href="/apple-touch-icon.png"><link rel="manifest" href="/site.webmanifest"><meta name="description" content="Reviews of current, cult, classic, and forgotten films."><meta name="og:image"><meta property="og:url" content="https://www.franksmovielog.com//"><meta property="og:title" content="Frank's Movie Log"><meta property="og:description" content="Reviews of current, cult, classic, and forgotten films."><title>Frank&#39;s Movie Log</title></head>  <div><a href="#content" class="translate-skip-to-content absolute left-1/2 top-0.5 z-50 mx-auto bg-subtle px-6 py-2 text-center text-accent">Skip to content</a><div class="image-filter mx-auto min-h-4 w-full max-w-canvas bg-notcomingsoon desktop:sticky desktop:top-0 desktop:z-40"></div><div class="mx-auto flex min-h-full max-w-canvas flex-col bg-default"><header class="border-bottom flex flex-col items-center gap-6 bg-default px-pageMargin py-6 text-center desktop:sticky desktop:top-4 desktop:z-40 desktop:flex-row desktop:flex-wrap desktop:justify-between desktop:py-8 desktop:text-left"><div class="items-inherit justify-items-inherit flex flex-col"><h1 class="whitespace-nowrap font-normal leading-8" style="font-size:1.5625rem"><a class="text-default" href="/">Frank&#x27;s Movie Log</a></h1><p class="w-full text-sm italic leading-4 text-muted desktop:pl-px">My life at the movies.</p></div><div class="w-full max-w-prose desktop:w-auto max:order-4"><form action="https://www.google.com/search" accept-charset="UTF-8" method="get" role="search" class="border-all w-full max-w-prose overflow-hidden rounded"><label for="search" class="flex overflow-hidden"><span class="sr-only">Search</span><input type="text" name="q" id="search" placeholder="Search..." class="min-w-0 grow border-0 bg-subtle px-4 py-2 text-base font-light leading-6 text-default"/><input type="hidden" name="q" value="site:www.franksmovielog.com"/><button type="submit" value="Search" aria-label="Search" class="border-0 border-l border-default bg-subtle px-3 py-1"><svg class="size-4 fill-subtle" viewBox="0 0 16 16"><path fill-rule="evenodd" d="M10.442 10.442a1 1 0 011.415 0l3.85 3.85a1 1 0 01-1.414 1.415l-3.85-3.85a1 1 0 010-1.415z"></path><path fill-rule="evenodd" d="M6.5 12a5.5 5.5 0 100-11 5.5 5.5 0 000 11zM13 6.5a6.5 6.5 0 11-13 0 6.5 6.5 0 0113 0z"></path></svg></button></label></form></div><nav class="w-full max:w-auto"><ul class="flex flex-wrap justify-center gap-x-4 gap-y-2 text-accent tablet:gap-x-6 desktop:justify-start"><li class="block whitespace-nowrap tracking-0.5px"><a class="text-muted" href="/">Home</a></li><li class="block whitespace-nowrap tracking-0.5px"><a class="text-inherit" href="/how-i-grade/">How I Grade</a></li><li class="block whitespace-nowrap tracking-0.5px"><a class="text-inherit" href="/reviews/">Reviews</a></li><li class="block whitespace-nowrap tracking-0.5px"><a class="text-inherit" href="/viewings/">Viewing Log</a></li><li class="block whitespace-nowrap tracking-0.5px"><a class="text-inherit" href="/cast-and-crew/">Cast &amp; Crew</a></li><li class="block whitespace-nowrap tracking-0.5px"><a class="text-inherit" href="/collections/">Collections</a></li><li class="block whitespace-nowrap tracking-0.5px"><a class="text-inherit" href="/watchlist/">Watchlist</a></li></ul></nav></header><div class="grow" id="content">  <main><ol class="flex flex-col"><li class="flex even:bg-subtle"><article class="mx-auto flex flex-col items-center px-pageMargin py-10 desktop:grid desktop:w-full desktop:grid-cols-8"><div class="col-span-2 mb-6 text-center text-sm font-light uppercase leading-4 tracking-0.75px text-subtle desktop:mb-0 desktop:pb-6 desktop:text-left desktop:leading-8 max:col-span-1 max:self-start">23 Jun 2024</div><a rel="canonical" href="/reviews/chamber-of-horrors-1966/" class="still-border block max-w-prose desktop:col-start-4 desktop:col-end-9 desktop:row-span-2 desktop:row-start-1 desktop:mt-10 desktop:self-start desktop:justify-self-end max:row-start-1 max:mt-0"><img srcSet="/_image?/content%2Fassets%2Fstills%2Fchamber-of-horrors-1966.png%3ForigWidth%3D2000%26origHeight%3D1125%26origFormat%3Dpng&amp;w=128&amp;q=80&amp;f=avif 128w, /_image?/content%2Fassets%2Fstills%2Fchamber-of-horrors-1966.png%3ForigWidth%3D2000%26origHeight%3D1125%26origFormat%3Dpng&amp;w=256&amp;q=80&amp;f=avif 256w, /_image?/content%2Fassets%2Fstills%2Fchamber-of-horrors-1966.png%3ForigWidth%3D2000%26origHeight%3D1125%26origFormat%3Dpng&amp;w=512&amp;q=80&amp;f=avif 512w, /_image?/content%2Fassets%2Fstills%2Fchamber-of-horrors-1966.png%3ForigWidth%3D2000%26origHeight%3D1125%26origFormat%3Dpng&amp;w=1024&amp;q=80&amp;f=avif 1024w" src="/_image?/content%2Fassets%2Fstills%2Fchamber-of-horrors-1966.png%3ForigWidth%3D2000%26origHeight%3D1125%26origFormat%3Dpng&amp;w=512&amp;h=288&amp;q=80&amp;f=avif" alt="A still from Chamber of Horrors (1966)" loading="eager" decoding="sync" width="512" height="288" sizes="(min-width: 512px) 512px, 100vw" class="aspect-[1.77777778] h-auto rounded-xl"/></a><div class="flex max-w-lg flex-col items-center pt-4 desktop:col-span-5 desktop:col-start-1 desktop:row-start-2 desktop:items-start desktop:place-self-start desktop:pt-0 max:col-start-2 max:row-start-1"><h2 class="text-2.5xl font-bold leading-8"><a href="/reviews/chamber-of-horrors-1966/" rel="canonical" class="inline-block text-default">Chamber of Horrors<!-- --> <span class="inline-block text-base font-light leading-none text-subtle">1966</span></a></h2><div class="spacer-y-4"></div><picture><source srcSet="/svg/2-stars-dark.svg" media="(prefers-color-scheme: dark)"/><img src="/svg/2-stars.svg" alt="D+: 2 stars (out of 5)" height="32" width="160"/></picture><div class="spacer-y-6"></div><p class="text-base font-normal leading-normal tracking-0.25px text-subtle">Directed by <!-- -->Hy Averback<!-- -->. Starring<!-- --> <!-- -->Patrick O&#x27;Neal, Cesare Danova, Wilfrid Hyde-White, and Laura Devon<!-- -->.</p><div class="spacer-y-6"></div><div class="rendered-markdown font-light self-start text-lg leading-normal tracking-0.3px text-muted"><p>Warner Bros. shot <em>Chamber of Horrors</em> as a television movie, intended as a series pilot. When the network deemed the finished product too violent for television, the studio added some gimmicks and released it as a theatrical feature. The result looks good but underwhelms. <a data-continue-reading href="/reviews/chamber-of-horrors-1966/">Continue reading...</a></p></div></div></article></li><li class="flex even:bg-subtle"><article class="mx-auto flex flex-col items-center px-pageMargin py-10 desktop:grid desktop:w-full desktop:grid-cols-8"><div class="col-span-2 mb-6 text-center text-sm font-light uppercase leading-4 tracking-0.75px text-subtle desktop:mb-0 desktop:pb-6 desktop:text-left desktop:leading-8 max:col-span-1 max:self-start">18 Jun 2024</div><a rel="canonical" href="/reviews/two-for-the-seesaw-1962/" class="still-border block max-w-prose desktop:col-start-4 desktop:col-end-9 desktop:row-span-2 desktop:row-start-1 desktop:mt-10 desktop:self-start desktop:justify-self-end max:row-start-1 max:mt-0"><img srcSet="/_image?/content%2Fassets%2Fstills%2Ftwo-for-the-seesaw-1962.png%3ForigWidth%3D2000%26origHeight%3D1125%26origFormat%3Dpng&amp;w=128&amp;q=80&amp;f=avif 128w, /_image?/content%2Fassets%2Fstills%2Ftwo-for-the-seesaw-1962.png%3ForigWidth%3D2000%26origHeight%3D1125%26origFormat%3Dpng&amp;w=256&amp;q=80&amp;f=avif 256w, /_image?/content%2Fassets%2Fstills%2Ftwo-for-the-seesaw-1962.png%3ForigWidth%3D2000%26origHeight%3D1125%26origFormat%3Dpng&amp;w=512&amp;q=80&amp;f=avif 512w, /_image?/content%2Fassets%2Fstills%2Ftwo-for-the-seesaw-1962.png%3ForigWidth%3D2000%26origHeight%3D1125%26origFormat%3Dpng&amp;w=1024&amp;q=80&amp;f=avif 1024w" src="/_image?/content%2Fassets%2Fstills%2Ftwo-for-the-seesaw-1962.png%3ForigWidth%3D2000%26origHeight%3D1125%26origFormat%3Dpng&amp;w=512&amp;h=288&amp;q=80&amp;f=avif" alt="A still from Two for the Seesaw (1962)" loading="lazy" decoding="async" width="512" height="288" sizes="(min-width: 512px) 512px, 100vw" class="aspect-[1.77777778] h-auto rounded-xl"/></a><div class="flex max-w-lg flex-col items-center pt-4 desktop:col-span-5 desktop:col-start-1 desktop:row-start-2 desktop:items-start desktop:place-self-start desktop:pt-0 max:col-start-2 max:row-start-1"><h2 class="text-2.5xl font-bold leading-8"><a href="/reviews/two-for-the-seesaw-1962/" rel="canonical" class="inline-block text-default">Two for the Seesaw<!-- --> <span class="inline-block text-base font-light leading-none text-subtle">1962</span></a></h2><div class="spacer-y-4"></div><picture><source srcSet="/svg/3-stars-dark.svg" media="(prefers-color-scheme: dark)"/><img src="/svg/3-stars.svg" alt="C+: 3 stars (out of 5)" height="32" width="160"/></picture><div class="spacer-y-6"></div><p class="text-base font-normal leading-normal tracking-0.25px text-subtle">Directed by <!-- -->Robert Wise<!-- -->. Starring<!-- --> <!-- -->Robert Mitchum, Shirley MacLaine, Edmon Ryan, and Elisabeth Fraser<!-- -->.</p><div class="spacer-y-6"></div><div class="rendered-markdown font-light self-start text-lg leading-normal tracking-0.3px text-muted"><p>In <em>Two for the Seesaw</em>, Robert Mitchum plays a middle-aged, midwestern lawyer who—after his wife of twelve years asks for a divorce—flees his cushy job and pampered lifestyle for New York City. There, he meets a late-twenty-something dancer played by Shirley MacLaine. A romance blooms. <strong>Spoilers follow</strong>. <a data-continue-reading href="/reviews/two-for-the-seesaw-1962/">Continue reading...</a></p></div></div></article></li><li class="flex even:bg-subtle"><article class="mx-auto flex flex-col items-center px-pageMargin py-10 desktop:grid desktop:w-full desktop:grid-cols-8"><div class="col-span-2 mb-6 text-center text-sm font-light uppercase leading-4 tracking-0.75px text-subtle desktop:mb-0 desktop:pb-6 desktop:text-left desktop:leading-8 max:col-span-1 max:self-start">08 Jun 2024</div><a rel="canonical" href="/reviews/the-man-with-nine-lives-1940/" class="still-border block max-w-prose desktop:col-start-4 desktop:col-end-9 desktop:row-span-2 desktop:row-start-1 desktop:mt-10 desktop:self-start desktop:justify-self-end max:row-start-1 max:mt-0"><img srcSet="/_image?/content%2Fassets%2Fstills%2Fthe-man-with-nine-lives-1940.png%3ForigWidth%3D2000%26origHeight%3D1125%26origFormat%3Dpng&amp;w=128&amp;q=80&amp;f=avif 128w, /_image?/content%2Fassets%2Fstills%2Fthe-man-with-nine-lives-1940.png%3ForigWidth%3D2000%26origHeight%3D1125%26origFormat%3Dpng&amp;w=256&amp;q=80&amp;f=avif 256w, /_image?/content%2Fassets%2Fstills%2Fthe-man-with-nine-lives-1940.png%3ForigWidth%3D2000%26origHeight%3D1125%26origFormat%3Dpng&amp;w=512&amp;q=80&amp;f=avif 512w, /_image?/content%2Fassets%2Fstills%2Fthe-man-with-nine-lives-1940.png%3ForigWidth%3D2000%26origHeight%3D1125%26origFormat%3Dpng&amp;w=1024&amp;q=80&amp;f=avif 1024w" src="/_image?/content%2Fassets%2Fstills%2Fthe-man-with-nine-lives-1940.png%3ForigWidth%3D2000%26origHeight%3D1125%26origFormat%3Dpng&amp;w=512&amp;h=288&amp;q=80&amp;f=avif" alt="A still from The Man with Nine Lives (1940)" loading="lazy" decoding="async" width="512" height="288" sizes="(min-width: 512px) 512px, 100vw" class="aspect-[1.77777778] h-auto rounded-xl"/></a><div class="flex max-w-lg flex-col items-center pt-4 desktop:col-span-5 desktop:col-start-1 desktop:row-start-2 desktop:items-start desktop:place-self-start desktop:pt-0 max:col-start-2 max:row-start-1"><h2 class="text-2.5xl font-bold leading-8"><a href="/reviews/the-man-with-nine-lives-1940/" rel="canonical" class="inline-block text-default">The Man with Nine Lives<!-- --> <span class="inline-block text-base font-light leading-none text-subtle">1940</span></a></h2><div class="spacer-y-4"></div><picture><source srcSet="/svg/2-half-stars-dark.svg" media="(prefers-color-scheme: dark)"/><img src="/svg/2-half-stars.svg" alt="C-: 2.5 stars (out of 5)" height="32" width="160"/></picture><div class="spacer-y-6"></div><p class="text-base font-normal leading-normal tracking-0.25px text-subtle">Directed by <!-- -->Nick Grinde<!-- -->. Starring<!-- --> <!-- -->Boris Karloff, Roger Pryor, Jo Ann Sayers, and Stanley Brown<!-- -->.</p><div class="spacer-y-6"></div><div class="rendered-markdown font-light self-start text-lg leading-normal tracking-0.3px text-muted"><p>Despite Boris Karloff playing a doctor with a secret underground laboratory where he holds six people hostage as unwilling test subjects, <em>The Man with Nine Lives</em> isn’t a mad scientist picture. It’s a drama centered on an ethical dilemma: Would you risk the deaths of six people to save millions? <a data-continue-reading href="/reviews/the-man-with-nine-lives-1940/">Continue reading...</a></p></div></div></article></li><li class="flex even:bg-subtle"><article class="mx-auto flex flex-col items-center px-pageMargin py-10 desktop:grid desktop:w-full desktop:grid-cols-8"><div class="col-span-2 mb-6 text-center text-sm font-light uppercase leading-4 tracking-0.75px text-subtle desktop:mb-0 desktop:pb-6 desktop:text-left desktop:leading-8 max:col-span-1 max:self-start">23 May 2024</div><a rel="canonical" href="/reviews/burial-ground-the-nights-of-terror-1981/" class="still-border block max-w-prose desktop:col-start-4 desktop:col-end-9 desktop:row-span-2 desktop:row-start-1 desktop:mt-10 desktop:self-start desktop:justify-self-end max:row-start-1 max:mt-0"><img srcSet="/_image?/content%2Fassets%2Fstills%2Fburial-ground-the-nights-of-terror-1981.png%3ForigWidth%3D2000%26origHeight%3D1125%26origFormat%3Dpng&amp;w=128&amp;q=80&amp;f=avif 128w, /_image?/content%2Fassets%2Fstills%2Fburial-ground-the-nights-of-terror-1981.png%3ForigWidth%3D2000%26origHeight%3D1125%26origFormat%3Dpng&amp;w=256&amp;q=80&amp;f=avif 256w, /_image?/content%2Fassets%2Fstills%2Fburial-ground-the-nights-of-terror-1981.png%3ForigWidth%3D2000%26origHeight%3D1125%26origFormat%3Dpng&amp;w=512&amp;q=80&amp;f=avif 512w, /_image?/content%2Fassets%2Fstills%2Fburial-ground-the-nights-of-terror-1981.png%3ForigWidth%3D2000%26origHeight%3D1125%26origFormat%3Dpng&amp;w=1024&amp;q=80&amp;f=avif 1024w" src="/_image?/content%2Fassets%2Fstills%2Fburial-ground-the-nights-of-terror-1981.png%3ForigWidth%3D2000%26origHeight%3D1125%26origFormat%3Dpng&amp;w=512&amp;h=288&amp;q=80&amp;f=avif" alt="A still from Burial Ground: The Nights of Terror (1981)" loading="lazy" decoding="async" width="512" height="288" sizes="(min-width: 512px) 512px, 100vw" class="aspect-[1.77777778] h-auto rounded-xl"/></a><div class="flex max-w-lg flex-col items-center pt-4 desktop:col-span-5 desktop:col-start-1 desktop:row-start-2 desktop:items-start desktop:place-self-start desktop:pt-0 max:col-start-2 max:row-start-1"><h2 class="text-2.5xl font-bold leading-8"><a href="/reviews/burial-ground-the-nights-of-terror-1981/" rel="canonical" class="inline-block text-default">Burial Ground: The Nights of Terror<!-- --> <span class="inline-block text-base font-light leading-none text-subtle">1981</span></a></h2><div class="spacer-y-4"></div><picture><source srcSet="/svg/3-stars-dark.svg" media="(prefers-color-scheme: dark)"/><img src="/svg/3-stars.svg" alt="C: 3 stars (out of 5)" height="32" width="160"/></picture><div class="spacer-y-6"></div><p class="text-base font-normal leading-normal tracking-0.25px text-subtle">Directed by <!-- -->Andrea Bianchi<!-- -->. Starring<!-- --> <!-- -->Karin Well, Gianluigi Chirizzi, Simone Mattioli, and Antonella Antinori<!-- -->.</p><div class="spacer-y-6"></div><div class="rendered-markdown font-light self-start text-lg leading-normal tracking-0.3px text-muted"><p>Teamwork wins. That’s the takeaway from <em>Burial Ground</em>, an Italian zombie horror that packs just enough originality to set itself above the mass of <em>Zombie</em> knock-offs. <a data-continue-reading href="/reviews/burial-ground-the-nights-of-terror-1981/">Continue reading...</a></p></div></div></article></li><li class="flex even:bg-subtle"><article class="mx-auto flex flex-col items-center px-pageMargin py-10 desktop:grid desktop:w-full desktop:grid-cols-8"><div class="col-span-2 mb-6 text-center text-sm font-light uppercase leading-4 tracking-0.75px text-subtle desktop:mb-0 desktop:pb-6 desktop:text-left desktop:leading-8 max:col-span-1 max:self-start">15 May 2024</div><a rel="canonical" href="/reviews/lucifers-women-1974/" class="still-border block max-w-prose desktop:col-start-4 desktop:col-end-9 desktop:row-span-2 desktop:row-start-1 desktop:mt-10 desktop:self-start desktop:justify-self-end max:row-start-1 max:mt-0"><img srcSet="/_image?/content%2Fassets%2Fstills%2Flucifers-women-1974.png%3ForigWidth%3D2000%26origHeight%3D1125%26origFormat%3Dpng&amp;w=128&amp;q=80&amp;f=avif 128w, /_image?/content%2Fassets%2Fstills%2Flucifers-women-1974.png%3ForigWidth%3D2000%26origHeight%3D1125%26origFormat%3Dpng&amp;w=256&amp;q=80&amp;f=avif 256w, /_image?/content%2Fassets%2Fstills%2Flucifers-women-1974.png%3ForigWidth%3D2000%26origHeight%3D1125%26origFormat%3Dpng&amp;w=512&amp;q=80&amp;f=avif 512w, /_image?/content%2Fassets%2Fstills%2Flucifers-women-1974.png%3ForigWidth%3D2000%26origHeight%3D1125%26origFormat%3Dpng&amp;w=1024&amp;q=80&amp;f=avif 1024w" src="/_image?/content%2Fassets%2Fstills%2Flucifers-women-1974.png%3ForigWidth%3D2000%26origHeight%3D1125%26origFormat%3Dpng&amp;w=512&amp;h=288&amp;q=80&amp;f=avif" alt="A still from Lucifer&#x27;s Women (1974)" loading="lazy" decoding="async" width="512" height="288" sizes="(min-width: 512px) 512px, 100vw" class="aspect-[1.77777778] h-auto rounded-xl"/></a><div class="flex max-w-lg flex-col items-center pt-4 desktop:col-span-5 desktop:col-start-1 desktop:row-start-2 desktop:items-start desktop:place-self-start desktop:pt-0 max:col-start-2 max:row-start-1"><h2 class="text-2.5xl font-bold leading-8"><a href="/reviews/lucifers-women-1974/" rel="canonical" class="inline-block text-default">Lucifer&#x27;s Women<!-- --> <span class="inline-block text-base font-light leading-none text-subtle">1974</span></a></h2><div class="spacer-y-4"></div><picture><source srcSet="/svg/2-stars-dark.svg" media="(prefers-color-scheme: dark)"/><img src="/svg/2-stars.svg" alt="D: 2 stars (out of 5)" height="32" width="160"/></picture><div class="spacer-y-6"></div><p class="text-base font-normal leading-normal tracking-0.25px text-subtle">Directed by <!-- -->Paul Aratow<!-- -->. Starring<!-- --> <!-- -->Larry Hankin, Jane Brunel-Cohen, Norman Pierce, and Paul Thomas<!-- -->.</p><div class="spacer-y-6"></div><div class="rendered-markdown font-light self-start text-lg leading-normal tracking-0.3px text-muted"><p>I watched <em>Lucifer’s Women</em> after seeing the trailer during Alamo Drafthouse’s <em>Railway to Hell</em> marathon. The trailer paints it as a satanic shocker, but it proves more of a sleazy riff on the Svengali story. <a data-continue-reading href="/reviews/lucifers-women-1974/">Continue reading...</a></p></div></div></article></li><li class="flex even:bg-subtle"><article class="mx-auto flex flex-col items-center px-pageMargin py-10 desktop:grid desktop:w-full desktop:grid-cols-8"><div class="col-span-2 mb-6 text-center text-sm font-light uppercase leading-4 tracking-0.75px text-subtle desktop:mb-0 desktop:pb-6 desktop:text-left desktop:leading-8 max:col-span-1 max:self-start">27 Apr 2024</div><a rel="canonical" href="/reviews/beyond-the-door-iii-1989/" class="still-border block max-w-prose desktop:col-start-4 desktop:col-end-9 desktop:row-span-2 desktop:row-start-1 desktop:mt-10 desktop:self-start desktop:justify-self-end max:row-start-1 max:mt-0"><img srcSet="/_image?/content%2Fassets%2Fstills%2Fbeyond-the-door-iii-1989.png%3ForigWidth%3D2000%26origHeight%3D1125%26origFormat%3Dpng&amp;w=128&amp;q=80&amp;f=avif 128w, /_image?/content%2Fassets%2Fstills%2Fbeyond-the-door-iii-1989.png%3ForigWidth%3D2000%26origHeight%3D1125%26origFormat%3Dpng&amp;w=256&amp;q=80&amp;f=avif 256w, /_image?/content%2Fassets%2Fstills%2Fbeyond-the-door-iii-1989.png%3ForigWidth%3D2000%26origHeight%3D1125%26origFormat%3Dpng&amp;w=512&amp;q=80&amp;f=avif 512w, /_image?/content%2Fassets%2Fstills%2Fbeyond-the-door-iii-1989.png%3ForigWidth%3D2000%26origHeight%3D1125%26origFormat%3Dpng&amp;w=1024&amp;q=80&amp;f=avif 1024w" src="/_image?/content%2Fassets%2Fstills%2Fbeyond-the-door-iii-1989.png%3ForigWidth%3D2000%26origHeight%3D1125%26origFormat%3Dpng&amp;w=512&amp;h=288&amp;q=80&amp;f=avif" alt="A still from Beyond the Door III (1989)" loading="lazy" decoding="async" width="512" height="288" sizes="(min-width: 512px) 512px, 100vw" class="aspect-[1.77777778] h-auto rounded-xl"/></a><div class="flex max-w-lg flex-col items-center pt-4 desktop:col-span-5 desktop:col-start-1 desktop:row-start-2 desktop:items-start desktop:place-self-start desktop:pt-0 max:col-start-2 max:row-start-1"><h2 class="text-2.5xl font-bold leading-8"><a href="/reviews/beyond-the-door-iii-1989/" rel="canonical" class="inline-block text-default">Beyond the Door III<!-- --> <span class="inline-block text-base font-light leading-none text-subtle">1989</span></a></h2><div class="spacer-y-4"></div><picture><source srcSet="/svg/3-half-stars-dark.svg" media="(prefers-color-scheme: dark)"/><img src="/svg/3-half-stars.svg" alt="B-: 3.5 stars (out of 5)" height="32" width="160"/></picture><div class="spacer-y-6"></div><p class="text-base font-normal leading-normal tracking-0.25px text-subtle">Directed by <!-- -->Jeff Kwitny<!-- -->. Starring<!-- --> <!-- -->Mary Kohnert, Bo Svenson, Victoria Zinny, and Savina Gersak<!-- -->.</p><div class="spacer-y-6"></div><div class="rendered-markdown font-light self-start text-lg leading-normal tracking-0.3px text-muted"><p>Bonkers in the best way possible. <a data-continue-reading href="/reviews/beyond-the-door-iii-1989/">Continue reading...</a></p></div></div></article></li><li class="flex even:bg-subtle"><article class="mx-auto flex flex-col items-center px-pageMargin py-10 desktop:grid desktop:w-full desktop:grid-cols-8"><div class="col-span-2 mb-6 text-center text-sm font-light uppercase leading-4 tracking-0.75px text-subtle desktop:mb-0 desktop:pb-6 desktop:text-left desktop:leading-8 max:col-span-1 max:self-start">27 Apr 2024</div><a rel="canonical" href="/reviews/the-midnight-meat-train-2008/" class="still-border block max-w-prose desktop:col-start-4 desktop:col-end-9 desktop:row-span-2 desktop:row-start-1 desktop:mt-10 desktop:self-start desktop:justify-self-end max:row-start-1 max:mt-0"><img srcSet="/_image?/content%2Fassets%2Fstills%2Fthe-midnight-meat-train-2008.png%3ForigWidth%3D2000%26origHeight%3D1125%26origFormat%3Dpng&amp;w=128&amp;q=80&amp;f=avif 128w, /_image?/content%2Fassets%2Fstills%2Fthe-midnight-meat-train-2008.png%3ForigWidth%3D2000%26origHeight%3D1125%26origFormat%3Dpng&amp;w=256&amp;q=80&amp;f=avif 256w, /_image?/content%2Fassets%2Fstills%2Fthe-midnight-meat-train-2008.png%3ForigWidth%3D2000%26origHeight%3D1125%26origFormat%3Dpng&amp;w=512&amp;q=80&amp;f=avif 512w, /_image?/content%2Fassets%2Fstills%2Fthe-midnight-meat-train-2008.png%3ForigWidth%3D2000%26origHeight%3D1125%26origFormat%3Dpng&amp;w=1024&amp;q=80&amp;f=avif 1024w" src="/_image?/content%2Fassets%2Fstills%2Fthe-midnight-meat-train-2008.png%3ForigWidth%3D2000%26origHeight%3D1125%26origFormat%3Dpng&amp;w=512&amp;h=288&amp;q=80&amp;f=avif" alt="A still from The Midnight Meat Train (2008)" loading="lazy" decoding="async" width="512" height="288" sizes="(min-width: 512px) 512px, 100vw" class="aspect-[1.77777778] h-auto rounded-xl"/></a><div class="flex max-w-lg flex-col items-center pt-4 desktop:col-span-5 desktop:col-start-1 desktop:row-start-2 desktop:items-start desktop:place-self-start desktop:pt-0 max:col-start-2 max:row-start-1"><h2 class="text-2.5xl font-bold leading-8"><a href="/reviews/the-midnight-meat-train-2008/" rel="canonical" class="inline-block text-default">The Midnight Meat Train<!-- --> <span class="inline-block text-base font-light leading-none text-subtle">2008</span></a></h2><div class="spacer-y-4"></div><picture><source srcSet="/svg/2-stars-dark.svg" media="(prefers-color-scheme: dark)"/><img src="/svg/2-stars.svg" alt="D: 2 stars (out of 5)" height="32" width="160"/></picture><div class="spacer-y-6"></div><p class="text-base font-normal leading-normal tracking-0.25px text-subtle">Directed by <!-- -->Ryûhei Kitamura<!-- -->. Starring<!-- --> <!-- -->Bradley Cooper, Leslie Bibb, Brooke Shields, and Vinnie Jones<!-- -->.</p><div class="spacer-y-6"></div><div class="rendered-markdown font-light self-start text-lg leading-normal tracking-0.3px text-muted"><p>Sometimes, frustrating films are worse than bad ones. Such is the case with <em>The Midnight Meat Train</em>. <a data-continue-reading href="/reviews/the-midnight-meat-train-2008/">Continue reading...</a></p></div></div></article></li><li class="flex even:bg-subtle"><article class="mx-auto flex flex-col items-center px-pageMargin py-10 desktop:grid desktop:w-full desktop:grid-cols-8"><div class="col-span-2 mb-6 text-center text-sm font-light uppercase leading-4 tracking-0.75px text-subtle desktop:mb-0 desktop:pb-6 desktop:text-left desktop:leading-8 max:col-span-1 max:self-start">27 Apr 2024</div><a rel="canonical" href="/reviews/horror-express-1972/" class="still-border block max-w-prose desktop:col-start-4 desktop:col-end-9 desktop:row-span-2 desktop:row-start-1 desktop:mt-10 desktop:self-start desktop:justify-self-end max:row-start-1 max:mt-0"><img srcSet="/_image?/content%2Fassets%2Fstills%2Fhorror-express-1972.png%3ForigWidth%3D2000%26origHeight%3D1125%26origFormat%3Dpng&amp;w=128&amp;q=80&amp;f=avif 128w, /_image?/content%2Fassets%2Fstills%2Fhorror-express-1972.png%3ForigWidth%3D2000%26origHeight%3D1125%26origFormat%3Dpng&amp;w=256&amp;q=80&amp;f=avif 256w, /_image?/content%2Fassets%2Fstills%2Fhorror-express-1972.png%3ForigWidth%3D2000%26origHeight%3D1125%26origFormat%3Dpng&amp;w=512&amp;q=80&amp;f=avif 512w, /_image?/content%2Fassets%2Fstills%2Fhorror-express-1972.png%3ForigWidth%3D2000%26origHeight%3D1125%26origFormat%3Dpng&amp;w=1024&amp;q=80&amp;f=avif 1024w" src="/_image?/content%2Fassets%2Fstills%2Fhorror-express-1972.png%3ForigWidth%3D2000%26origHeight%3D1125%26origFormat%3Dpng&amp;w=512&amp;h=288&amp;q=80&amp;f=avif" alt="A still from Horror Express (1972)" loading="lazy" decoding="async" width="512" height="288" sizes="(min-width: 512px) 512px, 100vw" class="aspect-[1.77777778] h-auto rounded-xl"/></a><div class="flex max-w-lg flex-col items-center pt-4 desktop:col-span-5 desktop:col-start-1 desktop:row-start-2 desktop:items-start desktop:place-self-start desktop:pt-0 max:col-start-2 max:row-start-1"><h2 class="text-2.5xl font-bold leading-8"><a href="/reviews/horror-express-1972/" rel="canonical" class="inline-block text-default">Horror Express<!-- --> <span class="inline-block text-base font-light leading-none text-subtle">1972</span></a></h2><div class="spacer-y-4"></div><picture><source srcSet="/svg/2-stars-dark.svg" media="(prefers-color-scheme: dark)"/><img src="/svg/2-stars.svg" alt="D+: 2 stars (out of 5)" height="32" width="160"/></picture><div class="spacer-y-6"></div><p class="text-base font-normal leading-normal tracking-0.25px text-subtle">Directed by <!-- -->Eugenio Martín<!-- -->. Starring<!-- --> <!-- -->Christopher Lee, Peter Cushing, Alberto de Mendoza, and Telly Savalas<!-- -->.</p><div class="spacer-y-6"></div><div class="rendered-markdown font-light self-start text-lg leading-normal tracking-0.3px text-muted"><p><em>Horror Express</em> may be flawed, but the production, performances, and novelty of genre icons Peter Cushing and Christopher Lee working as allies make it hard to resist. <a data-continue-reading href="/reviews/horror-express-1972/">Continue reading...</a></p></div></div></article></li><li class="flex even:bg-subtle"><article class="mx-auto flex flex-col items-center px-pageMargin py-10 desktop:grid desktop:w-full desktop:grid-cols-8"><div class="col-span-2 mb-6 text-center text-sm font-light uppercase leading-4 tracking-0.75px text-subtle desktop:mb-0 desktop:pb-6 desktop:text-left desktop:leading-8 max:col-span-1 max:self-start">27 Apr 2024</div><a rel="canonical" href="/reviews/night-train-to-terror-1985/" class="still-border block max-w-prose desktop:col-start-4 desktop:col-end-9 desktop:row-span-2 desktop:row-start-1 desktop:mt-10 desktop:self-start desktop:justify-self-end max:row-start-1 max:mt-0"><img srcSet="/_image?/content%2Fassets%2Fstills%2Fnight-train-to-terror-1985.png%3ForigWidth%3D2000%26origHeight%3D1125%26origFormat%3Dpng&amp;w=128&amp;q=80&amp;f=avif 128w, /_image?/content%2Fassets%2Fstills%2Fnight-train-to-terror-1985.png%3ForigWidth%3D2000%26origHeight%3D1125%26origFormat%3Dpng&amp;w=256&amp;q=80&amp;f=avif 256w, /_image?/content%2Fassets%2Fstills%2Fnight-train-to-terror-1985.png%3ForigWidth%3D2000%26origHeight%3D1125%26origFormat%3Dpng&amp;w=512&amp;q=80&amp;f=avif 512w, /_image?/content%2Fassets%2Fstills%2Fnight-train-to-terror-1985.png%3ForigWidth%3D2000%26origHeight%3D1125%26origFormat%3Dpng&amp;w=1024&amp;q=80&amp;f=avif 1024w" src="/_image?/content%2Fassets%2Fstills%2Fnight-train-to-terror-1985.png%3ForigWidth%3D2000%26origHeight%3D1125%26origFormat%3Dpng&amp;w=512&amp;h=288&amp;q=80&amp;f=avif" alt="A still from Night Train to Terror (1985)" loading="lazy" decoding="async" width="512" height="288" sizes="(min-width: 512px) 512px, 100vw" class="aspect-[1.77777778] h-auto rounded-xl"/></a><div class="flex max-w-lg flex-col items-center pt-4 desktop:col-span-5 desktop:col-start-1 desktop:row-start-2 desktop:items-start desktop:place-self-start desktop:pt-0 max:col-start-2 max:row-start-1"><h2 class="text-2.5xl font-bold leading-8"><a href="/reviews/night-train-to-terror-1985/" rel="canonical" class="inline-block text-default">Night Train to Terror<!-- --> <span class="inline-block text-base font-light leading-none text-subtle">1985</span></a></h2><div class="spacer-y-4"></div><picture><source srcSet="/svg/3-stars-dark.svg" media="(prefers-color-scheme: dark)"/><img src="/svg/3-stars.svg" alt="C: 3 stars (out of 5)" height="32" width="160"/></picture><div class="spacer-y-6"></div><p class="text-base font-normal leading-normal tracking-0.25px text-subtle">Directed by <!-- -->John Carr, Phillip Marshak, Tom McGowan, Jay Schlossberg-Cohen, and Gregg G. Tallas<!-- -->. Starring<!-- --> <!-- -->Barbara Wyler, Jamie Scoggin, Stacey Lyons, and Linda Maderas<!-- -->.</p><div class="spacer-y-6"></div><div class="rendered-markdown font-light self-start text-lg leading-normal tracking-0.3px text-muted"><p>For an anthology comprising three unrelated low-budget horror features cut to half or a third of their running time and book-ended by God and Satan riding a train to Las Vegas with an 80s teen pop-rock band, <em>Night Train to Terror</em> is better than you’d expect. <a data-continue-reading href="/reviews/night-train-to-terror-1985/">Continue reading...</a></p></div></div></article></li><li class="flex even:bg-subtle"><article class="mx-auto flex flex-col items-center px-pageMargin py-10 desktop:grid desktop:w-full desktop:grid-cols-8"><div class="col-span-2 mb-6 text-center text-sm font-light uppercase leading-4 tracking-0.75px text-subtle desktop:mb-0 desktop:pb-6 desktop:text-left desktop:leading-8 max:col-span-1 max:self-start">24 Apr 2024</div><a rel="canonical" href="/reviews/human-lanterns-1982/" class="still-border block max-w-prose desktop:col-start-4 desktop:col-end-9 desktop:row-span-2 desktop:row-start-1 desktop:mt-10 desktop:self-start desktop:justify-self-end max:row-start-1 max:mt-0"><img srcSet="/_image?/content%2Fassets%2Fstills%2Fhuman-lanterns-1982.png%3ForigWidth%3D2000%26origHeight%3D1125%26origFormat%3Dpng&amp;w=128&amp;q=80&amp;f=avif 128w, /_image?/content%2Fassets%2Fstills%2Fhuman-lanterns-1982.png%3ForigWidth%3D2000%26origHeight%3D1125%26origFormat%3Dpng&amp;w=256&amp;q=80&amp;f=avif 256w, /_image?/content%2Fassets%2Fstills%2Fhuman-lanterns-1982.png%3ForigWidth%3D2000%26origHeight%3D1125%26origFormat%3Dpng&amp;w=512&amp;q=80&amp;f=avif 512w, /_image?/content%2Fassets%2Fstills%2Fhuman-lanterns-1982.png%3ForigWidth%3D2000%26origHeight%3D1125%26origFormat%3Dpng&amp;w=1024&amp;q=80&amp;f=avif 1024w" src="/_image?/content%2Fassets%2Fstills%2Fhuman-lanterns-1982.png%3ForigWidth%3D2000%26origHeight%3D1125%26origFormat%3Dpng&amp;w=512&amp;h=288&amp;q=80&amp;f=avif" alt="A still from Human Lanterns (1982)" loading="lazy" decoding="async" width="512" height="288" sizes="(min-width: 512px) 512px, 100vw" class="aspect-[1.77777778] h-auto rounded-xl"/></a><div class="flex max-w-lg flex-col items-center pt-4 desktop:col-span-5 desktop:col-start-1 desktop:row-start-2 desktop:items-start desktop:place-self-start desktop:pt-0 max:col-start-2 max:row-start-1"><h2 class="text-2.5xl font-bold leading-8"><a href="/reviews/human-lanterns-1982/" rel="canonical" class="inline-block text-default">Human Lanterns<!-- --> <span class="inline-block text-base font-light leading-none text-subtle">1982</span></a></h2><div class="spacer-y-4"></div><picture><source srcSet="/svg/3-stars-dark.svg" media="(prefers-color-scheme: dark)"/><img src="/svg/3-stars.svg" alt="C: 3 stars (out of 5)" height="32" width="160"/></picture><div class="spacer-y-6"></div><p class="text-base font-normal leading-normal tracking-0.25px text-subtle">Directed by <!-- -->Chung Sun<!-- -->. Starring<!-- --> <!-- -->Tony Liu, Kuan Tai Chen, Lieh Lo, and Ni Tien<!-- -->.</p><div class="spacer-y-6"></div><div class="rendered-markdown font-light self-start text-lg leading-normal tracking-0.3px text-muted"><p><em>Human Lanterns</em> may not be a great martial arts movie or a great horror movie, but it proves an intriguing bridge for Shaw Brothers productions. A transitional piece between the straightforward kung-fu actioners like <em>The Five Deadly Venoms</em> that launched the studio to worldwide recognition, and the more overt horrors like <em>The Boxer’s Omen</em> that saw the studio trying to adjust to changing audience tastes. <a data-continue-reading href="/reviews/human-lanterns-1982/">Continue reading...</a></p></div></div></article></li></ol><a href="/reviews/" class="flex justify-end px-pageMargin py-10 text-lg text-accent">All Reviews →</a></main>  </div><footer class="flex flex-col items-center gap-y-6 bg-notcomingsoon px-pageMargin py-8 text-inverse"><ul class="flex w-full flex-wrap justify-center gap-x-4 gap-y-2 text-inverse tablet:gap-x-6 max:w-auto"><li class="block whitespace-nowrap tracking-0.5px"><a class="text-inverse" href="/">Home</a></li><li class="block whitespace-nowrap tracking-0.5px"><a class="text-inherit" href="/how-i-grade/">How I Grade</a></li><li class="block whitespace-nowrap tracking-0.5px"><a class="text-inherit" href="/reviews/">Reviews</a></li><li class="block whitespace-nowrap tracking-0.5px"><a class="text-inherit" href="/viewings/">Viewing Log</a></li><li class="block whitespace-nowrap tracking-0.5px"><a class="text-inherit" href="/cast-and-crew/">Cast &amp; Crew</a></li><li class="block whitespace-nowrap tracking-0.5px"><a class="text-inherit" href="/collections/">Collections</a></li><li class="block whitespace-nowrap tracking-0.5px"><a class="text-inherit" href="/watchlist/">Watchlist</a></li></ul><p class="text-sm font-light leading-4">All stills used in accordance with the<!-- --> <a href="http://www.copyright.gov/title17/92chap1.html#107" class="text-inherit">Fair Use Law.</a></p><a href="#top" class="sr-only">To the top ↑</a></footer></div></div> </html>