<!DOCTYPE html><html lang="en"> <head><meta charset="UTF-8"><meta name="description" content="Astro description"><meta name="viewport" content="width=device-width"><link rel="icon" href="/favicon.ico" sizes="48x48"><link rel="icon" href="/favicon.svg" sizes="any" type="image/svg+xml"><link rel="apple-touch-icon" href="/apple-touch-icon.png"><link rel="manifest" href="/site.webmanifest"><meta name="description" content="&#38;#9733;&#38;#9733;&#38;#9733;&#38;#189; Don’t let the title fool you. Director and co-writer Frank Henenlotter’s story of a man’s misguided attempt to reanimate his deceased fiancée by attaching her severed head to a sex worker’s body sports a surprising streak of feminist and trans-positive satire beneath its gory black comedy. Spoilers follow.
"><meta name="og:image" content="/_image?/content%2Fassets%2Fstills%2Ffrankenhooker-1990.png%3ForigWidth%3D2000%26origHeight%3D1125%26origFormat%3Dpng&#38;w=1200&#38;h=675&#38;q=80&#38;f=jpeg"><meta property="og:url" content="https://www.franksmovielog.com//"><meta property="og:type" content="article"><meta property="og:title" content="Frankenhooker (1990)"><meta property="og:description" content="&#38;#9733;&#38;#9733;&#38;#9733;&#38;#189; Don’t let the title fool you. Director and co-writer Frank Henenlotter’s story of a man’s misguided attempt to reanimate his deceased fiancée by attaching her severed head to a sex worker’s body sports a surprising streak of feminist and trans-positive satire beneath its gory black comedy. Spoilers follow.
"><title>Frankenhooker (1990) | Frank&#39;s Movie Log</title></head>  <div><a href="#content" class="translate-skip-to-content absolute left-1/2 top-0.5 z-50 mx-auto bg-subtle px-6 py-2 text-center text-accent">Skip to content</a><div class="image-filter mx-auto min-h-4 w-full max-w-canvas bg-notcomingsoon desktop:sticky desktop:top-0 desktop:z-40"></div><div class="mx-auto flex min-h-full max-w-canvas flex-col bg-default"><header class="border-bottom flex flex-col items-center gap-6 bg-default px-pageMargin py-6 text-center desktop:sticky desktop:top-4 desktop:z-40 desktop:flex-row desktop:flex-wrap desktop:justify-between desktop:py-8 desktop:text-left"><div class="items-inherit justify-items-inherit flex flex-col"><h1 class="whitespace-nowrap font-normal leading-8" style="font-size:1.5625rem"><a class="text-default" href="/">Frank&#x27;s Movie Log</a></h1><p class="w-full text-sm italic leading-4 text-muted desktop:pl-px">My life at the movies.</p></div><div class="w-full max-w-prose desktop:w-auto max:order-4"><form action="https://www.google.com/search" accept-charset="UTF-8" method="get" role="search" class="border-all w-full max-w-prose overflow-hidden rounded"><label for="search" class="flex overflow-hidden"><span class="sr-only">Search</span><input type="text" name="q" id="search" placeholder="Search..." class="min-w-0 grow border-0 bg-subtle px-4 py-2 text-base font-light leading-6 text-default"/><input type="hidden" name="q" value="site:www.franksmovielog.com"/><button type="submit" value="Search" aria-label="Search" class="border-0 border-l border-default bg-subtle px-3 py-1"><svg class="size-4 fill-subtle" viewBox="0 0 16 16"><path fill-rule="evenodd" d="M10.442 10.442a1 1 0 011.415 0l3.85 3.85a1 1 0 01-1.414 1.415l-3.85-3.85a1 1 0 010-1.415z"></path><path fill-rule="evenodd" d="M6.5 12a5.5 5.5 0 100-11 5.5 5.5 0 000 11zM13 6.5a6.5 6.5 0 11-13 0 6.5 6.5 0 0113 0z"></path></svg></button></label></form></div><nav class="w-full max:w-auto"><ul class="flex flex-wrap justify-center gap-x-4 gap-y-2 text-accent tablet:gap-x-6 desktop:justify-start"><li class="block whitespace-nowrap tracking-0.5px"><a class="text-muted" href="/">Home</a></li><li class="block whitespace-nowrap tracking-0.5px"><a class="text-inherit" href="/how-i-grade/">How I Grade</a></li><li class="block whitespace-nowrap tracking-0.5px"><a class="text-inherit" href="/reviews/">Reviews</a></li><li class="block whitespace-nowrap tracking-0.5px"><a class="text-inherit" href="/viewings/">Viewing Log</a></li><li class="block whitespace-nowrap tracking-0.5px"><a class="text-inherit" href="/cast-and-crew/">Cast &amp; Crew</a></li><li class="block whitespace-nowrap tracking-0.5px"><a class="text-inherit" href="/collections/">Collections</a></li><li class="block whitespace-nowrap tracking-0.5px"><a class="text-inherit" href="/watchlist/">Watchlist</a></li></ul></nav></header><div class="grow" id="content">  <main id="top" class="scroll-margin-top flex flex-col items-center"><header class="flex flex-col gap-y-4 px-pageMargin py-6 text-center desktop:py-8"><h1 class="text-[2rem] font-normal leading-none desktop:text-[2.25rem]">Frankenhooker</h1><div class="text-muted">1990<!-- --> <span>|</span> <!-- -->United States<!-- --> <span>|</span> <!-- -->85<!-- --> min<!-- --> <span><span>|</span> <a href="#credits">More...</a></span></div></header><img srcSet="/_image?/content%2Fassets%2Fstills%2Ffrankenhooker-1990.png%3ForigWidth%3D2000%26origHeight%3D1125%26origFormat%3Dpng&amp;w=240&amp;q=80&amp;f=avif 240w, /_image?/content%2Fassets%2Fstills%2Ffrankenhooker-1990.png%3ForigWidth%3D2000%26origHeight%3D1125%26origFormat%3Dpng&amp;w=480&amp;q=80&amp;f=avif 480w, /_image?/content%2Fassets%2Fstills%2Ffrankenhooker-1990.png%3ForigWidth%3D2000%26origHeight%3D1125%26origFormat%3Dpng&amp;w=960&amp;q=80&amp;f=avif 960w, /_image?/content%2Fassets%2Fstills%2Ffrankenhooker-1990.png%3ForigWidth%3D2000%26origHeight%3D1125%26origFormat%3Dpng&amp;w=1920&amp;q=80&amp;f=avif 1920w" src="/_image?/content%2Fassets%2Fstills%2Ffrankenhooker-1990.png%3ForigWidth%3D2000%26origHeight%3D1125%26origFormat%3Dpng&amp;w=960&amp;h=540&amp;q=80&amp;f=avif" alt="A still from Frankenhooker (1990)" loading="eager" decoding="sync" width="960" height="540" sizes="(min-width: 960px) 960px, 100vw" class="aspect-[1.77777778] mb-[5.33px]"/><div class="h-6 min-h-6 tablet:h-8 tablet:min-h-8"></div><div class="flex flex-col gap-y-8 items-center px-pageMargin"><div class="flex flex-col items-center"><picture><source srcSet="/svg/3-half-stars-dark.svg" media="(prefers-color-scheme: dark)"/><img src="/svg/3-half-stars.svg" alt="B-: 3.5 stars (out of 5)" height="32" width="160"/></picture><div class="flex flex-col items-center tracking-0.5px text-subtle"><span>on</span> <!-- -->Thu, Feb 29, 2024</div></div><div class="rendered-markdown font-light text-md/7 tracking-0.3px tablet:text-xl/8 max-w-prose"><p>Don’t let the title fool you. Director and co-writer Frank Henenlotter’s story of a man’s misguided attempt to reanimate his deceased fiancée by attaching her severed head to a sex worker’s body sports a surprising streak of feminist and trans-positive satire beneath its gory black comedy. <strong>Spoilers follow</strong>.</p>
<!-- end -->
<p>In a performance evoking Andrew McCarthy by way of New Jersey, James Lorinz, plays Jeffrey, a utility worker with a side interest in bioelectrical engineering. He opens the film at a party at his future in-laws. While his fiancée, Elizabeth, mingles with the guests outside, Jeffrey sits at the kitchen table fiddling with a brain attached to a makeshift electrical apparatus wired into a camcorder. Jeffrey has attached a lone eyeball to the brain’s center and can track its vision on a small television via camcorder.</p>
<p>Jeffrey’s imploring the eye to follow his hand. When it doesn’t respond, he plunges a scalpel into the brain, as if to depress a button. The act carries less a sense of malice than frustration at a failing experiment. To his delight, the scalpel seems to work, and the eye begins tracking his hand. Then Elizabeth’s mother interrupts, oblivious to the macabre experiment. and asks him to please pass the ketchup.</p>
<p>We follow Elizabeth’s mother outside, where she chides Elizabeth to “ease up on the pretzels.” Later, Elizabeth explains to a friend all the efforts she’s made to lose weight, saying: “Oh, heck. I’ve tried it all and nothing works. I’ve tried liquid diet, seafood diets, vegetable diets, fruit diets, pills, powders, Weight Watchers, and clinics. I even had Jeffrey staple my stomach and nothing helps.”</p>
<p>Elizabeth, played by Patty Mullen, proves attractive, despite the frumpy, floor length dress that conceals a figure bulging with odd curves like a perverse bodybuilder.</p>
<p>Later in the party, Elizabeth falls victim to a gruesome lawnmower accident, setting up the film as a collision course between Jeffrey’s interest in bioengineering and our societal insistence women adhere to unattainable physical standards.</p>
<p>After the opening credits, a distraught Jeffrey confesses his growing concerns over his mental health to his mother, saying “I feel like sometimes I’m plunging headfirst into some kind of black void of sheer utter madness.” Jeffrey’s mother responds with a blank face, asking, “Do you want a sandwich?”</p>
<p>Another memorable scene comes when Jeffrey brainstorms ways to acquire the body parts necessary to reconstruct Elizabeth. Frustrated by his lack of ideas, he produces a power-drill, identifies a segment of his brain, and drills. This produces a jolt of inspiration. Not satisfied, he drills again and arrives on the idea of preying on sex workers.</p>
<p>After identifying his victims, Jeffrey needs a way to murder them. On the television, a Morton Downey Jr.-like talk-show host disparages his guest, a sex worker promoting a program called “Hold On to Our Knowledge of Equal Rights”, or H.O.O.K.E.R.</p>
<p>“Don’t laugh, she’s right!”, says Jeffrey as the show shifts to guerilla-style footage capturing a muscle-bound pimp demanding money from a sex worker. The camera moves, revealing the worker as Elizabeth, prompting Jeffrey to shriek in horror at his hallucination. “All right, take it easy now,” he tells himself. “You gotta do the drill. You do the drill and you’re gonna feel much better now.”</p>
<p>A little self-trepanation later and Jeffrey’s rationalizing his plan to create a fatal form of super-crack. “I’m not shooting anyone,” he says. “I’m not stabbing anyone. I’m merely gonna place a lethal form of crack in their presence. They don’t have to take it. Nobody has a gun to their head. If they don’t wanna do it, they can… just say no.”</p>
<p>Soon, Jeffrey’s in a flop-house room with a bevy of sex workers. They think they’re indulging his fetish as Jeffrey, dressed in medical gear complete with a head mirror, inspects their bodies with a magnifying glass. The scene provides ample shots of naked breasts, legs, and buttocks, but Jeffrey’s excitement isn’t one of arousal but of engineering. He’s found the perfect set of parts. Now he just has to pick one girl.</p>
<p>And here shifts to full absurdity. When Jeffrey struggles to choose, the girls get angry and demand their money. Frustrated, Jeffrey tosses them the satchel with the cash, but inside the girls discover a gallon-sized bag full of giant crack rocks. They squeal with excitement. Jeffrey panics with horror.</p>
<p>The mood transforms to raucous party as the girls break out pipes and begin getting high. Jeffrey moves to intervene, but several of the half-naked girls straddle him, pinning him to the bed. “Oh, we need some music,” says another girl, popping in a cassette.</p>
<p>New Wave tunes fill the room. “Oh no, not the devil’s music. Turn it off!” wails Jeffrey.</p>
<p>The party morphs into an orgy as two girls strip and begin making out. Horrified, Jeffrey says, “Just stop that. Your body wasn’t meant to do that!”</p>
<p>Then the super-crack kicks in and the girls begin to explode. The effects are bloodless, akin to a robot exploding. At one point, Henenlotter proffers a point-of-view shot of a dismembered leg flying across the room.</p>
<p>The titular monster doesn’t appear until almost two-thirds into the movie. Patty Mullen’s performance proves memorable, with a convincing physicality to her jerking walk and spastic facial expressions. In an unexpected twist, she emerges not as Elizabeth, but as an amalgam of the deceased sex-workers. She flees Jeffrey and ambles back to their old New York City stomping grounds.</p>
<p>Here the film morphs into an absurdist female empowerment picture. In search of tricks, Mullen asks every passing man “Got any money?” When she encounters the usual demeaning brush-off, her preternatural strength sends men flying. And when she finds an eager client, consummating the transaction electrocutes him.</p>
<p>But Henenlotter saves his best twist for the finale, which sees Jeffrey’s head and mind grafted onto a sex worker’s body. Though some could read this as transphobic—exploiting a cisgender man’s horror of a woman’s body—I found it a subversive way to convey transgender struggles. If cisgender folks can react to the horror of Jeffrey forced to exist with a woman’s body, perhaps they can better understand how transgender folks might feel. Not bad for a movie called <em>Frankenhooker</em>.</p></div></div><div class="spacer-y-20"></div><div class="w-full max-w-popout"><h3 class="border-bottom px-gutter text-md font-normal text-subtle">Viewing History<div class="h-2 min-h-2"></div></h3><ul><li class="flex flex-col px-gutter even:bg-subtle"><div class="flex gap-x-[1ch] py-4"><div class="h-5 w-4"><svg width="1em" height="1em" viewBox="0 0 16 16" class="fill-subtle mr-[1ch] min-h-4 min-w-4 mt-1 w-4" xmlns="http://www.w3.org/2000/svg"><title>Watched on</title><path fill-rule="evenodd" d="M14 2H2a1 1 0 0 0-1 1v11a1 1 0 0 0 1 1h12a1 1 0 0 0 1-1V3a1 1 0 0 0-1-1zM2 1a2 2 0 0 0-2 2v11a2 2 0 0 0 2 2h12a2 2 0 0 0 2-2V3a2 2 0 0 0-2-2H2z"></path><path fill-rule="evenodd" d="M14 2H2a1 1 0 0 0-1 1v1h14V3a1 1 0 0 0-1-1zM2 1a2 2 0 0 0-2 2v2h16V3a2 2 0 0 0-2-2H2z"></path><path fill-rule="evenodd" d="M3.5 0a.5.5 0 0 1 .5.5V1a.5.5 0 0 1-1 0V.5a.5.5 0 0 1 .5-.5zm9 0a.5.5 0 0 1 .5.5V1a.5.5 0 0 1-1 0V.5a.5.5 0 0 1 .5-.5z"></path></svg> </div><div class="grow"><span class="inline-block text-default">Tue, Sep 19, 2023</span> <span class="font-light text-muted"><span>via</span> <span>Blu-ray</span></span> <span class="text-sm font-light leading-none text-subtle">(<span class="rendered-markdown font-light text-sm leading-none"><span>Synapse Films, 2011</span></span>)</span> </div></div><div></div></li><li class="flex flex-col px-gutter even:bg-subtle"><div class="flex gap-x-[1ch] py-4"><div class="h-5 w-4"><svg width="1em" height="1em" viewBox="0 0 16 16" class="fill-subtle mr-[1ch] min-h-4 min-w-4 mt-1 w-4" xmlns="http://www.w3.org/2000/svg"><title>Watched on</title><path fill-rule="evenodd" d="M14 2H2a1 1 0 0 0-1 1v11a1 1 0 0 0 1 1h12a1 1 0 0 0 1-1V3a1 1 0 0 0-1-1zM2 1a2 2 0 0 0-2 2v11a2 2 0 0 0 2 2h12a2 2 0 0 0 2-2V3a2 2 0 0 0-2-2H2z"></path><path fill-rule="evenodd" d="M14 2H2a1 1 0 0 0-1 1v1h14V3a1 1 0 0 0-1-1zM2 1a2 2 0 0 0-2 2v2h16V3a2 2 0 0 0-2-2H2z"></path><path fill-rule="evenodd" d="M3.5 0a.5.5 0 0 1 .5.5V1a.5.5 0 0 1-1 0V.5a.5.5 0 0 1 .5-.5zm9 0a.5.5 0 0 1 .5.5V1a.5.5 0 0 1-1 0V.5a.5.5 0 0 1 .5-.5z"></path></svg> </div><div class="grow"><span class="inline-block text-default">Thu, Feb 29, 2024</span> <span class="font-light text-muted"><span>via</span> <span>Blu-ray</span></span> <span class="text-sm font-light leading-none text-subtle">(<span class="rendered-markdown font-light text-sm leading-none"><span>Synapse Films, 2011</span></span>)</span> </div></div><div></div></li></ul></div><div class="spacer-y-32"></div><aside id="credits" class="scroll-margin-top relative bg-subtle px-gutter pb-8 pt-8 tablet:pt-12 w-full max-w-popout"><header class="flex items-center justify-center gap-x-2 pb-6 text-center text-2.5xl">Frankenhooker<!-- --> <span class="text-sm font-light text-subtle">(<!-- -->1990<!-- -->)</span></header><div class="poster-border mx-auto mb-4 mt-0 block size-full max-w-poster tablet:float-left tablet:mx-0 tablet:mr-gutter"><img srcSet="/_image?/content%2Fassets%2Fposters%2Ffrankenhooker-1990.png%3ForigWidth%3D500%26origHeight%3D750%26origFormat%3Dpng&amp;w=62&amp;q=80&amp;f=avif 62w, /_image?/content%2Fassets%2Fposters%2Ffrankenhooker-1990.png%3ForigWidth%3D500%26origHeight%3D750%26origFormat%3Dpng&amp;w=124&amp;q=80&amp;f=avif 124w, /_image?/content%2Fassets%2Fposters%2Ffrankenhooker-1990.png%3ForigWidth%3D500%26origHeight%3D750%26origFormat%3Dpng&amp;w=248&amp;q=80&amp;f=avif 248w, /_image?/content%2Fassets%2Fposters%2Ffrankenhooker-1990.png%3ForigWidth%3D500%26origHeight%3D750%26origFormat%3Dpng&amp;w=496&amp;q=80&amp;f=avif 496w" src="/_image?/content%2Fassets%2Fposters%2Ffrankenhooker-1990.png%3ForigWidth%3D500%26origHeight%3D750%26origFormat%3Dpng&amp;w=248&amp;h=372&amp;q=80&amp;f=avif" alt="A poster from Frankenhooker (1990)" width="248" height="372" sizes="(min-width: 248px) 248px, 100vw" class="aspect-[0.66666667] h-auto rounded-xl" loading="lazy" decoding="async"/></div><dl class="flex flex-col gap-y-4"><div class="overflow-hidden"><dt class="font-bold text-subtle">Financing</dt><dd class="text-subtle">United States</dd></div><div class="overflow-hidden"><dt class="font-bold text-subtle">Running Time</dt><dd class="text-subtle">85 min</dd></div><div class="overflow-hidden"><dt class="font-bold text-subtle">Directed by</dt><dd class="text-subtle"><div>Frank Henenlotter</div></dd></div><div class="overflow-hidden"><dt class="font-bold text-subtle">Written by</dt><dd class="text-subtle"><div>Robert Martin</div><div>Frank Henenlotter</div></dd></div><div class="overflow-hidden"><dt class="font-bold text-subtle">Starring</dt><dd class="text-subtle">James Lorinz, Joanne Ritchie, Patty Mullen, and J.J. Clark</dd></div></dl><div class="h-8 min-h-8"></div><ul class="flex flex-wrap gap-2"></ul><div class="h-8 min-h-8"></div><a href="#top" class="mx-auto flex max-w-1/2 cursor-pointer content-center items-center justify-center rounded-lg p-2 shadow-all shadow-border hover:shadow-border-accent">Back to Top<svg viewBox="0 0 24 24" class="size-6 fill-default"><path d="M7.997 10l3.515-3.79a.672.672 0 0 1 .89-.076l.086.075L16 10 13 10.001V18h-2v-7.999L7.997 10z"></path></svg></a></aside><div class="spacer-y-32"></div><div class="flex flex-col items-center gap-y-12 bg-default tablet:bg-subtle tablet:pb-32 tablet:pt-8 desktop:gap-y-24 w-full max-w-popout tablet:max-w-full"><nav class="relative flex w-full flex-col items-center tablet:w-auto"><div class="border-bottom w-full px-gutter py-2 tablet:py-4 tablet:shadow-none desktop:px-pageMargin desktop:py-4"><span class="font-semibold text-muted">More<!-- --> </span><a href="/reviews/">Reviews</a></div><ul class="w-full tablet:grid tablet:w-auto tablet:grid-cols-[repeat(2,minmax(100px,312px))] tablet:gap-8 tablet:px-gutter desktop:max-w-unset desktop:grid-cols-[repeat(4,1fr)] desktop:px-pageMargin desktop:pt-2"><li class="flow-root w-full px-gutter py-6 even:bg-subtle tablet:grid tablet:max-w-[312px] tablet:grid-rows-[auto_auto_1fr_auto] tablet:gap-y-2 tablet:overflow-hidden tablet:rounded-lg tablet:bg-default tablet:p-0 tablet:pb-8 tablet:shadow-all tablet:shadow-border tablet:even:bg-default"><div class="row-start-1 row-end-1"><a href="/reviews/four-flies-on-grey-velvet-1971/" class="safari-border-radius-fix float-right mb-2 ml-6 block w-[calc(50%_-_12px)] max-w-[312px] overflow-hidden rounded-lg tablet:float-none tablet:m-0 tablet:w-auto tablet:rounded-none"><img srcSet="/_image?/content%2Fassets%2Fstills%2Ffour-flies-on-grey-velvet-1971.png%3ForigWidth%3D2000%26origHeight%3D1125%26origFormat%3Dpng&amp;w=78&amp;q=80&amp;f=avif 78w, /_image?/content%2Fassets%2Fstills%2Ffour-flies-on-grey-velvet-1971.png%3ForigWidth%3D2000%26origHeight%3D1125%26origFormat%3Dpng&amp;w=156&amp;q=80&amp;f=avif 156w, /_image?/content%2Fassets%2Fstills%2Ffour-flies-on-grey-velvet-1971.png%3ForigWidth%3D2000%26origHeight%3D1125%26origFormat%3Dpng&amp;w=312&amp;q=80&amp;f=avif 312w, /_image?/content%2Fassets%2Fstills%2Ffour-flies-on-grey-velvet-1971.png%3ForigWidth%3D2000%26origHeight%3D1125%26origFormat%3Dpng&amp;w=624&amp;q=80&amp;f=avif 624w" src="/_image?/content%2Fassets%2Fstills%2Ffour-flies-on-grey-velvet-1971.png%3ForigWidth%3D2000%26origHeight%3D1125%26origFormat%3Dpng&amp;w=312&amp;h=176&amp;q=80&amp;f=avif" alt="A still from Four Flies on Grey Velvet (1971)" loading="lazy" decoding="async" width="312" height="175.5" sizes="(min-width: 706px) 312px, (min-width: 1280) 25vw, (min-width: 1472px) 312px, 50vw" class="aspect-[1.77777778] h-auto"/></a></div><div class="row-start-2 mb-2 tablet:m-0 tablet:px-6"><a href="/reviews/four-flies-on-grey-velvet-1971/" class="block text-md text-default">Four Flies on Grey Velvet<!-- --> <span class="text-sm font-light leading-none text-muted">1971</span></a></div><div class="mb-6 tablet:m-0 tablet:px-6 tablet:pb-6"><picture><source srcSet="/svg/2-stars-dark.svg" media="(prefers-color-scheme: dark)"/><img src="/svg/2-stars.svg" alt="D+: 2 stars (out of 5)" height="16" width="80"/></picture></div><div class="tablet:px-6"><div class="text-sm leading-4 tracking-0.5px text-subtle"><span>Crime</span><span> | <!-- -->Mystery</span><span> | <!-- -->Thriller</span></div></div></li><li class="flow-root w-full px-gutter py-6 even:bg-subtle tablet:grid tablet:max-w-[312px] tablet:grid-rows-[auto_auto_1fr_auto] tablet:gap-y-2 tablet:overflow-hidden tablet:rounded-lg tablet:bg-default tablet:p-0 tablet:pb-8 tablet:shadow-all tablet:shadow-border tablet:even:bg-default"><div class="row-start-1 row-end-1"><a href="/reviews/the-four-of-the-apocalypse-1975/" class="safari-border-radius-fix float-right mb-2 ml-6 block w-[calc(50%_-_12px)] max-w-[312px] overflow-hidden rounded-lg tablet:float-none tablet:m-0 tablet:w-auto tablet:rounded-none"><img srcSet="/_image?/content%2Fassets%2Fstills%2Fthe-four-of-the-apocalypse-1975.png%3ForigWidth%3D2000%26origHeight%3D1125%26origFormat%3Dpng&amp;w=78&amp;q=80&amp;f=avif 78w, /_image?/content%2Fassets%2Fstills%2Fthe-four-of-the-apocalypse-1975.png%3ForigWidth%3D2000%26origHeight%3D1125%26origFormat%3Dpng&amp;w=156&amp;q=80&amp;f=avif 156w, /_image?/content%2Fassets%2Fstills%2Fthe-four-of-the-apocalypse-1975.png%3ForigWidth%3D2000%26origHeight%3D1125%26origFormat%3Dpng&amp;w=312&amp;q=80&amp;f=avif 312w, /_image?/content%2Fassets%2Fstills%2Fthe-four-of-the-apocalypse-1975.png%3ForigWidth%3D2000%26origHeight%3D1125%26origFormat%3Dpng&amp;w=624&amp;q=80&amp;f=avif 624w" src="/_image?/content%2Fassets%2Fstills%2Fthe-four-of-the-apocalypse-1975.png%3ForigWidth%3D2000%26origHeight%3D1125%26origFormat%3Dpng&amp;w=312&amp;h=176&amp;q=80&amp;f=avif" alt="A still from The Four of the Apocalypse... (1975)" loading="lazy" decoding="async" width="312" height="175.5" sizes="(min-width: 706px) 312px, (min-width: 1280) 25vw, (min-width: 1472px) 312px, 50vw" class="aspect-[1.77777778] h-auto"/></a></div><div class="row-start-2 mb-2 tablet:m-0 tablet:px-6"><a href="/reviews/the-four-of-the-apocalypse-1975/" class="block text-md text-default">The Four of the Apocalypse...<!-- --> <span class="text-sm font-light leading-none text-muted">1975</span></a></div><div class="mb-6 tablet:m-0 tablet:px-6 tablet:pb-6"><picture><source srcSet="/svg/3-stars-dark.svg" media="(prefers-color-scheme: dark)"/><img src="/svg/3-stars.svg" alt="C+: 3 stars (out of 5)" height="16" width="80"/></picture></div><div class="tablet:px-6"><div class="text-sm leading-4 tracking-0.5px text-subtle"><span>Fantasy</span><span> | <!-- -->Western</span></div></div></li><li class="flow-root w-full px-gutter py-6 even:bg-subtle tablet:grid tablet:max-w-[312px] tablet:grid-rows-[auto_auto_1fr_auto] tablet:gap-y-2 tablet:overflow-hidden tablet:rounded-lg tablet:bg-default tablet:p-0 tablet:pb-8 tablet:shadow-all tablet:shadow-border tablet:even:bg-default"><div class="row-start-1 row-end-1"><a href="/reviews/frankenstein-1931/" class="safari-border-radius-fix float-right mb-2 ml-6 block w-[calc(50%_-_12px)] max-w-[312px] overflow-hidden rounded-lg tablet:float-none tablet:m-0 tablet:w-auto tablet:rounded-none"><img srcSet="/_image?/content%2Fassets%2Fstills%2Ffrankenstein-1931.png%3ForigWidth%3D2000%26origHeight%3D1125%26origFormat%3Dpng&amp;w=78&amp;q=80&amp;f=avif 78w, /_image?/content%2Fassets%2Fstills%2Ffrankenstein-1931.png%3ForigWidth%3D2000%26origHeight%3D1125%26origFormat%3Dpng&amp;w=156&amp;q=80&amp;f=avif 156w, /_image?/content%2Fassets%2Fstills%2Ffrankenstein-1931.png%3ForigWidth%3D2000%26origHeight%3D1125%26origFormat%3Dpng&amp;w=312&amp;q=80&amp;f=avif 312w, /_image?/content%2Fassets%2Fstills%2Ffrankenstein-1931.png%3ForigWidth%3D2000%26origHeight%3D1125%26origFormat%3Dpng&amp;w=624&amp;q=80&amp;f=avif 624w" src="/_image?/content%2Fassets%2Fstills%2Ffrankenstein-1931.png%3ForigWidth%3D2000%26origHeight%3D1125%26origFormat%3Dpng&amp;w=312&amp;h=176&amp;q=80&amp;f=avif" alt="A still from Frankenstein (1931)" loading="lazy" decoding="async" width="312" height="175.5" sizes="(min-width: 706px) 312px, (min-width: 1280) 25vw, (min-width: 1472px) 312px, 50vw" class="aspect-[1.77777778] h-auto"/></a></div><div class="row-start-2 mb-2 tablet:m-0 tablet:px-6"><a href="/reviews/frankenstein-1931/" class="block text-md text-default">Frankenstein<!-- --> <span class="text-sm font-light leading-none text-muted">1931</span></a></div><div class="mb-6 tablet:m-0 tablet:px-6 tablet:pb-6"><picture><source srcSet="/svg/4-stars-dark.svg" media="(prefers-color-scheme: dark)"/><img src="/svg/4-stars.svg" alt="B+: 4 stars (out of 5)" height="16" width="80"/></picture></div><div class="tablet:px-6"><div class="text-sm leading-4 tracking-0.5px text-subtle"><span>Drama</span><span> | <!-- -->Horror</span><span> | <!-- -->Sci-Fi</span><span> | <!-- -->Thriller</span></div></div></li><li class="flow-root w-full px-gutter py-6 even:bg-subtle tablet:grid tablet:max-w-[312px] tablet:grid-rows-[auto_auto_1fr_auto] tablet:gap-y-2 tablet:overflow-hidden tablet:rounded-lg tablet:bg-default tablet:p-0 tablet:pb-8 tablet:shadow-all tablet:shadow-border tablet:even:bg-default"><div class="row-start-1 row-end-1"><a href="/reviews/freaks-1932/" class="safari-border-radius-fix float-right mb-2 ml-6 block w-[calc(50%_-_12px)] max-w-[312px] overflow-hidden rounded-lg tablet:float-none tablet:m-0 tablet:w-auto tablet:rounded-none"><img srcSet="/_image?/content%2Fassets%2Fstills%2Ffreaks-1932.png%3ForigWidth%3D2000%26origHeight%3D1125%26origFormat%3Dpng&amp;w=78&amp;q=80&amp;f=avif 78w, /_image?/content%2Fassets%2Fstills%2Ffreaks-1932.png%3ForigWidth%3D2000%26origHeight%3D1125%26origFormat%3Dpng&amp;w=156&amp;q=80&amp;f=avif 156w, /_image?/content%2Fassets%2Fstills%2Ffreaks-1932.png%3ForigWidth%3D2000%26origHeight%3D1125%26origFormat%3Dpng&amp;w=312&amp;q=80&amp;f=avif 312w, /_image?/content%2Fassets%2Fstills%2Ffreaks-1932.png%3ForigWidth%3D2000%26origHeight%3D1125%26origFormat%3Dpng&amp;w=624&amp;q=80&amp;f=avif 624w" src="/_image?/content%2Fassets%2Fstills%2Ffreaks-1932.png%3ForigWidth%3D2000%26origHeight%3D1125%26origFormat%3Dpng&amp;w=312&amp;h=176&amp;q=80&amp;f=avif" alt="A still from Freaks (1932)" loading="lazy" decoding="async" width="312" height="175.5" sizes="(min-width: 706px) 312px, (min-width: 1280) 25vw, (min-width: 1472px) 312px, 50vw" class="aspect-[1.77777778] h-auto"/></a></div><div class="row-start-2 mb-2 tablet:m-0 tablet:px-6"><a href="/reviews/freaks-1932/" class="block text-md text-default">Freaks<!-- --> <span class="text-sm font-light leading-none text-muted">1932</span></a></div><div class="mb-6 tablet:m-0 tablet:px-6 tablet:pb-6"><picture><source srcSet="/svg/4-stars-dark.svg" media="(prefers-color-scheme: dark)"/><img src="/svg/4-stars.svg" alt="B+: 4 stars (out of 5)" height="16" width="80"/></picture></div><div class="tablet:px-6"><div class="text-sm leading-4 tracking-0.5px text-subtle"><span>Drama</span><span> | <!-- -->Horror</span></div></div></li><li class="col-[1_/_-1] block px-gutter py-4 text-right shadow-bottom shadow-border tablet:absolute tablet:right-0 tablet:top-0 tablet:shadow-none desktop:right-[var(--gutter-width)]"><a href="/reviews/">All<!-- --> <span class="inline tablet:hidden desktop:inline">Reviews</span> <!-- -->→</a></li></ul></nav></div><div class="spacer-y-32 tablet:spacer-y-0"></div><script type="application/ld+json">{"@context":"http://schema.org","@type":"Review","itemReviewed":{"@type":"Movie","name":"Frankenhooker","sameAs":"http://www.imdb.com/title/tt0099611/","image":"/_image?/content%2Fassets%2Fstills%2Ffrankenhooker-1990.png%3ForigWidth%3D2000%26origHeight%3D1125%26origFormat%3Dpng&w=1200&h=675&q=80&f=jpeg","dateCreated":"1990","director":{"@type":"Person","name":"Frank Henenlotter"}},"reviewRating":{"@type":"Rating","ratingValue":4},"author":{"@type":"Person","name":"Frank Showalter"}}</script></main>  </div><footer class="flex flex-col items-center gap-y-6 bg-notcomingsoon px-pageMargin py-8 text-inverse"><ul class="flex w-full flex-wrap justify-center gap-x-4 gap-y-2 text-inverse tablet:gap-x-6 max:w-auto"><li class="block whitespace-nowrap tracking-0.5px"><a class="text-inverse" href="/">Home</a></li><li class="block whitespace-nowrap tracking-0.5px"><a class="text-inherit" href="/how-i-grade/">How I Grade</a></li><li class="block whitespace-nowrap tracking-0.5px"><a class="text-inherit" href="/reviews/">Reviews</a></li><li class="block whitespace-nowrap tracking-0.5px"><a class="text-inherit" href="/viewings/">Viewing Log</a></li><li class="block whitespace-nowrap tracking-0.5px"><a class="text-inherit" href="/cast-and-crew/">Cast &amp; Crew</a></li><li class="block whitespace-nowrap tracking-0.5px"><a class="text-inherit" href="/collections/">Collections</a></li><li class="block whitespace-nowrap tracking-0.5px"><a class="text-inherit" href="/watchlist/">Watchlist</a></li></ul><p class="text-sm font-light leading-4">All stills used in accordance with the<!-- --> <a href="http://www.copyright.gov/title17/92chap1.html#107" class="text-inherit">Fair Use Law.</a></p><a href="#top" class="sr-only">To the top ↑</a></footer></div></div> </html>