<!DOCTYPE html><html lang="en"> <head><meta charset="UTF-8"><meta name="description" content="Astro description"><meta name="viewport" content="width=device-width"><link rel="icon" href="/favicon.ico" sizes="48x48"><link rel="icon" href="/favicon.svg" sizes="any" type="image/svg+xml"><link rel="apple-touch-icon" href="/apple-touch-icon.png"><link rel="manifest" href="/site.webmanifest"><meta name="description" content="&#38;#9733;&#38;#9733;&#38;#9733; Inside Out is an ambitious animated feature that opens inside the mind of a newborn girl named Riley. There, we meet our protagonist Joy, an anthropomorphic emotion. In voicing Joy, Amy Poehler manages the near-impossible feat of being relentlessly optimistic and perky without ever being annoying.

Soon, Riley’s other core emotions—Disgust, Fear, Anger and Sadness—appear. The group operates out of Headquarters, a Space Needle shaped building at the center of Riley’s consciousness. Using a pastel-infused command-console that looks equal parts Playskool and Apple, they influence Riley’s behavior.

Early on, Joy dominates. Disgust, Fear, and Anger provide comic relief. Riley grows from infant to toddler to pre-teen. Outside Headquarters, islands akin to giant amusement parks spring to life. These represent Riley’s personality. They grow as new happy memories are formed.

It’s an efficient opening act with one misstep. Sadness is frustrating. Her actions feel plot-driven and, compared to Joy, her character arc is shallow.

The plot kicks in when Riley, now age 11, finds herself uprooted by a move to San Francisco. At first, Joy coaxes Riley to remain positive. But a dilapidated house, frazzled parents, a new school, and a moving van that seems to circumnavigate the globe en-route to San Francisco, take their toll.

Things get even worse when Joy and Sadness find themselves stranded far from Headquarters. This renders Riley unable to feel either of their respective emotions.

Now, the film shifts to adventure as Joy struggles to get them back to Headquarters. On the way, the pair wander through Riley’s long-term memories and meet her almost-forgotten imaginary friend, Bing Bong.

Meanwhile, Riley, unable to feel anything but anger, fear and disgust, begins lashing out at her parents and friends. As she does, the islands of her personality crumble and fall away into nothingness.

As Joy’s desperation to reach Headquarters grows, she and Sadness induce a nightmare involving a giant clown. It’s a sequence that will give a fair number of viewers nightmares of their own.

Soon after, the film offers a scene of unexpected depth. Joy and Bing Bong find themselves in a desolate dumping-ground where memories dissolve into dust. We see images of young Riley laughing and playing with Bing Bong. As these memories dissolve and blow away, Bing Bong himself fades from existence. He accepts his fate with a quiet dignity that belies his goofy exterior. It’s a poignant moment that forces older viewers to acknowledge the loss of innocence inherit in growing up.

It’s this willingness to tackle complex themes without patronizing the audience that makes Inside Out an impressive film. Odds are, you’ll think it a wonderful movie. I did.

Well, almost.

To explain my objection, I must discuss the ending. Spoiler alert.

Still here? Okay.

The film climaxes with Riley, finally able to feel her emotions, crying and hugging her parents. As she does, the missing islands of her personality spring back into existence. Cut to a short time later. Riley is back to her old self.

For a film that felt so honest in its depiction of the human condition, this felt disingenuous. For all the drama of the islands of personality crumbling into the void, a simple hug reconstructs them exactly as they were?

Where are the consequences?

This was a chance to show Riley adjusting to the move, but at a cost. Maybe part of her never comes back. Maybe the relationship with her parents is forever altered. Maybe when that island returns it’s different, maybe smaller. Anything but the saccharine, everything’s okay bit of fluff we’re given. Sure, new memories are now mixes of emotions instead of pure joy, but this is peddled as a wholly positive change. Where’s the trade-off?

Inside Out drives home the message that growing up means accepting sadness as a part of life, yet it can’t apply that lesson to its own ending.
"><meta name="og:image" content="/_image?/content%2Fassets%2Fstills%2Finside-out-2015.png%3ForigWidth%3D2000%26origHeight%3D1125%26origFormat%3Dpng&#38;w=1200&#38;h=675&#38;q=80&#38;f=jpeg"><meta property="og:url" content="https://www.franksmovielog.com//"><meta property="og:type" content="article"><meta property="og:title" content="Inside Out (2015)"><meta property="og:description" content="&#38;#9733;&#38;#9733;&#38;#9733; Inside Out is an ambitious animated feature that opens inside the mind of a newborn girl named Riley. There, we meet our protagonist Joy, an anthropomorphic emotion. In voicing Joy, Amy Poehler manages the near-impossible feat of being relentlessly optimistic and perky without ever being annoying.

Soon, Riley’s other core emotions—Disgust, Fear, Anger and Sadness—appear. The group operates out of Headquarters, a Space Needle shaped building at the center of Riley’s consciousness. Using a pastel-infused command-console that looks equal parts Playskool and Apple, they influence Riley’s behavior.

Early on, Joy dominates. Disgust, Fear, and Anger provide comic relief. Riley grows from infant to toddler to pre-teen. Outside Headquarters, islands akin to giant amusement parks spring to life. These represent Riley’s personality. They grow as new happy memories are formed.

It’s an efficient opening act with one misstep. Sadness is frustrating. Her actions feel plot-driven and, compared to Joy, her character arc is shallow.

The plot kicks in when Riley, now age 11, finds herself uprooted by a move to San Francisco. At first, Joy coaxes Riley to remain positive. But a dilapidated house, frazzled parents, a new school, and a moving van that seems to circumnavigate the globe en-route to San Francisco, take their toll.

Things get even worse when Joy and Sadness find themselves stranded far from Headquarters. This renders Riley unable to feel either of their respective emotions.

Now, the film shifts to adventure as Joy struggles to get them back to Headquarters. On the way, the pair wander through Riley’s long-term memories and meet her almost-forgotten imaginary friend, Bing Bong.

Meanwhile, Riley, unable to feel anything but anger, fear and disgust, begins lashing out at her parents and friends. As she does, the islands of her personality crumble and fall away into nothingness.

As Joy’s desperation to reach Headquarters grows, she and Sadness induce a nightmare involving a giant clown. It’s a sequence that will give a fair number of viewers nightmares of their own.

Soon after, the film offers a scene of unexpected depth. Joy and Bing Bong find themselves in a desolate dumping-ground where memories dissolve into dust. We see images of young Riley laughing and playing with Bing Bong. As these memories dissolve and blow away, Bing Bong himself fades from existence. He accepts his fate with a quiet dignity that belies his goofy exterior. It’s a poignant moment that forces older viewers to acknowledge the loss of innocence inherit in growing up.

It’s this willingness to tackle complex themes without patronizing the audience that makes Inside Out an impressive film. Odds are, you’ll think it a wonderful movie. I did.

Well, almost.

To explain my objection, I must discuss the ending. Spoiler alert.

Still here? Okay.

The film climaxes with Riley, finally able to feel her emotions, crying and hugging her parents. As she does, the missing islands of her personality spring back into existence. Cut to a short time later. Riley is back to her old self.

For a film that felt so honest in its depiction of the human condition, this felt disingenuous. For all the drama of the islands of personality crumbling into the void, a simple hug reconstructs them exactly as they were?

Where are the consequences?

This was a chance to show Riley adjusting to the move, but at a cost. Maybe part of her never comes back. Maybe the relationship with her parents is forever altered. Maybe when that island returns it’s different, maybe smaller. Anything but the saccharine, everything’s okay bit of fluff we’re given. Sure, new memories are now mixes of emotions instead of pure joy, but this is peddled as a wholly positive change. Where’s the trade-off?

Inside Out drives home the message that growing up means accepting sadness as a part of life, yet it can’t apply that lesson to its own ending.
"><title>Inside Out (2015) | Frank&#39;s Movie Log</title></head>  <div><a href="#content" class="translate-skip-to-content absolute left-1/2 top-0.5 z-50 mx-auto bg-subtle px-6 py-2 text-center text-accent">Skip to content</a><div class="image-filter mx-auto min-h-4 w-full max-w-canvas bg-notcomingsoon desktop:sticky desktop:top-0 desktop:z-40"></div><div class="mx-auto flex min-h-full max-w-canvas flex-col bg-default"><header class="border-bottom flex flex-col items-center gap-6 bg-default px-pageMargin py-6 text-center desktop:sticky desktop:top-4 desktop:z-40 desktop:flex-row desktop:flex-wrap desktop:justify-between desktop:py-8 desktop:text-left"><div class="items-inherit justify-items-inherit flex flex-col"><h1 class="whitespace-nowrap font-normal leading-8" style="font-size:1.5625rem"><a class="text-default" href="/">Frank&#x27;s Movie Log</a></h1><p class="w-full text-sm italic leading-4 text-muted desktop:pl-px">My life at the movies.</p></div><div class="w-full max-w-prose desktop:w-auto max:order-4"><form action="https://www.google.com/search" accept-charset="UTF-8" method="get" role="search" class="border-all w-full max-w-prose overflow-hidden rounded"><label for="search" class="flex overflow-hidden"><span class="sr-only">Search</span><input type="text" name="q" id="search" placeholder="Search..." class="min-w-0 grow border-0 bg-subtle px-4 py-2 text-base font-light leading-6 text-default"/><input type="hidden" name="q" value="site:www.franksmovielog.com"/><button type="submit" value="Search" aria-label="Search" class="border-0 border-l border-default bg-subtle px-3 py-1"><svg class="size-4 fill-subtle" viewBox="0 0 16 16"><path fill-rule="evenodd" d="M10.442 10.442a1 1 0 011.415 0l3.85 3.85a1 1 0 01-1.414 1.415l-3.85-3.85a1 1 0 010-1.415z"></path><path fill-rule="evenodd" d="M6.5 12a5.5 5.5 0 100-11 5.5 5.5 0 000 11zM13 6.5a6.5 6.5 0 11-13 0 6.5 6.5 0 0113 0z"></path></svg></button></label></form></div><nav class="w-full max:w-auto"><ul class="flex flex-wrap justify-center gap-x-4 gap-y-2 text-accent tablet:gap-x-6 desktop:justify-start"><li class="block whitespace-nowrap tracking-0.5px"><a class="text-muted" href="/">Home</a></li><li class="block whitespace-nowrap tracking-0.5px"><a class="text-inherit" href="/how-i-grade/">How I Grade</a></li><li class="block whitespace-nowrap tracking-0.5px"><a class="text-inherit" href="/reviews/">Reviews</a></li><li class="block whitespace-nowrap tracking-0.5px"><a class="text-inherit" href="/viewings/">Viewing Log</a></li><li class="block whitespace-nowrap tracking-0.5px"><a class="text-inherit" href="/cast-and-crew/">Cast &amp; Crew</a></li><li class="block whitespace-nowrap tracking-0.5px"><a class="text-inherit" href="/collections/">Collections</a></li><li class="block whitespace-nowrap tracking-0.5px"><a class="text-inherit" href="/watchlist/">Watchlist</a></li></ul></nav></header><div class="grow" id="content">  <main id="top" class="scroll-margin-top flex flex-col items-center"><header class="flex flex-col gap-y-4 px-pageMargin py-6 text-center desktop:py-8"><h1 class="text-[2rem] font-normal leading-none desktop:text-[2.25rem]">Inside Out</h1><div class="text-muted">2015<!-- --> <span>|</span> <!-- -->United States<!-- --> <span>|</span> <!-- -->95<!-- --> min<!-- --> <span><span>|</span> <a href="#credits">More...</a></span></div></header><img srcSet="/_image?/content%2Fassets%2Fstills%2Finside-out-2015.png%3ForigWidth%3D2000%26origHeight%3D1125%26origFormat%3Dpng&amp;w=240&amp;q=80&amp;f=avif 240w, /_image?/content%2Fassets%2Fstills%2Finside-out-2015.png%3ForigWidth%3D2000%26origHeight%3D1125%26origFormat%3Dpng&amp;w=480&amp;q=80&amp;f=avif 480w, /_image?/content%2Fassets%2Fstills%2Finside-out-2015.png%3ForigWidth%3D2000%26origHeight%3D1125%26origFormat%3Dpng&amp;w=960&amp;q=80&amp;f=avif 960w, /_image?/content%2Fassets%2Fstills%2Finside-out-2015.png%3ForigWidth%3D2000%26origHeight%3D1125%26origFormat%3Dpng&amp;w=1920&amp;q=80&amp;f=avif 1920w" src="/_image?/content%2Fassets%2Fstills%2Finside-out-2015.png%3ForigWidth%3D2000%26origHeight%3D1125%26origFormat%3Dpng&amp;w=960&amp;h=540&amp;q=80&amp;f=avif" alt="A still from Inside Out (2015)" loading="eager" decoding="sync" width="960" height="540" sizes="(min-width: 960px) 960px, 100vw" class="aspect-[1.77777778] mb-[5.33px]"/><div class="h-6 min-h-6 tablet:h-8 tablet:min-h-8"></div><div class="flex flex-col gap-y-8 items-center px-pageMargin"><div class="flex flex-col items-center"><picture><source srcSet="/svg/3-stars-dark.svg" media="(prefers-color-scheme: dark)"/><img src="/svg/3-stars.svg" alt="C: 3 stars (out of 5)" height="32" width="160"/></picture><div class="flex flex-col items-center tracking-0.5px text-subtle"><span>on</span> <!-- -->Mon, Jun 22, 2015</div></div><div class="rendered-markdown font-light text-md/7 tracking-0.3px tablet:text-xl/8 max-w-prose"><p><em>Inside Out</em> is an ambitious animated feature that opens inside the mind of a newborn girl named Riley. There, we meet our protagonist Joy, an anthropomorphic emotion. In voicing Joy, Amy Poehler manages the near-impossible feat of being relentlessly optimistic and perky without ever being annoying.</p>
<p>Soon, Riley’s other core emotions—Disgust, Fear, Anger and Sadness—appear. The group operates out of Headquarters, a Space Needle shaped building at the center of Riley’s consciousness. Using a pastel-infused command-console that looks equal parts Playskool and Apple, they influence Riley’s behavior.</p>
<p>Early on, Joy dominates. Disgust, Fear, and Anger provide comic relief. Riley grows from infant to toddler to pre-teen. Outside Headquarters, islands akin to giant amusement parks spring to life. These represent Riley’s personality. They grow as new happy memories are formed.</p>
<p>It’s an efficient opening act with one misstep. Sadness is frustrating. Her actions feel plot-driven and, compared to Joy, her character arc is shallow.</p>
<p>The plot kicks in when Riley, now age 11, finds herself uprooted by a move to San Francisco. At first, Joy coaxes Riley to remain positive. But a dilapidated house, frazzled parents, a new school, and a moving van that seems to circumnavigate the globe en-route to San Francisco, take their toll.</p>
<p>Things get even worse when Joy and Sadness find themselves stranded far from Headquarters. This renders Riley unable to feel either of their respective emotions.</p>
<p>Now, the film shifts to adventure as Joy struggles to get them back to Headquarters. On the way, the pair wander through Riley’s long-term memories and meet her almost-forgotten imaginary friend, Bing Bong.</p>
<p>Meanwhile, Riley, unable to feel anything but anger, fear and disgust, begins lashing out at her parents and friends. As she does, the islands of her personality crumble and fall away into nothingness.</p>
<p>As Joy’s desperation to reach Headquarters grows, she and Sadness induce a nightmare involving a giant clown. It’s a sequence that will give a fair number of viewers nightmares of their own.</p>
<p>Soon after, the film offers a scene of unexpected depth. Joy and Bing Bong find themselves in a desolate dumping-ground where memories dissolve into dust. We see images of young Riley laughing and playing with Bing Bong. As these memories dissolve and blow away, Bing Bong himself fades from existence. He accepts his fate with a quiet dignity that belies his goofy exterior. It’s a poignant moment that forces older viewers to acknowledge the loss of innocence inherit in growing up<sup><a href="#user-content-fn-1" id="user-content-fnref-1" data-footnote-ref="" aria-describedby="footnote-label">1</a></sup>.</p>
<p>It’s this willingness to tackle complex themes without patronizing the audience that makes <em>Inside Out</em> an impressive film. Odds are, you’ll think it a wonderful movie. I did.</p>
<p>Well, almost.</p>
<p>To explain my objection, I must discuss the ending. Spoiler alert.</p>
<p>Still here? Okay.</p>
<p>The film climaxes with Riley, finally able to feel her emotions, crying and hugging her parents. As she does, the missing islands of her personality spring back into existence. Cut to a short time later. Riley is back to her old self.</p>
<p>For a film that felt so honest in its depiction of the human condition, this felt disingenuous. For all the drama of the islands of personality crumbling into the void, a simple hug reconstructs them exactly as they were?</p>
<p>Where are the consequences?</p>
<p>This was a chance to show Riley adjusting to the move, but at a cost. Maybe part of her never comes back. Maybe the relationship with her parents is forever altered. Maybe when that island returns it’s different, maybe smaller. Anything but the saccharine, everything’s okay bit of fluff we’re given. Sure, new memories are now mixes of emotions instead of pure joy, but this is peddled as a wholly positive change. Where’s the trade-off?</p>
<p><em>Inside Out</em> drives home the message that growing up means accepting sadness as a part of life, yet it can’t apply that lesson to its own ending.</p>
<section data-footnotes="" class="footnotes"><h2 class="sr-only" id="footnote-label">Footnotes</h2>
<ol>
<li id="user-content-fn-1">
<p>Saddest Disney scene I can remember. Bambi’s mom has nothing on this. <a href="#user-content-fnref-1" data-footnote-backref="" aria-label="Back to reference 1" class="data-footnote-backref">↩</a></p>
</li>
</ol>
</section></div></div><div class="spacer-y-20"></div><div class="w-full max-w-popout"><h3 class="border-bottom px-gutter text-md font-normal text-subtle">Viewing History<div class="h-2 min-h-2"></div></h3><ul><li class="flex flex-col px-gutter even:bg-subtle"><div class="flex gap-x-[1ch] py-4"><div class="h-5 w-4"><svg width="1em" height="1em" viewBox="0 0 16 16" class="fill-subtle mr-[1ch] min-h-4 min-w-4 mt-1 w-4" xmlns="http://www.w3.org/2000/svg"><title>Watched on</title><path fill-rule="evenodd" d="M14 2H2a1 1 0 0 0-1 1v11a1 1 0 0 0 1 1h12a1 1 0 0 0 1-1V3a1 1 0 0 0-1-1zM2 1a2 2 0 0 0-2 2v11a2 2 0 0 0 2 2h12a2 2 0 0 0 2-2V3a2 2 0 0 0-2-2H2z"></path><path fill-rule="evenodd" d="M14 2H2a1 1 0 0 0-1 1v1h14V3a1 1 0 0 0-1-1zM2 1a2 2 0 0 0-2 2v2h16V3a2 2 0 0 0-2-2H2z"></path><path fill-rule="evenodd" d="M3.5 0a.5.5 0 0 1 .5.5V1a.5.5 0 0 1-1 0V.5a.5.5 0 0 1 .5-.5zm9 0a.5.5 0 0 1 .5.5V1a.5.5 0 0 1-1 0V.5a.5.5 0 0 1 .5-.5z"></path></svg> </div><div class="grow"><span class="inline-block text-default">Mon, Jun 22, 2015</span> <!-- --> <span class="font-light text-subtle"><span>at</span> <span>Alamo Drafthouse Cinema - One Loudoun</span></span> </div></div><div></div></li></ul></div><div class="spacer-y-32"></div><aside id="credits" class="scroll-margin-top relative bg-subtle px-gutter pb-8 pt-8 tablet:pt-12 w-full max-w-popout"><header class="flex items-center justify-center gap-x-2 pb-6 text-center text-2.5xl">Inside Out<!-- --> <span class="text-sm font-light text-subtle">(<!-- -->2015<!-- -->)</span></header><div class="poster-border mx-auto mb-4 mt-0 block size-full max-w-poster tablet:float-left tablet:mx-0 tablet:mr-gutter"><img srcSet="/_image?/content%2Fassets%2Fposters%2Finside-out-2015.png%3ForigWidth%3D500%26origHeight%3D750%26origFormat%3Dpng&amp;w=62&amp;q=80&amp;f=avif 62w, /_image?/content%2Fassets%2Fposters%2Finside-out-2015.png%3ForigWidth%3D500%26origHeight%3D750%26origFormat%3Dpng&amp;w=124&amp;q=80&amp;f=avif 124w, /_image?/content%2Fassets%2Fposters%2Finside-out-2015.png%3ForigWidth%3D500%26origHeight%3D750%26origFormat%3Dpng&amp;w=248&amp;q=80&amp;f=avif 248w, /_image?/content%2Fassets%2Fposters%2Finside-out-2015.png%3ForigWidth%3D500%26origHeight%3D750%26origFormat%3Dpng&amp;w=496&amp;q=80&amp;f=avif 496w" src="/_image?/content%2Fassets%2Fposters%2Finside-out-2015.png%3ForigWidth%3D500%26origHeight%3D750%26origFormat%3Dpng&amp;w=248&amp;h=372&amp;q=80&amp;f=avif" alt="A poster from Inside Out (2015)" width="248" height="372" sizes="(min-width: 248px) 248px, 100vw" class="aspect-[0.66666667] h-auto rounded-xl" loading="lazy" decoding="async"/></div><dl class="flex flex-col gap-y-4"><div class="overflow-hidden"><dt class="font-bold text-subtle">Financing</dt><dd class="text-subtle">United States</dd></div><div class="overflow-hidden"><dt class="font-bold text-subtle">Running Time</dt><dd class="text-subtle">95 min</dd></div><div class="overflow-hidden"><dt class="font-bold text-subtle">Directed by</dt><dd class="text-subtle"><div>Pete Docter</div><div>Ronnie Del Carmen</div></dd></div><div class="overflow-hidden"><dt class="font-bold text-subtle">Written by</dt><dd class="text-subtle"><div>Pete Docter</div><div>Ronnie Del Carmen</div><div>Meg LeFauve</div><div>Josh Cooley</div><div>Michael Arndt</div><div>Simon Rich</div><div>Bill Hader</div><div>Amy Poehler</div></dd></div><div class="overflow-hidden"><dt class="font-bold text-subtle">Starring</dt><dd class="text-subtle">Paula Pell, Carlos Alazraqui, Sherry Lynn, and Nick Pitera</dd></div></dl><div class="h-8 min-h-8"></div><ul class="flex flex-wrap gap-2"></ul><div class="h-8 min-h-8"></div><a href="#top" class="mx-auto flex max-w-1/2 cursor-pointer content-center items-center justify-center rounded-lg p-2 shadow-all shadow-border hover:shadow-border-accent">Back to Top<svg viewBox="0 0 24 24" class="size-6 fill-default"><path d="M7.997 10l3.515-3.79a.672.672 0 0 1 .89-.076l.086.075L16 10 13 10.001V18h-2v-7.999L7.997 10z"></path></svg></a></aside><div class="spacer-y-32"></div><div class="flex flex-col items-center gap-y-12 bg-default tablet:bg-subtle tablet:pb-32 tablet:pt-8 desktop:gap-y-24 w-full max-w-popout tablet:max-w-full"><nav class="relative flex w-full flex-col items-center tablet:w-auto"><div class="border-bottom w-full px-gutter py-2 tablet:py-4 tablet:shadow-none desktop:px-pageMargin desktop:py-4"><span class="font-semibold text-muted">More<!-- --> </span><a href="/reviews/">Reviews</a></div><ul class="w-full tablet:grid tablet:w-auto tablet:grid-cols-[repeat(2,minmax(100px,312px))] tablet:gap-8 tablet:px-gutter desktop:max-w-unset desktop:grid-cols-[repeat(4,1fr)] desktop:px-pageMargin desktop:pt-2"><li class="flow-root w-full px-gutter py-6 even:bg-subtle tablet:grid tablet:max-w-[312px] tablet:grid-rows-[auto_auto_1fr_auto] tablet:gap-y-2 tablet:overflow-hidden tablet:rounded-lg tablet:bg-default tablet:p-0 tablet:pb-8 tablet:shadow-all tablet:shadow-border tablet:even:bg-default"><div class="row-start-1 row-end-1"><a href="/reviews/infinity-pool-2023/" class="safari-border-radius-fix float-right mb-2 ml-6 block w-[calc(50%_-_12px)] max-w-[312px] overflow-hidden rounded-lg tablet:float-none tablet:m-0 tablet:w-auto tablet:rounded-none"><img srcSet="/_image?/content%2Fassets%2Fstills%2Finfinity-pool-2023.png%3ForigWidth%3D2000%26origHeight%3D1125%26origFormat%3Dpng&amp;w=78&amp;q=80&amp;f=avif 78w, /_image?/content%2Fassets%2Fstills%2Finfinity-pool-2023.png%3ForigWidth%3D2000%26origHeight%3D1125%26origFormat%3Dpng&amp;w=156&amp;q=80&amp;f=avif 156w, /_image?/content%2Fassets%2Fstills%2Finfinity-pool-2023.png%3ForigWidth%3D2000%26origHeight%3D1125%26origFormat%3Dpng&amp;w=312&amp;q=80&amp;f=avif 312w, /_image?/content%2Fassets%2Fstills%2Finfinity-pool-2023.png%3ForigWidth%3D2000%26origHeight%3D1125%26origFormat%3Dpng&amp;w=624&amp;q=80&amp;f=avif 624w" src="/_image?/content%2Fassets%2Fstills%2Finfinity-pool-2023.png%3ForigWidth%3D2000%26origHeight%3D1125%26origFormat%3Dpng&amp;w=312&amp;h=176&amp;q=80&amp;f=avif" alt="A still from Infinity Pool (2023)" loading="lazy" decoding="async" width="312" height="175.5" sizes="(min-width: 706px) 312px, (min-width: 1280) 25vw, (min-width: 1472px) 312px, 50vw" class="aspect-[1.77777778] h-auto"/></a></div><div class="row-start-2 mb-2 tablet:m-0 tablet:px-6"><a href="/reviews/infinity-pool-2023/" class="block text-md text-default">Infinity Pool<!-- --> <span class="text-sm font-light leading-none text-muted">2023</span></a></div><div class="mb-6 tablet:m-0 tablet:px-6 tablet:pb-6"><picture><source srcSet="/svg/3-stars-dark.svg" media="(prefers-color-scheme: dark)"/><img src="/svg/3-stars.svg" alt="C+: 3 stars (out of 5)" height="16" width="80"/></picture></div><div class="tablet:px-6"><div class="text-sm leading-4 tracking-0.5px text-subtle"><span>Crime</span><span> | <!-- -->Horror</span><span> | <!-- -->Mystery</span><span> | <!-- -->Sci-Fi</span><span> | <!-- -->Thriller</span></div></div></li><li class="flow-root w-full px-gutter py-6 even:bg-subtle tablet:grid tablet:max-w-[312px] tablet:grid-rows-[auto_auto_1fr_auto] tablet:gap-y-2 tablet:overflow-hidden tablet:rounded-lg tablet:bg-default tablet:p-0 tablet:pb-8 tablet:shadow-all tablet:shadow-border tablet:even:bg-default"><div class="row-start-1 row-end-1"><a href="/reviews/inside-2007/" class="safari-border-radius-fix float-right mb-2 ml-6 block w-[calc(50%_-_12px)] max-w-[312px] overflow-hidden rounded-lg tablet:float-none tablet:m-0 tablet:w-auto tablet:rounded-none"><img srcSet="/_image?/content%2Fassets%2Fstills%2Finside-2007.png%3ForigWidth%3D2000%26origHeight%3D1125%26origFormat%3Dpng&amp;w=78&amp;q=80&amp;f=avif 78w, /_image?/content%2Fassets%2Fstills%2Finside-2007.png%3ForigWidth%3D2000%26origHeight%3D1125%26origFormat%3Dpng&amp;w=156&amp;q=80&amp;f=avif 156w, /_image?/content%2Fassets%2Fstills%2Finside-2007.png%3ForigWidth%3D2000%26origHeight%3D1125%26origFormat%3Dpng&amp;w=312&amp;q=80&amp;f=avif 312w, /_image?/content%2Fassets%2Fstills%2Finside-2007.png%3ForigWidth%3D2000%26origHeight%3D1125%26origFormat%3Dpng&amp;w=624&amp;q=80&amp;f=avif 624w" src="/_image?/content%2Fassets%2Fstills%2Finside-2007.png%3ForigWidth%3D2000%26origHeight%3D1125%26origFormat%3Dpng&amp;w=312&amp;h=176&amp;q=80&amp;f=avif" alt="A still from Inside (2007)" loading="lazy" decoding="async" width="312" height="175.5" sizes="(min-width: 706px) 312px, (min-width: 1280) 25vw, (min-width: 1472px) 312px, 50vw" class="aspect-[1.77777778] h-auto"/></a></div><div class="row-start-2 mb-2 tablet:m-0 tablet:px-6"><a href="/reviews/inside-2007/" class="block text-md text-default">Inside<!-- --> <span class="text-sm font-light leading-none text-muted">2007</span></a></div><div class="mb-6 tablet:m-0 tablet:px-6 tablet:pb-6"><picture><source srcSet="/svg/2-stars-dark.svg" media="(prefers-color-scheme: dark)"/><img src="/svg/2-stars.svg" alt="D+: 2 stars (out of 5)" height="16" width="80"/></picture></div><div class="tablet:px-6"><div class="text-sm leading-4 tracking-0.5px text-subtle"><span>Horror</span></div></div></li><li class="flow-root w-full px-gutter py-6 even:bg-subtle tablet:grid tablet:max-w-[312px] tablet:grid-rows-[auto_auto_1fr_auto] tablet:gap-y-2 tablet:overflow-hidden tablet:rounded-lg tablet:bg-default tablet:p-0 tablet:pb-8 tablet:shadow-all tablet:shadow-border tablet:even:bg-default"><div class="row-start-1 row-end-1"><a href="/reviews/interference-1928/" class="safari-border-radius-fix float-right mb-2 ml-6 block w-[calc(50%_-_12px)] max-w-[312px] overflow-hidden rounded-lg tablet:float-none tablet:m-0 tablet:w-auto tablet:rounded-none"><img srcSet="/_image?/content%2Fassets%2Fstills%2Finterference-1928.png%3ForigWidth%3D2000%26origHeight%3D1125%26origFormat%3Dpng&amp;w=78&amp;q=80&amp;f=avif 78w, /_image?/content%2Fassets%2Fstills%2Finterference-1928.png%3ForigWidth%3D2000%26origHeight%3D1125%26origFormat%3Dpng&amp;w=156&amp;q=80&amp;f=avif 156w, /_image?/content%2Fassets%2Fstills%2Finterference-1928.png%3ForigWidth%3D2000%26origHeight%3D1125%26origFormat%3Dpng&amp;w=312&amp;q=80&amp;f=avif 312w, /_image?/content%2Fassets%2Fstills%2Finterference-1928.png%3ForigWidth%3D2000%26origHeight%3D1125%26origFormat%3Dpng&amp;w=624&amp;q=80&amp;f=avif 624w" src="/_image?/content%2Fassets%2Fstills%2Finterference-1928.png%3ForigWidth%3D2000%26origHeight%3D1125%26origFormat%3Dpng&amp;w=312&amp;h=176&amp;q=80&amp;f=avif" alt="A still from Interference (1928)" loading="lazy" decoding="async" width="312" height="175.5" sizes="(min-width: 706px) 312px, (min-width: 1280) 25vw, (min-width: 1472px) 312px, 50vw" class="aspect-[1.77777778] h-auto"/></a></div><div class="row-start-2 mb-2 tablet:m-0 tablet:px-6"><a href="/reviews/interference-1928/" class="block text-md text-default">Interference<!-- --> <span class="text-sm font-light leading-none text-muted">1928</span></a></div><div class="mb-6 tablet:m-0 tablet:px-6 tablet:pb-6"><picture><source srcSet="/svg/2-stars-dark.svg" media="(prefers-color-scheme: dark)"/><img src="/svg/2-stars.svg" alt="D+: 2 stars (out of 5)" height="16" width="80"/></picture></div><div class="tablet:px-6"><div class="text-sm leading-4 tracking-0.5px text-subtle"><span>Crime</span><span> | <!-- -->Drama</span><span> | <!-- -->Thriller</span></div></div></li><li class="flow-root w-full px-gutter py-6 even:bg-subtle tablet:grid tablet:max-w-[312px] tablet:grid-rows-[auto_auto_1fr_auto] tablet:gap-y-2 tablet:overflow-hidden tablet:rounded-lg tablet:bg-default tablet:p-0 tablet:pb-8 tablet:shadow-all tablet:shadow-border tablet:even:bg-default"><div class="row-start-1 row-end-1"><a href="/reviews/interstellar-2014/" class="safari-border-radius-fix float-right mb-2 ml-6 block w-[calc(50%_-_12px)] max-w-[312px] overflow-hidden rounded-lg tablet:float-none tablet:m-0 tablet:w-auto tablet:rounded-none"><img srcSet="/_image?/content%2Fassets%2Fstills%2Finterstellar-2014.png%3ForigWidth%3D2000%26origHeight%3D1125%26origFormat%3Dpng&amp;w=78&amp;q=80&amp;f=avif 78w, /_image?/content%2Fassets%2Fstills%2Finterstellar-2014.png%3ForigWidth%3D2000%26origHeight%3D1125%26origFormat%3Dpng&amp;w=156&amp;q=80&amp;f=avif 156w, /_image?/content%2Fassets%2Fstills%2Finterstellar-2014.png%3ForigWidth%3D2000%26origHeight%3D1125%26origFormat%3Dpng&amp;w=312&amp;q=80&amp;f=avif 312w, /_image?/content%2Fassets%2Fstills%2Finterstellar-2014.png%3ForigWidth%3D2000%26origHeight%3D1125%26origFormat%3Dpng&amp;w=624&amp;q=80&amp;f=avif 624w" src="/_image?/content%2Fassets%2Fstills%2Finterstellar-2014.png%3ForigWidth%3D2000%26origHeight%3D1125%26origFormat%3Dpng&amp;w=312&amp;h=176&amp;q=80&amp;f=avif" alt="A still from Interstellar (2014)" loading="lazy" decoding="async" width="312" height="175.5" sizes="(min-width: 706px) 312px, (min-width: 1280) 25vw, (min-width: 1472px) 312px, 50vw" class="aspect-[1.77777778] h-auto"/></a></div><div class="row-start-2 mb-2 tablet:m-0 tablet:px-6"><a href="/reviews/interstellar-2014/" class="block text-md text-default">Interstellar<!-- --> <span class="text-sm font-light leading-none text-muted">2014</span></a></div><div class="mb-6 tablet:m-0 tablet:px-6 tablet:pb-6"><picture><source srcSet="/svg/2-stars-dark.svg" media="(prefers-color-scheme: dark)"/><img src="/svg/2-stars.svg" alt="D+: 2 stars (out of 5)" height="16" width="80"/></picture></div><div class="tablet:px-6"><div class="text-sm leading-4 tracking-0.5px text-subtle"><span>Adventure</span><span> | <!-- -->Drama</span><span> | <!-- -->Sci-Fi</span></div></div></li><li class="col-[1_/_-1] block px-gutter py-4 text-right shadow-bottom shadow-border tablet:absolute tablet:right-0 tablet:top-0 tablet:shadow-none desktop:right-[var(--gutter-width)]"><a href="/reviews/">All<!-- --> <span class="inline tablet:hidden desktop:inline">Reviews</span> <!-- -->→</a></li></ul></nav></div><div class="spacer-y-32 tablet:spacer-y-0"></div><script type="application/ld+json">{"@context":"http://schema.org","@type":"Review","itemReviewed":{"@type":"Movie","name":"Inside Out","sameAs":"http://www.imdb.com/title/tt2096673/","image":"/_image?/content%2Fassets%2Fstills%2Finside-out-2015.png%3ForigWidth%3D2000%26origHeight%3D1125%26origFormat%3Dpng&w=1200&h=675&q=80&f=jpeg","dateCreated":"2015","director":{"@type":"Person","name":"Pete Docter"}},"reviewRating":{"@type":"Rating","ratingValue":3},"author":{"@type":"Person","name":"Frank Showalter"}}</script></main>  </div><footer class="flex flex-col items-center gap-y-6 bg-notcomingsoon px-pageMargin py-8 text-inverse"><ul class="flex w-full flex-wrap justify-center gap-x-4 gap-y-2 text-inverse tablet:gap-x-6 max:w-auto"><li class="block whitespace-nowrap tracking-0.5px"><a class="text-inverse" href="/">Home</a></li><li class="block whitespace-nowrap tracking-0.5px"><a class="text-inherit" href="/how-i-grade/">How I Grade</a></li><li class="block whitespace-nowrap tracking-0.5px"><a class="text-inherit" href="/reviews/">Reviews</a></li><li class="block whitespace-nowrap tracking-0.5px"><a class="text-inherit" href="/viewings/">Viewing Log</a></li><li class="block whitespace-nowrap tracking-0.5px"><a class="text-inherit" href="/cast-and-crew/">Cast &amp; Crew</a></li><li class="block whitespace-nowrap tracking-0.5px"><a class="text-inherit" href="/collections/">Collections</a></li><li class="block whitespace-nowrap tracking-0.5px"><a class="text-inherit" href="/watchlist/">Watchlist</a></li></ul><p class="text-sm font-light leading-4">All stills used in accordance with the<!-- --> <a href="http://www.copyright.gov/title17/92chap1.html#107" class="text-inherit">Fair Use Law.</a></p><a href="#top" class="sr-only">To the top ↑</a></footer></div></div> </html>