<!DOCTYPE html><html lang="en"> <head><meta charset="UTF-8"><meta name="description" content="Astro description"><meta name="viewport" content="width=device-width"><link rel="icon" href="/favicon.ico" sizes="48x48"><link rel="icon" href="/favicon.svg" sizes="any" type="image/svg+xml"><link rel="apple-touch-icon" href="/apple-touch-icon.png"><link rel="manifest" href="/site.webmanifest"><meta name="generator" content="Astro v4.11.5"><meta name="description" content="&#38;#9733;&#38;#9733; Mausoleum follows Susan, a woman possessed by a demon who embarks on a killing spree until her psychologist intervenes.
"><meta name="og:image" content="/_image?href=%2F%40fs%2FUsers%2Ffrank%2FDeveloper%2Ffranksmovielog.com-astro%2Fcontent%2Fassets%2Fstills%2Fmausoleum-1983.png%3ForigWidth%3D2000%26origHeight%3D1125%26origFormat%3Dpng&#38;w=1200&#38;h=675&#38;q=80&#38;f=jpeg"><meta property="og:url" content="https://www.franksmovielog.com//"><meta property="og:type" content="article"><meta property="og:title" content="Mausoleum (1983)"><meta property="og:description" content="&#38;#9733;&#38;#9733; Mausoleum follows Susan, a woman possessed by a demon who embarks on a killing spree until her psychologist intervenes.
"><title>Mausoleum (1983) | Frank&#39;s Movie Log</title></head>  <div><a href="#content" class="bg-subtle text-accent translate-skip-to-content absolute left-1/2 top-0.5 z-50 mx-auto px-6 py-2 text-center">Skip to content</a><div class="image-filter bg-notcomingsoon max-w-canvas desktop:sticky desktop:top-0 desktop:z-40 mx-auto min-h-4 w-full"></div><div class="max-w-canvas bg-default mx-auto flex min-h-full flex-col"><header class="border-bottom px-pageMargin bg-default desktop:sticky desktop:top-4 desktop:z-40 desktop:flex-row desktop:flex-wrap desktop:justify-between desktop:py-8 desktop:text-left flex flex-col items-center gap-6 py-6 text-center"><div class="items-inherit justify-items-inherit flex flex-col"><h1 class="whitespace-nowrap font-normal leading-8" style="font-size:1.5625rem"><a class="text-default" href="/">Frank&#x27;s Movie Log</a></h1><p class="text-muted desktop:pl-px w-full text-sm italic leading-4">My life at the movies.</p></div><div class="desktop:w-auto max:order-4 w-full max-w-prose"><form action="https://www.google.com/search" accept-charset="UTF-8" method="get" role="search" class="border-all w-full max-w-prose overflow-hidden rounded"><label for="search" class="flex overflow-hidden"><span class="sr-only">Search</span><input type="text" name="q" id="search" placeholder="Search..." class="bg-subtle text-default min-w-0 grow border-0 px-4 py-2 text-base font-light leading-6"/><input type="hidden" name="q" value="site:www.franksmovielog.com"/><button type="submit" value="Search" aria-label="Search" class="bg-subtle border-default border-0 border-l px-3 py-1"><svg class="fill-subtle size-4" viewBox="0 0 16 16"><path fill-rule="evenodd" d="M10.442 10.442a1 1 0 011.415 0l3.85 3.85a1 1 0 01-1.414 1.415l-3.85-3.85a1 1 0 010-1.415z"></path><path fill-rule="evenodd" d="M6.5 12a5.5 5.5 0 100-11 5.5 5.5 0 000 11zM13 6.5a6.5 6.5 0 11-13 0 6.5 6.5 0 0113 0z"></path></svg></button></label></form></div><nav class="max:w-auto w-full"><ul class="tablet:gap-x-6 text-accent desktop:justify-start flex flex-wrap justify-center gap-x-4 gap-y-2"><li class="block whitespace-nowrap tracking-0.5px"><a class="text-muted" href="/">Home</a></li><li class="block whitespace-nowrap tracking-0.5px"><a class="text-inherit" href="/how-i-grade/">How I Grade</a></li><li class="block whitespace-nowrap tracking-0.5px"><a class="text-inherit" href="/reviews/">Reviews</a></li><li class="block whitespace-nowrap tracking-0.5px"><a class="text-inherit" href="/viewings/">Viewing Log</a></li><li class="block whitespace-nowrap tracking-0.5px"><a class="text-inherit" href="/cast-and-crew/">Cast &amp; Crew</a></li><li class="block whitespace-nowrap tracking-0.5px"><a class="text-inherit" href="/collections/">Collections</a></li><li class="block whitespace-nowrap tracking-0.5px"><a class="text-inherit" href="/watchlist/">Watchlist</a></li></ul></nav></header><div class="grow" id="content">  <main id="top" class="scroll-margin-top flex flex-col items-center"><header class="flex flex-col gap-y-4 px-pageMargin py-6 text-center desktop:py-8"><h1 class="text-[2rem] font-normal leading-none desktop:text-[2.25rem]">Mausoleum</h1><div class="text-muted">1983<!-- --> <span>|</span> <!-- -->United States<!-- --> <span>|</span> <!-- -->96<!-- --> min<!-- --> <span><span>|</span> <a href="#credits">More...</a></span></div></header><img srcSet="/_image?href=%2F%40fs%2FUsers%2Ffrank%2FDeveloper%2Ffranksmovielog.com-astro%2Fcontent%2Fassets%2Fstills%2Fmausoleum-1983.png%3ForigWidth%3D2000%26origHeight%3D1125%26origFormat%3Dpng&amp;w=240&amp;q=80&amp;f=avif 240w, /_image?href=%2F%40fs%2FUsers%2Ffrank%2FDeveloper%2Ffranksmovielog.com-astro%2Fcontent%2Fassets%2Fstills%2Fmausoleum-1983.png%3ForigWidth%3D2000%26origHeight%3D1125%26origFormat%3Dpng&amp;w=480&amp;q=80&amp;f=avif 480w, /_image?href=%2F%40fs%2FUsers%2Ffrank%2FDeveloper%2Ffranksmovielog.com-astro%2Fcontent%2Fassets%2Fstills%2Fmausoleum-1983.png%3ForigWidth%3D2000%26origHeight%3D1125%26origFormat%3Dpng&amp;w=960&amp;q=80&amp;f=avif 960w, /_image?href=%2F%40fs%2FUsers%2Ffrank%2FDeveloper%2Ffranksmovielog.com-astro%2Fcontent%2Fassets%2Fstills%2Fmausoleum-1983.png%3ForigWidth%3D2000%26origHeight%3D1125%26origFormat%3Dpng&amp;w=1920&amp;q=80&amp;f=avif 1920w" src="/_image?href=%2F%40fs%2FUsers%2Ffrank%2FDeveloper%2Ffranksmovielog.com-astro%2Fcontent%2Fassets%2Fstills%2Fmausoleum-1983.png%3ForigWidth%3D2000%26origHeight%3D1125%26origFormat%3Dpng&amp;w=960&amp;h=540&amp;q=80&amp;f=avif" alt="A still from Mausoleum (1983)" loading="eager" decoding="sync" width="960" height="540" sizes="(min-width: 960px) 960px, 100vw" class="aspect-[1.77777778] mb-[5.33px]"/><div class="h-6 min-h-6 tablet:h-8 tablet:min-h-8"></div><div class="flex flex-col gap-y-8 items-center px-pageMargin"><div class="flex flex-col items-center"><picture><source srcSet="/svg/2-stars-dark.svg" media="(prefers-color-scheme: dark)"/><img src="/svg/2-stars.svg" alt="D+: 2 stars (out of 5)" height="32" width="160"/></picture><div class="flex flex-col items-center tracking-0.5px text-subtle"><span>on</span> <!-- -->Tue, Jul 18, 2023</div></div><div class="rendered-markdown font-light text-md/7 tracking-0.3px tablet:text-xl/8 max-w-prose"><p><em>Mausoleum</em> follows Susan, a woman possessed by a demon who embarks on a killing spree until her psychologist intervenes.</p>
<!-- end -->
<p>The opening sequence, set twenty years in the past, surprises with its formal rigor. We see a young Susan at her mother’s funeral with her aunt. After the service, a distraught Susan flees across the cemetery. She sees the Nomed family’s mausoleum tomb engulfed in an unnatural flame and awash in rain despite the clear skies. She enters, and inside discovers a tomb. Here, the film’s use of light and sound evokes Dario Argento’s <em>Suspiria</em> or <em>Inferno</em>. Indeed, I wondered if the film wasn’t positing an unofficial <em>Mother of Tears</em> entry set in Los Angeles.</p>
<p>But no. Instead, Susan’s psychologist, Dr. Andrew, provides voiceover explaining Susan is from the cursed Nomed family line, and should any firstborn female enter the mausoleum, they will release a demon who will possess them.</p>
<p>Fast forward twenty years to present day. Susan has settled into married life. She and her husband Oliver head over for a night of dancing. At the nightclub, a drunken oaf gropes Susan on the dance floor, then gets belligerent when she refuses his advances. As Susan and Oliver are leaving, the same drunken man stumbles by them and enters his car. Susan’s eyes glow green and the car bursts into flames, killing the man. The green-eye effect underwhelms, as the film keeps cutting back to a freeze-frame shot of Susan.</p>
<p>Susan and Oliver return home, but their live-in housekeeper, played by LaWanda Page, senses something’s amiss and tries to warn Oliver the next morning. When he dismisses her concerns, she threatens to quit. Oliver convinces her to stay until he returns from a business trip, then heads out the door. Frustrated, Page marches upstairs to check on Susan, muttering, “There’s some strange shit goin’ on in this house.”</p>
<p>LaPage then walks in on Susan, who’s glowing green, mid-transformation. Cue some comical strings on the soundtrack and over-cranked footage of LaPage running out of the house, trying to catch Oliver.</p>
<p>She fails, returns to the house and pours herself a “drink of the good stuff,” J&#x26;B, of course. With a shaking hand, she raises the glass to her lips, saying, “I ain’t been this nervous since I’ve been black.”</p>
<p>She creeps back upstairs and sees Susan further changed. More comedic music and over-cranked footage as LaPage flees out the front door, bags packed, running down the street.</p>
<p>This sequence elicited a big laugh and proved the film’s highlight.</p>
<p>With Page and Oliver gone, the film settles into a pattern of Susan transforming into the demon and murdering various people in her Los Angeles home. First, the gardener, whom she seduces first. Then her aunt and a hapless delivery man. She also takes an excursion to the mall where she murders an art gallery employee. These kills prove gory—the mall killing proffers a copious amount of blood—and creative. In-between, the film proffers several gratuitous shots of Susan topless.</p>
<p>After Oliver returns home the film delivers its lone scene transcending schlock horror. Oliver awakens at night to see Susan rocking in a chair, staring out the window, her face half-transformed. The comparably subtle makeup, quiet score, and simple staging combine to create an unsettling image of a not-quite human Susan. It’s a scene out of a better movie.</p>
<p>Oliver exits the room and calls Dr. Andrew, who sees Susan the next day and puts her under hypnosis. While hypnotized, Susan speaks with the demon’s voice and exhibits the glowing green eyes. Shaken, the doctor calls a colleague for help, setting up the final showdown.</p>
<p>The performances throughout underwhelm, but the cast appears engaged and not just reciting lines. The clunky dialog doesn’t help. Consider this mouthful when Dr. Andrew is phoning his colleague Roni, saying, “My initial diagnosis was extreme schizophrenic regression. Just a second. Just wanna gather myself, Roni. It was extreme schizophrenic regression manifested by inner impulses and outer physical projection, including vocal and facial fantasies.”</p>
<p>The aforementioned showdown features the demon in all its rubber-suited glory. John Carl Buechler (who’d later direct <a href="/reviews/friday-the-13th-part-vii-the-new-blood-1988/"><em>Friday the 13th Part VII: The New Blood</em></a>) receives a “special effects makeup creator” credit, and while the suit doesn’t look cheap, it still looks like a suit. The film’s inventive cinematography betrays the seams during a bird’s-eye shot of the demon returning to the crypt where we see the sneaker tread on the bottom of the demon’s foot.</p>
<p>I can forgive slips like this. I can also forgive the stiff acting and disjointed nonsensical plotting. But I can’t forgive boring.</p>
<p>The film lacks any sense of pacing, groping for transitions between the special effects scenes. At one point the film offers an inexplicable montage of the gardener’s day. We see him chopping a stump, spreading fertilizer, eating his lunch, driving a tractor, napping, and sharpening an axe.</p>
<p>When Dr. Andrew calls Roni, we get an extended, one-sided phone conversation. The camera holds on the doctor as he talks, waits for a response we can’t hear, and talks again. It’s all exposition we already know, and even worse, he repeats everything once Roni arrives.</p>
<p>These chunks of dead air drag down an otherwise entertaining B-Movie. The early inventive cinematography and atmospheric production raise our expectations. The practical effects may not convince, but they charm nonetheless. But schlock like this must never bore. <em>Mausoleum</em> takes its foot off the gas too often, stalling out when it should be peeling out. B-Movie aficionados may appreciate its transcendent moments, but others can pass.</p></div></div><div class="spacer-y-20"></div><div class="w-full max-w-popout"><h3 class="border-bottom px-gutter text-md font-normal text-subtle">Viewing History<div class="h-2 min-h-2"></div></h3><ul><li class="flex flex-col px-gutter even:bg-subtle"><div class="flex gap-x-[1ch] py-4"><div class="h-5 w-4"><svg width="1em" height="1em" viewBox="0 0 16 16" class="h-auto fill-subtle mr-[1ch] min-h-4 min-w-4 mt-1 w-4" xmlns="http://www.w3.org/2000/svg"><title>Watched on</title><path fill-rule="evenodd" d="M14 2H2a1 1 0 0 0-1 1v11a1 1 0 0 0 1 1h12a1 1 0 0 0 1-1V3a1 1 0 0 0-1-1zM2 1a2 2 0 0 0-2 2v11a2 2 0 0 0 2 2h12a2 2 0 0 0 2-2V3a2 2 0 0 0-2-2H2z"></path><path fill-rule="evenodd" d="M14 2H2a1 1 0 0 0-1 1v1h14V3a1 1 0 0 0-1-1zM2 1a2 2 0 0 0-2 2v2h16V3a2 2 0 0 0-2-2H2z"></path><path fill-rule="evenodd" d="M3.5 0a.5.5 0 0 1 .5.5V1a.5.5 0 0 1-1 0V.5a.5.5 0 0 1 .5-.5zm9 0a.5.5 0 0 1 .5.5V1a.5.5 0 0 1-1 0V.5a.5.5 0 0 1 .5-.5z"></path></svg> </div><div class="grow"><span class="inline-block text-default">Tue, Jul 18, 2023</span> <span class="font-light text-muted"><span>via</span> <span>Arrow Player</span></span> <!-- --> </div></div><div></div></li></ul></div><div class="spacer-y-32"></div><aside id="credits" class="scroll-margin-top relative bg-subtle px-gutter pb-8 pt-8 tablet:pt-12 w-full max-w-popout"><header class="flex items-center justify-center gap-x-2 pb-6 text-center text-2.5xl">Mausoleum<!-- --> <span class="text-sm font-light text-subtle">(<!-- -->1983<!-- -->)</span></header><div class="poster-border mb-4 h-full mt-0 max-w-poster tablet:mx-0 mx-auto block w-full tablet:float-left tablet:mr-gutter"><img srcSet="/_image?href=%2F%40fs%2FUsers%2Ffrank%2FDeveloper%2Ffranksmovielog.com-astro%2Fcontent%2Fassets%2Fposters%2Fmausoleum-1983.png%3ForigWidth%3D500%26origHeight%3D750%26origFormat%3Dpng&amp;w=62&amp;q=80&amp;f=avif 62w, /_image?href=%2F%40fs%2FUsers%2Ffrank%2FDeveloper%2Ffranksmovielog.com-astro%2Fcontent%2Fassets%2Fposters%2Fmausoleum-1983.png%3ForigWidth%3D500%26origHeight%3D750%26origFormat%3Dpng&amp;w=124&amp;q=80&amp;f=avif 124w, /_image?href=%2F%40fs%2FUsers%2Ffrank%2FDeveloper%2Ffranksmovielog.com-astro%2Fcontent%2Fassets%2Fposters%2Fmausoleum-1983.png%3ForigWidth%3D500%26origHeight%3D750%26origFormat%3Dpng&amp;w=248&amp;q=80&amp;f=avif 248w, /_image?href=%2F%40fs%2FUsers%2Ffrank%2FDeveloper%2Ffranksmovielog.com-astro%2Fcontent%2Fassets%2Fposters%2Fmausoleum-1983.png%3ForigWidth%3D500%26origHeight%3D750%26origFormat%3Dpng&amp;w=496&amp;q=80&amp;f=avif 496w" src="/_image?href=%2F%40fs%2FUsers%2Ffrank%2FDeveloper%2Ffranksmovielog.com-astro%2Fcontent%2Fassets%2Fposters%2Fmausoleum-1983.png%3ForigWidth%3D500%26origHeight%3D750%26origFormat%3Dpng&amp;w=248&amp;h=372&amp;q=80&amp;f=avif" alt="A poster from Mausoleum (1983)" width="248" height="372" sizes="(min-width: 248px) 248px, 100vw" class="aspect-[0.66666667] h-auto rounded-xl" loading="lazy" decoding="async"/></div><dl class="flex flex-col gap-y-4"><div class="overflow-hidden"><dt class="font-bold text-subtle">Financing</dt><dd class="text-subtle">United States</dd></div><div class="overflow-hidden"><dt class="font-bold text-subtle">Running Time</dt><dd class="text-subtle">96 min</dd></div><div class="overflow-hidden"><dt class="font-bold text-subtle">Directed by</dt><dd class="text-subtle"><div>Michael Dugan</div></dd></div><div class="overflow-hidden"><dt class="font-bold text-subtle">Written by</dt><dd class="text-subtle"><div>Robert Barich</div><div>Robert Madero</div><div>Katherine Rosenwink</div></dd></div><div class="overflow-hidden"><dt class="font-bold text-subtle">Starring</dt><dd class="text-subtle">Marjoe Gortner, Bobbie Bresee, Norman Burton, and Maurice Sherbanee</dd></div></dl><div class="h-8 min-h-8"></div><ul class="flex flex-wrap gap-2"></ul><div class="h-8 min-h-8"></div><a href="#top" class="mx-auto flex max-w-1/2 cursor-pointer content-center items-center justify-center rounded-lg p-2 shadow-all shadow-border hover:shadow-border-accent">Back to Top<svg viewBox="0 0 24 24" class="size-6 fill-default"><path d="M7.997 10l3.515-3.79a.672.672 0 0 1 .89-.076l.086.075L16 10 13 10.001V18h-2v-7.999L7.997 10z"></path></svg></a></aside><div class="spacer-y-32"></div><div class="flex flex-col items-center gap-y-12 bg-default tablet:bg-subtle tablet:pb-32 tablet:pt-8 desktop:gap-y-24 w-full max-w-popout tablet:max-w-full"><nav class="tablet:w-auto relative flex w-full flex-col items-center"><div class="border-bottom w-full px-gutter py-2 tablet:py-4 tablet:shadow-none desktop:px-pageMargin desktop:py-4"><span class="font-semibold text-muted">More<!-- --> </span><a href="/reviews/">Reviews</a></div><ul class="w-full tablet:grid tablet:w-auto tablet:grid-cols-[repeat(2,minmax(100px,312px))] tablet:gap-8 tablet:px-gutter desktop:max-w-unset desktop:grid-cols-[repeat(4,1fr)] desktop:px-pageMargin desktop:pt-2"><li class="flow-root w-full px-gutter py-6 even:bg-subtle tablet:grid tablet:max-w-[312px] tablet:grid-rows-[auto_auto_1fr_auto] tablet:gap-y-2 tablet:overflow-hidden tablet:rounded-lg tablet:bg-default tablet:p-0 tablet:pb-8 tablet:shadow-all tablet:shadow-border tablet:even:bg-default"><div class="row-start-1 row-end-1"><a href="/reviews/martyrs-2008/" class="safari-border-radius-fix float-right mb-2 ml-6 block w-[calc(50%_-_12px)] max-w-[312px] overflow-hidden rounded-lg tablet:float-none tablet:m-0 tablet:w-auto tablet:rounded-none"><img srcSet="/_image?href=%2F%40fs%2FUsers%2Ffrank%2FDeveloper%2Ffranksmovielog.com-astro%2Fcontent%2Fassets%2Fstills%2Fmartyrs-2008.png%3ForigWidth%3D2000%26origHeight%3D1125%26origFormat%3Dpng&amp;w=78&amp;q=80&amp;f=avif 78w, /_image?href=%2F%40fs%2FUsers%2Ffrank%2FDeveloper%2Ffranksmovielog.com-astro%2Fcontent%2Fassets%2Fstills%2Fmartyrs-2008.png%3ForigWidth%3D2000%26origHeight%3D1125%26origFormat%3Dpng&amp;w=156&amp;q=80&amp;f=avif 156w, /_image?href=%2F%40fs%2FUsers%2Ffrank%2FDeveloper%2Ffranksmovielog.com-astro%2Fcontent%2Fassets%2Fstills%2Fmartyrs-2008.png%3ForigWidth%3D2000%26origHeight%3D1125%26origFormat%3Dpng&amp;w=312&amp;q=80&amp;f=avif 312w, /_image?href=%2F%40fs%2FUsers%2Ffrank%2FDeveloper%2Ffranksmovielog.com-astro%2Fcontent%2Fassets%2Fstills%2Fmartyrs-2008.png%3ForigWidth%3D2000%26origHeight%3D1125%26origFormat%3Dpng&amp;w=624&amp;q=80&amp;f=avif 624w" src="/_image?href=%2F%40fs%2FUsers%2Ffrank%2FDeveloper%2Ffranksmovielog.com-astro%2Fcontent%2Fassets%2Fstills%2Fmartyrs-2008.png%3ForigWidth%3D2000%26origHeight%3D1125%26origFormat%3Dpng&amp;w=312&amp;h=176&amp;q=80&amp;f=avif" alt="A still from Martyrs (2008)" loading="lazy" decoding="async" width="312" height="175.5" sizes="(min-width: 706px) 312px, (min-width: 1280) 25vw, (min-width: 1472px) 312px, 50vw" class="aspect-[1.77777778] h-auto"/></a></div><div class="row-start-2 mb-2 tablet:m-0 tablet:px-6"><a href="/reviews/martyrs-2008/" class="block text-md text-default">Martyrs<!-- --> <span class="text-sm font-light leading-none text-muted">2008</span></a></div><div class="mb-6 tablet:m-0 tablet:px-6 tablet:pb-6"><picture><source srcSet="/svg/4-stars-dark.svg" media="(prefers-color-scheme: dark)"/><img src="/svg/4-stars.svg" alt="B+: 4 stars (out of 5)" height="16" width="80"/></picture></div><div class="tablet:px-6"><div class="text-sm leading-4 tracking-0.5px text-subtle"><span>Horror</span></div></div></li><li class="flow-root w-full px-gutter py-6 even:bg-subtle tablet:grid tablet:max-w-[312px] tablet:grid-rows-[auto_auto_1fr_auto] tablet:gap-y-2 tablet:overflow-hidden tablet:rounded-lg tablet:bg-default tablet:p-0 tablet:pb-8 tablet:shadow-all tablet:shadow-border tablet:even:bg-default"><div class="row-start-1 row-end-1"><a href="/reviews/massacre-time-1966/" class="safari-border-radius-fix float-right mb-2 ml-6 block w-[calc(50%_-_12px)] max-w-[312px] overflow-hidden rounded-lg tablet:float-none tablet:m-0 tablet:w-auto tablet:rounded-none"><img srcSet="/_image?href=%2F%40fs%2FUsers%2Ffrank%2FDeveloper%2Ffranksmovielog.com-astro%2Fcontent%2Fassets%2Fstills%2Fmassacre-time-1966.png%3ForigWidth%3D2000%26origHeight%3D1125%26origFormat%3Dpng&amp;w=78&amp;q=80&amp;f=avif 78w, /_image?href=%2F%40fs%2FUsers%2Ffrank%2FDeveloper%2Ffranksmovielog.com-astro%2Fcontent%2Fassets%2Fstills%2Fmassacre-time-1966.png%3ForigWidth%3D2000%26origHeight%3D1125%26origFormat%3Dpng&amp;w=156&amp;q=80&amp;f=avif 156w, /_image?href=%2F%40fs%2FUsers%2Ffrank%2FDeveloper%2Ffranksmovielog.com-astro%2Fcontent%2Fassets%2Fstills%2Fmassacre-time-1966.png%3ForigWidth%3D2000%26origHeight%3D1125%26origFormat%3Dpng&amp;w=312&amp;q=80&amp;f=avif 312w, /_image?href=%2F%40fs%2FUsers%2Ffrank%2FDeveloper%2Ffranksmovielog.com-astro%2Fcontent%2Fassets%2Fstills%2Fmassacre-time-1966.png%3ForigWidth%3D2000%26origHeight%3D1125%26origFormat%3Dpng&amp;w=624&amp;q=80&amp;f=avif 624w" src="/_image?href=%2F%40fs%2FUsers%2Ffrank%2FDeveloper%2Ffranksmovielog.com-astro%2Fcontent%2Fassets%2Fstills%2Fmassacre-time-1966.png%3ForigWidth%3D2000%26origHeight%3D1125%26origFormat%3Dpng&amp;w=312&amp;h=176&amp;q=80&amp;f=avif" alt="A still from Massacre Time (1966)" loading="lazy" decoding="async" width="312" height="175.5" sizes="(min-width: 706px) 312px, (min-width: 1280) 25vw, (min-width: 1472px) 312px, 50vw" class="aspect-[1.77777778] h-auto"/></a></div><div class="row-start-2 mb-2 tablet:m-0 tablet:px-6"><a href="/reviews/massacre-time-1966/" class="block text-md text-default">Massacre Time<!-- --> <span class="text-sm font-light leading-none text-muted">1966</span></a></div><div class="mb-6 tablet:m-0 tablet:px-6 tablet:pb-6"><picture><source srcSet="/svg/3-stars-dark.svg" media="(prefers-color-scheme: dark)"/><img src="/svg/3-stars.svg" alt="C+: 3 stars (out of 5)" height="16" width="80"/></picture></div><div class="tablet:px-6"><div class="text-sm leading-4 tracking-0.5px text-subtle"><span>Action</span><span> | <!-- -->Drama</span><span> | <!-- -->Thriller</span><span> | <!-- -->Western</span></div></div></li><li class="flow-root w-full px-gutter py-6 even:bg-subtle tablet:grid tablet:max-w-[312px] tablet:grid-rows-[auto_auto_1fr_auto] tablet:gap-y-2 tablet:overflow-hidden tablet:rounded-lg tablet:bg-default tablet:p-0 tablet:pb-8 tablet:shadow-all tablet:shadow-border tablet:even:bg-default"><div class="row-start-1 row-end-1"><a href="/reviews/meet-danny-wilson-1952/" class="safari-border-radius-fix float-right mb-2 ml-6 block w-[calc(50%_-_12px)] max-w-[312px] overflow-hidden rounded-lg tablet:float-none tablet:m-0 tablet:w-auto tablet:rounded-none"><img srcSet="/_image?href=%2F%40fs%2FUsers%2Ffrank%2FDeveloper%2Ffranksmovielog.com-astro%2Fcontent%2Fassets%2Fstills%2Fmeet-danny-wilson-1952.png%3ForigWidth%3D2000%26origHeight%3D1125%26origFormat%3Dpng&amp;w=78&amp;q=80&amp;f=avif 78w, /_image?href=%2F%40fs%2FUsers%2Ffrank%2FDeveloper%2Ffranksmovielog.com-astro%2Fcontent%2Fassets%2Fstills%2Fmeet-danny-wilson-1952.png%3ForigWidth%3D2000%26origHeight%3D1125%26origFormat%3Dpng&amp;w=156&amp;q=80&amp;f=avif 156w, /_image?href=%2F%40fs%2FUsers%2Ffrank%2FDeveloper%2Ffranksmovielog.com-astro%2Fcontent%2Fassets%2Fstills%2Fmeet-danny-wilson-1952.png%3ForigWidth%3D2000%26origHeight%3D1125%26origFormat%3Dpng&amp;w=312&amp;q=80&amp;f=avif 312w, /_image?href=%2F%40fs%2FUsers%2Ffrank%2FDeveloper%2Ffranksmovielog.com-astro%2Fcontent%2Fassets%2Fstills%2Fmeet-danny-wilson-1952.png%3ForigWidth%3D2000%26origHeight%3D1125%26origFormat%3Dpng&amp;w=624&amp;q=80&amp;f=avif 624w" src="/_image?href=%2F%40fs%2FUsers%2Ffrank%2FDeveloper%2Ffranksmovielog.com-astro%2Fcontent%2Fassets%2Fstills%2Fmeet-danny-wilson-1952.png%3ForigWidth%3D2000%26origHeight%3D1125%26origFormat%3Dpng&amp;w=312&amp;h=176&amp;q=80&amp;f=avif" alt="A still from Meet Danny Wilson (1952)" loading="lazy" decoding="async" width="312" height="175.5" sizes="(min-width: 706px) 312px, (min-width: 1280) 25vw, (min-width: 1472px) 312px, 50vw" class="aspect-[1.77777778] h-auto"/></a></div><div class="row-start-2 mb-2 tablet:m-0 tablet:px-6"><a href="/reviews/meet-danny-wilson-1952/" class="block text-md text-default">Meet Danny Wilson<!-- --> <span class="text-sm font-light leading-none text-muted">1952</span></a></div><div class="mb-6 tablet:m-0 tablet:px-6 tablet:pb-6"><picture><source srcSet="/svg/1-star-dark.svg" media="(prefers-color-scheme: dark)"/><img src="/svg/1-star.svg" alt="F: 1 star (out of 5)" height="16" width="80"/></picture></div><div class="tablet:px-6"><div class="text-sm leading-4 tracking-0.5px text-subtle"><span>Drama</span><span> | <!-- -->Musical</span></div></div></li><li class="flow-root w-full px-gutter py-6 even:bg-subtle tablet:grid tablet:max-w-[312px] tablet:grid-rows-[auto_auto_1fr_auto] tablet:gap-y-2 tablet:overflow-hidden tablet:rounded-lg tablet:bg-default tablet:p-0 tablet:pb-8 tablet:shadow-all tablet:shadow-border tablet:even:bg-default"><div class="row-start-1 row-end-1"><a href="/reviews/men-are-such-fools-1938/" class="safari-border-radius-fix float-right mb-2 ml-6 block w-[calc(50%_-_12px)] max-w-[312px] overflow-hidden rounded-lg tablet:float-none tablet:m-0 tablet:w-auto tablet:rounded-none"><img srcSet="/_image?href=%2F%40fs%2FUsers%2Ffrank%2FDeveloper%2Ffranksmovielog.com-astro%2Fcontent%2Fassets%2Fstills%2Fmen-are-such-fools-1938.png%3ForigWidth%3D2000%26origHeight%3D1125%26origFormat%3Dpng&amp;w=78&amp;q=80&amp;f=avif 78w, /_image?href=%2F%40fs%2FUsers%2Ffrank%2FDeveloper%2Ffranksmovielog.com-astro%2Fcontent%2Fassets%2Fstills%2Fmen-are-such-fools-1938.png%3ForigWidth%3D2000%26origHeight%3D1125%26origFormat%3Dpng&amp;w=156&amp;q=80&amp;f=avif 156w, /_image?href=%2F%40fs%2FUsers%2Ffrank%2FDeveloper%2Ffranksmovielog.com-astro%2Fcontent%2Fassets%2Fstills%2Fmen-are-such-fools-1938.png%3ForigWidth%3D2000%26origHeight%3D1125%26origFormat%3Dpng&amp;w=312&amp;q=80&amp;f=avif 312w, /_image?href=%2F%40fs%2FUsers%2Ffrank%2FDeveloper%2Ffranksmovielog.com-astro%2Fcontent%2Fassets%2Fstills%2Fmen-are-such-fools-1938.png%3ForigWidth%3D2000%26origHeight%3D1125%26origFormat%3Dpng&amp;w=624&amp;q=80&amp;f=avif 624w" src="/_image?href=%2F%40fs%2FUsers%2Ffrank%2FDeveloper%2Ffranksmovielog.com-astro%2Fcontent%2Fassets%2Fstills%2Fmen-are-such-fools-1938.png%3ForigWidth%3D2000%26origHeight%3D1125%26origFormat%3Dpng&amp;w=312&amp;h=176&amp;q=80&amp;f=avif" alt="A still from Men Are Such Fools (1938)" loading="lazy" decoding="async" width="312" height="175.5" sizes="(min-width: 706px) 312px, (min-width: 1280) 25vw, (min-width: 1472px) 312px, 50vw" class="aspect-[1.77777778] h-auto"/></a></div><div class="row-start-2 mb-2 tablet:m-0 tablet:px-6"><a href="/reviews/men-are-such-fools-1938/" class="block text-md text-default">Men Are Such Fools<!-- --> <span class="text-sm font-light leading-none text-muted">1938</span></a></div><div class="mb-6 tablet:m-0 tablet:px-6 tablet:pb-6"><picture><source srcSet="/svg/1-star-dark.svg" media="(prefers-color-scheme: dark)"/><img src="/svg/1-star.svg" alt="F: 1 star (out of 5)" height="16" width="80"/></picture></div><div class="tablet:px-6"><div class="text-sm leading-4 tracking-0.5px text-subtle"><span>Drama</span><span> | <!-- -->Romance</span></div></div></li><li class="col-[1_/_-1] block px-gutter py-4 text-right shadow-bottom shadow-border tablet:absolute tablet:right-0 tablet:top-0 tablet:shadow-none desktop:right-[var(--gutter-width)]"><a href="/reviews/">All<!-- --> <span class="inline tablet:hidden desktop:inline">Reviews</span> <!-- -->→</a></li></ul></nav></div><div class="spacer-y-32 tablet:spacer-y-0"></div><script type="application/ld+json">{"@context":"http://schema.org","@type":"Review","itemReviewed":{"@type":"Movie","name":"Mausoleum","sameAs":"http://www.imdb.com/title/tt0085918/","image":"/_image?href=%2F%40fs%2FUsers%2Ffrank%2FDeveloper%2Ffranksmovielog.com-astro%2Fcontent%2Fassets%2Fstills%2Fmausoleum-1983.png%3ForigWidth%3D2000%26origHeight%3D1125%26origFormat%3Dpng&w=1200&h=675&q=80&f=jpeg","dateCreated":"1983","director":{"@type":"Person","name":"Michael Dugan"}},"reviewRating":{"@type":"Rating","ratingValue":2},"author":{"@type":"Person","name":"Frank Showalter"}}</script></main>  </div><footer class="px-pageMargin bg-notcomingsoon text-inverse flex flex-col items-center gap-y-6 py-8"><ul class="tablet:gap-x-6 text-inverse max:w-auto flex w-full flex-wrap justify-center gap-x-4 gap-y-2"><li class="block whitespace-nowrap tracking-0.5px"><a class="text-inverse" href="/">Home</a></li><li class="block whitespace-nowrap tracking-0.5px"><a class="text-inherit" href="/how-i-grade/">How I Grade</a></li><li class="block whitespace-nowrap tracking-0.5px"><a class="text-inherit" href="/reviews/">Reviews</a></li><li class="block whitespace-nowrap tracking-0.5px"><a class="text-inherit" href="/viewings/">Viewing Log</a></li><li class="block whitespace-nowrap tracking-0.5px"><a class="text-inherit" href="/cast-and-crew/">Cast &amp; Crew</a></li><li class="block whitespace-nowrap tracking-0.5px"><a class="text-inherit" href="/collections/">Collections</a></li><li class="block whitespace-nowrap tracking-0.5px"><a class="text-inherit" href="/watchlist/">Watchlist</a></li></ul><p class="text-sm font-light leading-4">All stills used in accordance with the<!-- --> <a href="http://www.copyright.gov/title17/92chap1.html#107" class="text-inherit">Fair Use Law.</a></p><a href="#top" class="sr-only">To the top ↑</a></footer></div></div> </html>