<!DOCTYPE html><html lang="en"> <head><meta charset="UTF-8"><meta name="description" content="Astro description"><meta name="viewport" content="width=device-width"><link rel="icon" href="/favicon.ico" sizes="48x48" <link rel="icon" href="/favicon.svg" sizes="any" type="image/svg+xml" <link rel="apple-touch-icon" href="/apple-touch-icon.png"><link rel="manifest" href="/site.webmanifest"><meta name="generator" content="Astro v4.11.5"><meta name="description" content="&#38;#9733;&#38;#9733;&#38;#9733; A man runs down a darkened street, glancing over his shoulder. He collapses, gasping for breath. A young girl appears at a gate. She leads him to a backyard pool. Blue-black darkness shrouds everything save the girl, who sits in a yellow spotlight, wearing a passive look of curiosity.

The man splashes some water on his face, then collapses again. The girl walks over and kneels next to him, proffering her hand. He grasps it, and she strokes his brow. Just as the tension drains from the man’s face, the girl raises a razor blade and slashes his throat.
"><meta name="og:image" content="/_image?href=%2F%40fs%2FUsers%2Ffrank%2FDeveloper%2Ffranksmovielog.com-astro%2Fcontent%2Fassets%2Fstills%2Fmessiah-of-evil-1973.png%3ForigWidth%3D2000%26origHeight%3D1125%26origFormat%3Dpng&#38;w=1200&#38;h=675&#38;q=80&#38;f=jpeg"><meta property="og:url" content="https://www.franksmovielog.com//"><meta property="og:type" content="article"><meta property="og:title" content="Messiah of Evil (1974)"><meta property="og:description" content="&#38;#9733;&#38;#9733;&#38;#9733; A man runs down a darkened street, glancing over his shoulder. He collapses, gasping for breath. A young girl appears at a gate. She leads him to a backyard pool. Blue-black darkness shrouds everything save the girl, who sits in a yellow spotlight, wearing a passive look of curiosity.

The man splashes some water on his face, then collapses again. The girl walks over and kneels next to him, proffering her hand. He grasps it, and she strokes his brow. Just as the tension drains from the man’s face, the girl raises a razor blade and slashes his throat.
"><title>Messiah of Evil (1974) | Frank&#39;s Movie Log</title></head>  <div><a href="#content" class="bg-subtle text-accent translate-skip-to-content absolute left-1/2 top-0.5 z-50 mx-auto px-6 py-2 text-center">Skip to content</a><div class="image-filter bg-notcomingsoon max-w-canvas desktop:sticky desktop:top-0 desktop:z-40 mx-auto min-h-4 w-full"></div><div class="max-w-canvas bg-default mx-auto flex min-h-full flex-col"><header class="border-bottom px-pageMargin bg-default desktop:sticky desktop:top-4 desktop:z-40 desktop:flex-row desktop:flex-wrap desktop:justify-between desktop:py-8 desktop:text-left flex flex-col items-center gap-6 py-6 text-center"><div class="items-inherit justify-items-inherit flex flex-col"><h1 class="whitespace-nowrap font-normal leading-8" style="font-size:1.5625rem"><a class="text-default" href="/">Frank&#x27;s Movie Log</a></h1><p class="text-muted desktop:pl-px w-full text-sm italic leading-4">My life at the movies.</p></div><div class="desktop:w-auto max:order-4 w-full max-w-prose"><form action="https://www.google.com/search" accept-charset="UTF-8" method="get" role="search" class="border-all w-full max-w-prose overflow-hidden rounded"><label for="search" class="flex overflow-hidden"><span class="sr-only">Search</span><input type="text" name="q" id="search" placeholder="Search..." class="bg-subtle text-default min-w-0 grow border-0 px-4 py-2 text-base font-light leading-6"/><input type="hidden" name="q" value="site:www.franksmovielog.com"/><button type="submit" value="Search" aria-label="Search" class="bg-subtle border-default border-0 border-l px-3 py-1"><svg class="fill-subtle size-4" viewBox="0 0 16 16"><path fill-rule="evenodd" d="M10.442 10.442a1 1 0 011.415 0l3.85 3.85a1 1 0 01-1.414 1.415l-3.85-3.85a1 1 0 010-1.415z"></path><path fill-rule="evenodd" d="M6.5 12a5.5 5.5 0 100-11 5.5 5.5 0 000 11zM13 6.5a6.5 6.5 0 11-13 0 6.5 6.5 0 0113 0z"></path></svg></button></label></form></div><nav class="max:w-auto w-full"><ul class="tablet:gap-x-6 text-accent desktop:justify-start flex flex-wrap justify-center gap-x-4 gap-y-2"><li class="block whitespace-nowrap tracking-0.5px"><a class="text-muted" href="/">Home</a></li><li class="block whitespace-nowrap tracking-0.5px"><a class="text-inherit" href="/how-i-grade/">How I Grade</a></li><li class="block whitespace-nowrap tracking-0.5px"><a class="text-inherit" href="/reviews/">Reviews</a></li><li class="block whitespace-nowrap tracking-0.5px"><a class="text-inherit" href="/viewings/">Viewing Log</a></li><li class="block whitespace-nowrap tracking-0.5px"><a class="text-inherit" href="/cast-and-crew/">Cast &amp; Crew</a></li><li class="block whitespace-nowrap tracking-0.5px"><a class="text-inherit" href="/collections/">Collections</a></li><li class="block whitespace-nowrap tracking-0.5px"><a class="text-inherit" href="/watchlist/">Watchlist</a></li></ul></nav></header><div class="grow" id="content">  <main id="top" class="scroll-margin-top flex flex-col items-center"><header class="flex flex-col gap-y-4 px-pageMargin py-6 text-center desktop:py-8"><h1 class="text-[2rem] font-normal leading-none desktop:text-[2.25rem]">Messiah of Evil</h1><div class="text-muted">1974<!-- --> <span>|</span> <!-- -->United States<!-- --> <span>|</span> <!-- -->90<!-- --> min<!-- --> <span><span>|</span> <a href="#credits">More...</a></span></div></header><img srcSet="/_image?href=%2F%40fs%2FUsers%2Ffrank%2FDeveloper%2Ffranksmovielog.com-astro%2Fcontent%2Fassets%2Fstills%2Fmessiah-of-evil-1973.png%3ForigWidth%3D2000%26origHeight%3D1125%26origFormat%3Dpng&amp;w=240&amp;q=80&amp;f=avif 240w, /_image?href=%2F%40fs%2FUsers%2Ffrank%2FDeveloper%2Ffranksmovielog.com-astro%2Fcontent%2Fassets%2Fstills%2Fmessiah-of-evil-1973.png%3ForigWidth%3D2000%26origHeight%3D1125%26origFormat%3Dpng&amp;w=480&amp;q=80&amp;f=avif 480w, /_image?href=%2F%40fs%2FUsers%2Ffrank%2FDeveloper%2Ffranksmovielog.com-astro%2Fcontent%2Fassets%2Fstills%2Fmessiah-of-evil-1973.png%3ForigWidth%3D2000%26origHeight%3D1125%26origFormat%3Dpng&amp;w=960&amp;q=80&amp;f=avif 960w, /_image?href=%2F%40fs%2FUsers%2Ffrank%2FDeveloper%2Ffranksmovielog.com-astro%2Fcontent%2Fassets%2Fstills%2Fmessiah-of-evil-1973.png%3ForigWidth%3D2000%26origHeight%3D1125%26origFormat%3Dpng&amp;w=1920&amp;q=80&amp;f=avif 1920w" src="/_image?href=%2F%40fs%2FUsers%2Ffrank%2FDeveloper%2Ffranksmovielog.com-astro%2Fcontent%2Fassets%2Fstills%2Fmessiah-of-evil-1973.png%3ForigWidth%3D2000%26origHeight%3D1125%26origFormat%3Dpng&amp;w=960&amp;h=540&amp;q=80&amp;f=avif" alt="A still from Messiah of Evil (1974)" loading="eager" decoding="sync" width="960" height="540" sizes="(min-width: 960px) 960px, 100vw" class="aspect-[1.77777778] mb-[5.33px]"/><div class="h-6 min-h-6 tablet:h-8 tablet:min-h-8"></div><div class="flex flex-col gap-y-8 items-center px-pageMargin"><div class="flex flex-col items-center"><picture><source srcSet="/svg/3-stars-dark.svg" media="(prefers-color-scheme: dark)"/><img src="/svg/3-stars.svg" alt="C+: 3 stars (out of 5)" height="32" width="160"/></picture><div class="flex flex-col items-center tracking-0.5px text-subtle"><span>on</span> <!-- -->Sun, Jun 18, 2023</div></div><div class="rendered-markdown font-light text-md/7 tracking-0.3px tablet:text-xl/8 max-w-prose"><p>A man runs down a darkened street, glancing over his shoulder. He collapses, gasping for breath. A young girl appears at a gate. She leads him to a backyard pool. Blue-black darkness shrouds everything save the girl, who sits in a yellow spotlight, wearing a passive look of curiosity.</p>
<p>The man splashes some water on his face, then collapses again. The girl walks over and kneels next to him, proffering her hand. He grasps it, and she strokes his brow. Just as the tension drains from the man’s face, the girl raises a razor blade and slashes his throat.</p>
<!-- end -->
<p>Cut to a woman in a long hallway bathed in green light. As she approaches, her voiceover narration informs us that she’s survived some great horror only to find herself committed. But we must listen, “They’re waiting for you,” she says. “And they’ll take you one by one, and no one will hear you scream.”</p>
<p>Cut to a flashback that comprises most of the film where we see our lead Arletty, played by Marianna Hill, arriving in the small California coastal town of Point Dune to find her father.</p>
<p>This opening encompasses everything that’s good and bad about the film. The cold open is dynamite. The use of color evokes the best of Mario Bava or Hammer Films, and the events hook us with an intriguing mystery.</p>
<p>But then the film stumbles, adding in an exposition-laden framing sequence that robs the film of tension by revealing Arletty’s fate. This feels like a case of the filmmakers’ reluctance to “kill their darlings” as the sequence features some great lines. To wit:</p>
<blockquote>
<p>They say that nightmares are dreams perfected. I’ve told them here it wasn’t a nightmare, but they don’t believe me. They nod and make little notes in my file. And they watch me now, waiting for me to scar my breasts, to eat insects, maybe, or to lift my dress like some crazy, old woman and urinate on the floor.</p>
</blockquote>
<p>That’s good writing, but unnecessary. If they had to keep it, better to save it for the ending.</p>
<p>This pacing trouble permeates the film. Upon arriving in Point Dune, Arletty encounters resistance from the locals, hears legends of a “Blood Moon”, witnesses strange gatherings on the beach, and discovers her father’s disquieting journal. All good stuff, but the film recycles these act-one plot points throughout its running time.</p>
<p>In between, it offers some terrific scenes.</p>
<p>An early one sees Arletty stop for gas. She spies the attendant shooting at something in the woods. He seems distracted and skittish as he pumps her gas. Then a pickup pulls up, and a tall ominous man emerges. He stands statue-like and stares straight ahead as he instructs the attendant, who rushes to fill up the truck. While pumping the gas, the attendant peers into the pickup’s bed where, under a tarp, he spies several mutilated corpses, including the man from the cold open. He doesn’t flinch but covers them back up and gets about his business. Arletty appears at his side, proffering her credit card. “Get out of here,” the attendant hisses under his breath.</p>
<p>In another scene, a character ventures into a deserted grocery store. She catches sight of a patron and follows them to the back, where she sees dozens of townsfolk gnawing on raw meat. Lurid red blood pours down their pale chins. The dead-eyed group turns to her in unison. She resists the urge to scream and turns and walks away. When the townspeople begin to follow, she breaks into a run. The run begets a full-on chase as the townspeople pursue her through the store, grunting and growling with inhuman hunger. Through it all, the store’s jazz music dominates, its happy riffs a stark contrast to the life-and-death struggle on screen.</p>
<p>In yet another scene, a character goes to the town theater to catch a movie. The marquee above advertises “Kiss Tomorrow Goodbye”. She enters an almost empty theater and chooses a middle seat. The lights dim, and the film starts. It’s <span data-imdb-id=""><em>Gone with the West</em></span>. As the film cuts between scenes from the playing film and shots of the theater, the seats behind the character fill with dead-eyed patrons. <em>Gone with the West</em>’s honky-tonk piano soundtrack obscures the sounds of their entry and provides another dark comedic contrast to the proceedings. Like in the cold open, the other patrons are shrouded in an icy blue-black light, while our focal character sits center under a subtle yellow spotlight. Soon, she realizes she’s not alone, glancing left and right to find herself surrounded. She panics and flees, finds the doors locked, and races back to the stage.</p>
<p>At this point, I recognized the film from an Alamo Drafthouse promotional reel to discourage talking. “No talking, no texting, or we feed you to the ghouls,” it warned. But I digress.</p>
<p>Despite these memorable scenes, the space between them amounts to recycled dead air. We learn that the residents of the town are undergoing some kind of transformation in sync with the hundred-year recurrence of the blood moon. This transformation involves losing all physical sensation and becoming devoid of blood, accompanied by a craving for raw meat, particularly human flesh.</p>
<p>It’s a nice tweak to the zombie formula, rendering them more ghouls than zombies, but we figure this out by the halfway mark, putting us ahead of the characters. With no further mysteries left, the film drags between set-pieces.</p>
<p>Worst of all, the ending underwhelms. The film over-explains itself with a needless backstory about a “Dark Rider” who survived the Donner Party through faith in a dark god. He disappeared into the ocean, promising to return a hundred years later to “a world tired and disillusioned.” This flashback-with-a-flashback raises more questions than it answers, plot-hole kinds of questions like, “Why did the stranger walk into the ocean?”</p>
<p>But okay, so the townspeople are drawn to the beach, lighting fires as beacons for the Dark Rider’s return (a detail we could have inferred, but more voice-over narration spoon-feeds). Maybe his return will contain some kind of twist? Nope, we see him walking up the beach, still wearing his 19th-century garb (and dry despite his supposed ocean origin), then more voice-over from Arletty explaining that he let her go.</p>
<p>Cut back to the asylum where Arletty paraphrases her opening monologue—again in voice-over—and the film’s done.</p>
<p>Disappointing. I applaud the film’s intent to meld George Romero’s <em>Night of the Living Dead</em> with Italian gothic horror aesthetics, but the film would have done well to emulate Romero’s masterful structure that compounds the tension and emotional stakes, pushing past nightmare imagery into a fever-dream frenzy.</p>
<p>Instead, <em>Messiah of Evil</em> meanders. It’s frustrating when a film masters advanced elements like tone and atmosphere but stumbles over basics like pacing and story. Eliminating the opening monologue and tightening the interstitial scenes would help, and a better ending could have thrust it into greatness. The production design, performances, dialogue, and atmosphere shine, but they’re wasted on a clumsy story that runs out of steam long before its 90-minute running time concludes.</p></div></div><div class="spacer-y-20"></div><div class="w-full max-w-popout"><h3 class="border-bottom px-gutter text-md font-normal text-subtle">Viewing History<div class="h-2 min-h-2"></div></h3><ul><li class="flex flex-col px-gutter even:bg-subtle"><div class="flex gap-x-[1ch] py-4"><div class="h-5 w-4"><svg width="1em" height="1em" viewBox="0 0 16 16" class="h-auto fill-subtle mr-[1ch] min-h-4 min-w-4 mt-1 w-4" xmlns="http://www.w3.org/2000/svg"><title>Watched on</title><path fill-rule="evenodd" d="M14 2H2a1 1 0 0 0-1 1v11a1 1 0 0 0 1 1h12a1 1 0 0 0 1-1V3a1 1 0 0 0-1-1zM2 1a2 2 0 0 0-2 2v11a2 2 0 0 0 2 2h12a2 2 0 0 0 2-2V3a2 2 0 0 0-2-2H2z"></path><path fill-rule="evenodd" d="M14 2H2a1 1 0 0 0-1 1v1h14V3a1 1 0 0 0-1-1zM2 1a2 2 0 0 0-2 2v2h16V3a2 2 0 0 0-2-2H2z"></path><path fill-rule="evenodd" d="M3.5 0a.5.5 0 0 1 .5.5V1a.5.5 0 0 1-1 0V.5a.5.5 0 0 1 .5-.5zm9 0a.5.5 0 0 1 .5.5V1a.5.5 0 0 1-1 0V.5a.5.5 0 0 1 .5-.5z"></path></svg> </div><div class="grow"><span class="inline-block text-default">Sun, Jun 18, 2023</span> <span class="font-light text-muted"><span>via</span> <span>Blu-ray</span></span> <span class="text-sm font-light leading-none text-subtle">(<span class="rendered-markdown font-light text-sm leading-none"><span>Code Red, 2014</span></span>)</span> </div></div><div></div></li></ul></div><div class="spacer-y-32"></div><aside id="credits" class="scroll-margin-top relative bg-subtle px-gutter pb-8 pt-8 tablet:pt-12 w-full max-w-popout"><header class="flex items-center justify-center gap-x-2 pb-6 text-center text-2.5xl">Messiah of Evil<!-- --> <span class="text-sm font-light text-subtle">(<!-- -->1974<!-- -->)</span></header><div class="poster-border mb-4 h-full mt-0 max-w-poster tablet:mx-0 mx-auto block w-full tablet:float-left tablet:mr-gutter"><img srcSet="/_image?href=%2F%40fs%2FUsers%2Ffrank%2FDeveloper%2Ffranksmovielog.com-astro%2Fcontent%2Fassets%2Fposters%2Fmessiah-of-evil-1973.png%3ForigWidth%3D500%26origHeight%3D750%26origFormat%3Dpng&amp;w=62&amp;q=80&amp;f=avif 62w, /_image?href=%2F%40fs%2FUsers%2Ffrank%2FDeveloper%2Ffranksmovielog.com-astro%2Fcontent%2Fassets%2Fposters%2Fmessiah-of-evil-1973.png%3ForigWidth%3D500%26origHeight%3D750%26origFormat%3Dpng&amp;w=124&amp;q=80&amp;f=avif 124w, /_image?href=%2F%40fs%2FUsers%2Ffrank%2FDeveloper%2Ffranksmovielog.com-astro%2Fcontent%2Fassets%2Fposters%2Fmessiah-of-evil-1973.png%3ForigWidth%3D500%26origHeight%3D750%26origFormat%3Dpng&amp;w=248&amp;q=80&amp;f=avif 248w, /_image?href=%2F%40fs%2FUsers%2Ffrank%2FDeveloper%2Ffranksmovielog.com-astro%2Fcontent%2Fassets%2Fposters%2Fmessiah-of-evil-1973.png%3ForigWidth%3D500%26origHeight%3D750%26origFormat%3Dpng&amp;w=496&amp;q=80&amp;f=avif 496w" src="/_image?href=%2F%40fs%2FUsers%2Ffrank%2FDeveloper%2Ffranksmovielog.com-astro%2Fcontent%2Fassets%2Fposters%2Fmessiah-of-evil-1973.png%3ForigWidth%3D500%26origHeight%3D750%26origFormat%3Dpng&amp;w=248&amp;h=372&amp;q=80&amp;f=avif" alt="A poster from Messiah of Evil (1974)" width="248" height="372" sizes="(min-width: 248px) 248px, 100vw" class="aspect-[0.66666667] h-auto rounded-xl"/></div><dl class="flex flex-col gap-y-4"><div class="overflow-hidden"><dt class="font-bold text-subtle">Financing</dt><dd class="text-subtle">United States</dd></div><div class="overflow-hidden"><dt class="font-bold text-subtle">Running Time</dt><dd class="text-subtle">90 min</dd></div><div class="overflow-hidden"><dt class="font-bold text-subtle">Directed by</dt><dd class="text-subtle"><div>Willard Huyck</div></dd></div><div class="overflow-hidden"><dt class="font-bold text-subtle">Written by</dt><dd class="text-subtle"><div>Willard Huyck</div><div>Gloria Katz</div></dd></div><div class="overflow-hidden"><dt class="font-bold text-subtle">Starring</dt><dd class="text-subtle">Michael Greer, Marianna Hill, Joy Bang, and Anitra Ford</dd></div></dl><div class="h-8 min-h-8"></div><ul class="flex flex-wrap gap-2"></ul><div class="h-8 min-h-8"></div><a href="#top" class="mx-auto flex max-w-1/2 cursor-pointer content-center items-center justify-center rounded-lg p-2 shadow-all shadow-border hover:shadow-border-accent">Back to Top<svg viewBox="0 0 24 24" class="size-6 fill-default"><path d="M7.997 10l3.515-3.79a.672.672 0 0 1 .89-.076l.086.075L16 10 13 10.001V18h-2v-7.999L7.997 10z"></path></svg></a></aside><div class="spacer-y-32"></div><div class="flex flex-col items-center gap-y-12 bg-default tablet:bg-subtle tablet:pb-32 tablet:pt-8 desktop:gap-y-24 w-full max-w-popout tablet:max-w-full"><nav class="tablet:w-auto relative flex w-full flex-col items-center"><div class="border-bottom w-full px-gutter py-2 tablet:py-4 tablet:shadow-none desktop:px-pageMargin desktop:py-4"><span class="font-semibold text-muted">More<!-- --> </span><a href="/reviews/">Reviews</a></div><ul class="w-full tablet:grid tablet:w-auto tablet:grid-cols-[repeat(2,minmax(100px,312px))] tablet:gap-8 tablet:px-gutter desktop:max-w-unset desktop:grid-cols-[repeat(4,1fr)] desktop:px-pageMargin desktop:pt-2"><li class="flow-root w-full px-gutter py-6 even:bg-subtle tablet:grid tablet:max-w-[312px] tablet:grid-rows-[auto_auto_1fr_auto] tablet:gap-y-2 tablet:overflow-hidden tablet:rounded-lg tablet:bg-default tablet:p-0 tablet:pb-8 tablet:shadow-all tablet:shadow-border tablet:even:bg-default"><div class="row-start-1 row-end-1"><a href="/reviews/the-menu-2022/" class="safari-border-radius-fix float-right mb-2 ml-6 block w-[calc(50%_-_12px)] max-w-[312px] overflow-hidden rounded-lg tablet:float-none tablet:m-0 tablet:w-auto tablet:rounded-none"><img srcSet="/_image?href=%2F%40fs%2FUsers%2Ffrank%2FDeveloper%2Ffranksmovielog.com-astro%2Fcontent%2Fassets%2Fstills%2Fthe-menu-2022.png%3ForigWidth%3D2000%26origHeight%3D1125%26origFormat%3Dpng&amp;w=78&amp;q=80&amp;f=avif 78w, /_image?href=%2F%40fs%2FUsers%2Ffrank%2FDeveloper%2Ffranksmovielog.com-astro%2Fcontent%2Fassets%2Fstills%2Fthe-menu-2022.png%3ForigWidth%3D2000%26origHeight%3D1125%26origFormat%3Dpng&amp;w=156&amp;q=80&amp;f=avif 156w, /_image?href=%2F%40fs%2FUsers%2Ffrank%2FDeveloper%2Ffranksmovielog.com-astro%2Fcontent%2Fassets%2Fstills%2Fthe-menu-2022.png%3ForigWidth%3D2000%26origHeight%3D1125%26origFormat%3Dpng&amp;w=312&amp;q=80&amp;f=avif 312w, /_image?href=%2F%40fs%2FUsers%2Ffrank%2FDeveloper%2Ffranksmovielog.com-astro%2Fcontent%2Fassets%2Fstills%2Fthe-menu-2022.png%3ForigWidth%3D2000%26origHeight%3D1125%26origFormat%3Dpng&amp;w=624&amp;q=80&amp;f=avif 624w" src="/_image?href=%2F%40fs%2FUsers%2Ffrank%2FDeveloper%2Ffranksmovielog.com-astro%2Fcontent%2Fassets%2Fstills%2Fthe-menu-2022.png%3ForigWidth%3D2000%26origHeight%3D1125%26origFormat%3Dpng&amp;w=312&amp;h=176&amp;q=80&amp;f=avif" alt="A still from The Menu (2022)" loading="lazy" decoding="async" width="312" height="175.5" sizes="(min-width: 706px) 312px, (min-width: 1280) 25vw, (min-width: 1472px) 312px, 50vw" class="aspect-[1.77777778] h-auto"/></a></div><div class="row-start-2 mb-2 tablet:m-0 tablet:px-6"><a href="/reviews/the-menu-2022/" class="block text-md text-default">The Menu<!-- --> <span class="text-sm font-light leading-none text-muted">2022</span></a></div><div class="mb-6 tablet:m-0 tablet:px-6 tablet:pb-6"><picture><source srcSet="/svg/4-stars-dark.svg" media="(prefers-color-scheme: dark)"/><img src="/svg/4-stars.svg" alt="B: 4 stars (out of 5)" height="16" width="80"/></picture></div><div class="tablet:px-6"><div class="text-sm leading-4 tracking-0.5px text-subtle"><span>Comedy</span><span> | <!-- -->Horror</span><span> | <!-- -->Thriller</span></div></div></li><li class="flow-root w-full px-gutter py-6 even:bg-subtle tablet:grid tablet:max-w-[312px] tablet:grid-rows-[auto_auto_1fr_auto] tablet:gap-y-2 tablet:overflow-hidden tablet:rounded-lg tablet:bg-default tablet:p-0 tablet:pb-8 tablet:shadow-all tablet:shadow-border tablet:even:bg-default"><div class="row-start-1 row-end-1"><a href="/reviews/merrily-we-go-to-hell-1932/" class="safari-border-radius-fix float-right mb-2 ml-6 block w-[calc(50%_-_12px)] max-w-[312px] overflow-hidden rounded-lg tablet:float-none tablet:m-0 tablet:w-auto tablet:rounded-none"><img srcSet="/_image?href=%2F%40fs%2FUsers%2Ffrank%2FDeveloper%2Ffranksmovielog.com-astro%2Fcontent%2Fassets%2Fstills%2Fmerrily-we-go-to-hell-1932.png%3ForigWidth%3D2000%26origHeight%3D1125%26origFormat%3Dpng&amp;w=78&amp;q=80&amp;f=avif 78w, /_image?href=%2F%40fs%2FUsers%2Ffrank%2FDeveloper%2Ffranksmovielog.com-astro%2Fcontent%2Fassets%2Fstills%2Fmerrily-we-go-to-hell-1932.png%3ForigWidth%3D2000%26origHeight%3D1125%26origFormat%3Dpng&amp;w=156&amp;q=80&amp;f=avif 156w, /_image?href=%2F%40fs%2FUsers%2Ffrank%2FDeveloper%2Ffranksmovielog.com-astro%2Fcontent%2Fassets%2Fstills%2Fmerrily-we-go-to-hell-1932.png%3ForigWidth%3D2000%26origHeight%3D1125%26origFormat%3Dpng&amp;w=312&amp;q=80&amp;f=avif 312w, /_image?href=%2F%40fs%2FUsers%2Ffrank%2FDeveloper%2Ffranksmovielog.com-astro%2Fcontent%2Fassets%2Fstills%2Fmerrily-we-go-to-hell-1932.png%3ForigWidth%3D2000%26origHeight%3D1125%26origFormat%3Dpng&amp;w=624&amp;q=80&amp;f=avif 624w" src="/_image?href=%2F%40fs%2FUsers%2Ffrank%2FDeveloper%2Ffranksmovielog.com-astro%2Fcontent%2Fassets%2Fstills%2Fmerrily-we-go-to-hell-1932.png%3ForigWidth%3D2000%26origHeight%3D1125%26origFormat%3Dpng&amp;w=312&amp;h=176&amp;q=80&amp;f=avif" alt="A still from Merrily We Go to Hell (1932)" loading="lazy" decoding="async" width="312" height="175.5" sizes="(min-width: 706px) 312px, (min-width: 1280) 25vw, (min-width: 1472px) 312px, 50vw" class="aspect-[1.77777778] h-auto"/></a></div><div class="row-start-2 mb-2 tablet:m-0 tablet:px-6"><a href="/reviews/merrily-we-go-to-hell-1932/" class="block text-md text-default">Merrily We Go to Hell<!-- --> <span class="text-sm font-light leading-none text-muted">1932</span></a></div><div class="mb-6 tablet:m-0 tablet:px-6 tablet:pb-6"><picture><source srcSet="/svg/2-stars-dark.svg" media="(prefers-color-scheme: dark)"/><img src="/svg/2-stars.svg" alt="D: 2 stars (out of 5)" height="16" width="80"/></picture></div><div class="tablet:px-6"><div class="text-sm leading-4 tracking-0.5px text-subtle"><span>Comedy</span><span> | <!-- -->Drama</span><span> | <!-- -->Romance</span></div></div></li><li class="flow-root w-full px-gutter py-6 even:bg-subtle tablet:grid tablet:max-w-[312px] tablet:grid-rows-[auto_auto_1fr_auto] tablet:gap-y-2 tablet:overflow-hidden tablet:rounded-lg tablet:bg-default tablet:p-0 tablet:pb-8 tablet:shadow-all tablet:shadow-border tablet:even:bg-default"><div class="row-start-1 row-end-1"><a href="/reviews/midnight-1934/" class="safari-border-radius-fix float-right mb-2 ml-6 block w-[calc(50%_-_12px)] max-w-[312px] overflow-hidden rounded-lg tablet:float-none tablet:m-0 tablet:w-auto tablet:rounded-none"><img srcSet="/_image?href=%2F%40fs%2FUsers%2Ffrank%2FDeveloper%2Ffranksmovielog.com-astro%2Fcontent%2Fassets%2Fstills%2Fmidnight-1934.png%3ForigWidth%3D2000%26origHeight%3D1125%26origFormat%3Dpng&amp;w=78&amp;q=80&amp;f=avif 78w, /_image?href=%2F%40fs%2FUsers%2Ffrank%2FDeveloper%2Ffranksmovielog.com-astro%2Fcontent%2Fassets%2Fstills%2Fmidnight-1934.png%3ForigWidth%3D2000%26origHeight%3D1125%26origFormat%3Dpng&amp;w=156&amp;q=80&amp;f=avif 156w, /_image?href=%2F%40fs%2FUsers%2Ffrank%2FDeveloper%2Ffranksmovielog.com-astro%2Fcontent%2Fassets%2Fstills%2Fmidnight-1934.png%3ForigWidth%3D2000%26origHeight%3D1125%26origFormat%3Dpng&amp;w=312&amp;q=80&amp;f=avif 312w, /_image?href=%2F%40fs%2FUsers%2Ffrank%2FDeveloper%2Ffranksmovielog.com-astro%2Fcontent%2Fassets%2Fstills%2Fmidnight-1934.png%3ForigWidth%3D2000%26origHeight%3D1125%26origFormat%3Dpng&amp;w=624&amp;q=80&amp;f=avif 624w" src="/_image?href=%2F%40fs%2FUsers%2Ffrank%2FDeveloper%2Ffranksmovielog.com-astro%2Fcontent%2Fassets%2Fstills%2Fmidnight-1934.png%3ForigWidth%3D2000%26origHeight%3D1125%26origFormat%3Dpng&amp;w=312&amp;h=176&amp;q=80&amp;f=avif" alt="A still from Midnight (1934)" loading="lazy" decoding="async" width="312" height="175.5" sizes="(min-width: 706px) 312px, (min-width: 1280) 25vw, (min-width: 1472px) 312px, 50vw" class="aspect-[1.77777778] h-auto"/></a></div><div class="row-start-2 mb-2 tablet:m-0 tablet:px-6"><a href="/reviews/midnight-1934/" class="block text-md text-default">Midnight<!-- --> <span class="text-sm font-light leading-none text-muted">1934</span></a></div><div class="mb-6 tablet:m-0 tablet:px-6 tablet:pb-6"><picture><source srcSet="/svg/1-star-dark.svg" media="(prefers-color-scheme: dark)"/><img src="/svg/1-star.svg" alt="F: 1 star (out of 5)" height="16" width="80"/></picture></div><div class="tablet:px-6"><div class="text-sm leading-4 tracking-0.5px text-subtle"><span>Crime</span><span> | <!-- -->Drama</span><span> | <!-- -->Film-Noir</span><span> | <!-- -->Romance</span></div></div></li><li class="flow-root w-full px-gutter py-6 even:bg-subtle tablet:grid tablet:max-w-[312px] tablet:grid-rows-[auto_auto_1fr_auto] tablet:gap-y-2 tablet:overflow-hidden tablet:rounded-lg tablet:bg-default tablet:p-0 tablet:pb-8 tablet:shadow-all tablet:shadow-border tablet:even:bg-default"><div class="row-start-1 row-end-1"><a href="/reviews/the-midnight-meat-train-2008/" class="safari-border-radius-fix float-right mb-2 ml-6 block w-[calc(50%_-_12px)] max-w-[312px] overflow-hidden rounded-lg tablet:float-none tablet:m-0 tablet:w-auto tablet:rounded-none"><img srcSet="/_image?href=%2F%40fs%2FUsers%2Ffrank%2FDeveloper%2Ffranksmovielog.com-astro%2Fcontent%2Fassets%2Fstills%2Fthe-midnight-meat-train-2008.png%3ForigWidth%3D2000%26origHeight%3D1125%26origFormat%3Dpng&amp;w=78&amp;q=80&amp;f=avif 78w, /_image?href=%2F%40fs%2FUsers%2Ffrank%2FDeveloper%2Ffranksmovielog.com-astro%2Fcontent%2Fassets%2Fstills%2Fthe-midnight-meat-train-2008.png%3ForigWidth%3D2000%26origHeight%3D1125%26origFormat%3Dpng&amp;w=156&amp;q=80&amp;f=avif 156w, /_image?href=%2F%40fs%2FUsers%2Ffrank%2FDeveloper%2Ffranksmovielog.com-astro%2Fcontent%2Fassets%2Fstills%2Fthe-midnight-meat-train-2008.png%3ForigWidth%3D2000%26origHeight%3D1125%26origFormat%3Dpng&amp;w=312&amp;q=80&amp;f=avif 312w, /_image?href=%2F%40fs%2FUsers%2Ffrank%2FDeveloper%2Ffranksmovielog.com-astro%2Fcontent%2Fassets%2Fstills%2Fthe-midnight-meat-train-2008.png%3ForigWidth%3D2000%26origHeight%3D1125%26origFormat%3Dpng&amp;w=624&amp;q=80&amp;f=avif 624w" src="/_image?href=%2F%40fs%2FUsers%2Ffrank%2FDeveloper%2Ffranksmovielog.com-astro%2Fcontent%2Fassets%2Fstills%2Fthe-midnight-meat-train-2008.png%3ForigWidth%3D2000%26origHeight%3D1125%26origFormat%3Dpng&amp;w=312&amp;h=176&amp;q=80&amp;f=avif" alt="A still from The Midnight Meat Train (2008)" loading="lazy" decoding="async" width="312" height="175.5" sizes="(min-width: 706px) 312px, (min-width: 1280) 25vw, (min-width: 1472px) 312px, 50vw" class="aspect-[1.77777778] h-auto"/></a></div><div class="row-start-2 mb-2 tablet:m-0 tablet:px-6"><a href="/reviews/the-midnight-meat-train-2008/" class="block text-md text-default">The Midnight Meat Train<!-- --> <span class="text-sm font-light leading-none text-muted">2008</span></a></div><div class="mb-6 tablet:m-0 tablet:px-6 tablet:pb-6"><picture><source srcSet="/svg/2-stars-dark.svg" media="(prefers-color-scheme: dark)"/><img src="/svg/2-stars.svg" alt="D: 2 stars (out of 5)" height="16" width="80"/></picture></div><div class="tablet:px-6"><div class="text-sm leading-4 tracking-0.5px text-subtle"><span>Horror</span><span> | <!-- -->Mystery</span><span> | <!-- -->Thriller</span></div></div></li><li class="col-[1_/_-1] block px-gutter py-4 text-right shadow-bottom shadow-border tablet:absolute tablet:right-0 tablet:top-0 tablet:shadow-none desktop:right-[var(--gutter-width)]"><a href="/reviews/">All<!-- --> <span class="inline tablet:hidden desktop:inline">Reviews</span> <!-- -->→</a></li></ul></nav></div><div class="spacer-y-32 tablet:spacer-y-0"></div><script type="application/ld+json">{"@context":"http://schema.org","@type":"Review","itemReviewed":{"@type":"Movie","name":"Messiah of Evil","sameAs":"http://www.imdb.com/title/tt0071396/","image":"/_image?href=%2F%40fs%2FUsers%2Ffrank%2FDeveloper%2Ffranksmovielog.com-astro%2Fcontent%2Fassets%2Fstills%2Fmessiah-of-evil-1973.png%3ForigWidth%3D2000%26origHeight%3D1125%26origFormat%3Dpng&w=1200&h=675&q=80&f=jpeg","dateCreated":"1974","director":{"@type":"Person","name":"Willard Huyck"}},"reviewRating":{"@type":"Rating","ratingValue":3},"author":{"@type":"Person","name":"Frank Showalter"}}</script></main>  </div><footer class="px-pageMargin bg-notcomingsoon text-inverse flex flex-col items-center gap-y-6 py-8"><ul class="tablet:gap-x-6 text-inverse max:w-auto flex w-full flex-wrap justify-center gap-x-4 gap-y-2"><li class="block whitespace-nowrap tracking-0.5px"><a class="text-inverse" href="/">Home</a></li><li class="block whitespace-nowrap tracking-0.5px"><a class="text-inherit" href="/how-i-grade/">How I Grade</a></li><li class="block whitespace-nowrap tracking-0.5px"><a class="text-inherit" href="/reviews/">Reviews</a></li><li class="block whitespace-nowrap tracking-0.5px"><a class="text-inherit" href="/viewings/">Viewing Log</a></li><li class="block whitespace-nowrap tracking-0.5px"><a class="text-inherit" href="/cast-and-crew/">Cast &amp; Crew</a></li><li class="block whitespace-nowrap tracking-0.5px"><a class="text-inherit" href="/collections/">Collections</a></li><li class="block whitespace-nowrap tracking-0.5px"><a class="text-inherit" href="/watchlist/">Watchlist</a></li></ul><p class="text-sm font-light leading-4">All stills used in accordance with the<!-- --> <a href="http://www.copyright.gov/title17/92chap1.html#107" class="text-inherit">Fair Use Law.</a></p><a href="#top" class="sr-only">To the top ↑</a></footer></div></div> </html>