<!DOCTYPE html><html lang="en"> <head><meta charset="UTF-8"><meta name="description" content="Astro description"><meta name="viewport" content="width=device-width"><link rel="icon" href="/favicon.ico" sizes="48x48"><link rel="icon" href="/favicon.svg" sizes="any" type="image/svg+xml"><link rel="apple-touch-icon" href="/apple-touch-icon.png"><link rel="manifest" href="/site.webmanifest"><meta name="description" content="&#38;#9733;&#38;#9733; It was a good run. Since the original Saw, a sequel every year for six years. Each trying—with varying degrees of success—to serialize a single labyrinthine story. I applaud the effort.
"><meta name="og:image" content="/_image?/content%2Fassets%2Fstills%2Fsaw-3d-2010.png%3ForigWidth%3D2000%26origHeight%3D1125%26origFormat%3Dpng&#38;w=1200&#38;h=675&#38;q=80&#38;f=jpeg"><meta property="og:url" content="https://www.franksmovielog.com//"><meta property="og:type" content="article"><meta property="og:title" content="Saw 3D (2010)"><meta property="og:description" content="&#38;#9733;&#38;#9733; It was a good run. Since the original Saw, a sequel every year for six years. Each trying—with varying degrees of success—to serialize a single labyrinthine story. I applaud the effort.
"><title>Saw 3D (2010) | Frank&#39;s Movie Log</title></head>  <div><a href="#content" class="translate-skip-to-content absolute left-1/2 top-0.5 z-50 mx-auto bg-subtle px-6 py-2 text-center text-accent">Skip to content</a><div class="image-filter mx-auto min-h-4 w-full max-w-canvas bg-notcomingsoon desktop:sticky desktop:top-0 desktop:z-40"></div><div class="mx-auto flex min-h-full max-w-canvas flex-col bg-default"><header class="border-bottom flex flex-col items-center gap-6 bg-default px-pageMargin py-6 text-center desktop:sticky desktop:top-4 desktop:z-40 desktop:flex-row desktop:flex-wrap desktop:justify-between desktop:py-8 desktop:text-left"><div class="items-inherit justify-items-inherit flex flex-col"><h1 class="whitespace-nowrap font-normal leading-8" style="font-size:1.5625rem"><a class="text-default" href="/">Frank&#x27;s Movie Log</a></h1><p class="w-full text-sm italic leading-4 text-muted desktop:pl-px">My life at the movies.</p></div><div class="w-full max-w-prose desktop:w-auto max:order-4"><form action="https://www.google.com/search" accept-charset="UTF-8" method="get" role="search" class="border-all w-full max-w-prose overflow-hidden rounded"><label for="search" class="flex overflow-hidden"><span class="sr-only">Search</span><input type="text" name="q" id="search" placeholder="Search..." class="min-w-0 grow border-0 bg-subtle px-4 py-2 text-base font-light leading-6 text-default"/><input type="hidden" name="q" value="site:www.franksmovielog.com"/><button type="submit" value="Search" aria-label="Search" class="border-0 border-l border-default bg-subtle px-3 py-1"><svg class="size-4 fill-subtle" viewBox="0 0 16 16"><path fill-rule="evenodd" d="M10.442 10.442a1 1 0 011.415 0l3.85 3.85a1 1 0 01-1.414 1.415l-3.85-3.85a1 1 0 010-1.415z"></path><path fill-rule="evenodd" d="M6.5 12a5.5 5.5 0 100-11 5.5 5.5 0 000 11zM13 6.5a6.5 6.5 0 11-13 0 6.5 6.5 0 0113 0z"></path></svg></button></label></form></div><nav class="w-full max:w-auto"><ul class="flex flex-wrap justify-center gap-x-4 gap-y-2 text-accent tablet:gap-x-6 desktop:justify-start"><li class="block whitespace-nowrap tracking-0.5px"><a class="text-muted" href="/">Home</a></li><li class="block whitespace-nowrap tracking-0.5px"><a class="text-inherit" href="/how-i-grade/">How I Grade</a></li><li class="block whitespace-nowrap tracking-0.5px"><a class="text-inherit" href="/reviews/">Reviews</a></li><li class="block whitespace-nowrap tracking-0.5px"><a class="text-inherit" href="/viewings/">Viewing Log</a></li><li class="block whitespace-nowrap tracking-0.5px"><a class="text-inherit" href="/cast-and-crew/">Cast &amp; Crew</a></li><li class="block whitespace-nowrap tracking-0.5px"><a class="text-inherit" href="/collections/">Collections</a></li><li class="block whitespace-nowrap tracking-0.5px"><a class="text-inherit" href="/watchlist/">Watchlist</a></li></ul></nav></header><div class="grow" id="content">  <main id="top" class="scroll-margin-top flex flex-col items-center"><header class="flex flex-col gap-y-4 px-pageMargin py-6 text-center desktop:py-8"><h1 class="text-[2rem] font-normal leading-none desktop:text-[2.25rem]">Saw 3D</h1><div class="text-muted">2010<!-- --> <span>|</span> <!-- -->Canada<span>–</span>United States<!-- --> <span>|</span> <!-- -->90<!-- --> min<!-- --> <span><span>|</span> <a href="#credits">More...</a></span></div></header><img srcSet="/_image?/content%2Fassets%2Fstills%2Fsaw-3d-2010.png%3ForigWidth%3D2000%26origHeight%3D1125%26origFormat%3Dpng&amp;w=240&amp;q=80&amp;f=avif 240w, /_image?/content%2Fassets%2Fstills%2Fsaw-3d-2010.png%3ForigWidth%3D2000%26origHeight%3D1125%26origFormat%3Dpng&amp;w=480&amp;q=80&amp;f=avif 480w, /_image?/content%2Fassets%2Fstills%2Fsaw-3d-2010.png%3ForigWidth%3D2000%26origHeight%3D1125%26origFormat%3Dpng&amp;w=960&amp;q=80&amp;f=avif 960w, /_image?/content%2Fassets%2Fstills%2Fsaw-3d-2010.png%3ForigWidth%3D2000%26origHeight%3D1125%26origFormat%3Dpng&amp;w=1920&amp;q=80&amp;f=avif 1920w" src="/_image?/content%2Fassets%2Fstills%2Fsaw-3d-2010.png%3ForigWidth%3D2000%26origHeight%3D1125%26origFormat%3Dpng&amp;w=960&amp;h=540&amp;q=80&amp;f=avif" alt="A still from Saw 3D (2010)" loading="eager" decoding="sync" width="960" height="540" sizes="(min-width: 960px) 960px, 100vw" class="aspect-[1.77777778] mb-[5.33px]"/><div class="h-6 min-h-6 tablet:h-8 tablet:min-h-8"></div><div class="flex flex-col gap-y-8 items-center px-pageMargin"><div class="flex flex-col items-center"><picture><source srcSet="/svg/2-stars-dark.svg" media="(prefers-color-scheme: dark)"/><img src="/svg/2-stars.svg" alt="D+: 2 stars (out of 5)" height="32" width="160"/></picture><div class="flex flex-col items-center tracking-0.5px text-subtle"><span>on</span> <!-- -->Sat, Jan 14, 2023</div></div><div class="rendered-markdown font-light text-md/7 tracking-0.3px tablet:text-xl/8 max-w-prose"><p>It was a good run. Since the original <a href="/reviews/saw-2004/"><em>Saw</em></a>, a sequel every year for six years. Each trying—with varying degrees of success—to serialize a single labyrinthine story. I applaud the effort.</p>
<!-- end -->
<p>But the relentless pace took a toll. Without no overarching vision, each sequel bolted more backstory and continuity onto the first film’s premise. Reluctant to deviate from the original formula, the sequels resorted to ever more preposterous twists to surprise viewers.</p>
<p>And now the end. The plot concerns Bobby, played by Sean Patrick Flanery, who purports to have survived one of Jigsaw’s traps and now sits atop a lucrative self-help empire. Of course, he’s lying, and soon finds himself forced through a series of actual Jigsaw trials. These prove forgettable save the inane finale.</p>
<p>In a recreation of Bobby’s make-believe torment. Two chains descend from the ceiling attached to pulleys. At the end of each chain, a meat hook. Bobby must attach the hooks to his chest, piercing his pectoral muscles, then leverage the chains to pull himself up via the pulleys to reach a key necessary to save his wife from a gruesome fate.</p>
<p>Except it makes no sense. In a glaring plot hole, there’s no reason Bobby couldn’t just fasten the hooks to the chain itself, hook the resulting loops under his arms as a harness, then pull himself up unharmed.</p>
<p>A side story sees Cary Elwes return as Dr. Gordon, his character last seen at the end of the original film. In what I’ll chalk up to post-production edits, the film botches what should have been a surprise reveal, by opening the film at the end of part one and following Gordon as he crawls in search of help.</p>
<p>It’s not all bad. In a memorable, albeit disconnect set piece, a gang of skinheads awakens to find themselves in one of Jigsaw’s traps. The gang leader sits shirtless, his back and arms glued to the driver’s seat of a jacked-up muscle car. A fellow member lies trapped below the raised wheel. Another member stands bound behind the car, chains attaching his chin and arms to the car’s rear axle. A fourth member stands bound a short distance ahead of the car.</p>
<p>As Jigsaw explains, the leader has thirty seconds to tear himself free before jacks collapse, crushing the member beneath and dismembering the member behind as the car plows into the member in front.</p>
<p>Indeed, as a showcase for elaborate death traps, the franchise still delivers. This entry’s proffers some of the franchise’s most brutal violence, and the practical effects shine.</p>
<p>But original’s philosophical underpinning—suffering as a therapeutic tool—is gone. Jigsaw’s schemes and network of accomplices have ballooned to Bond-villain levels. I suspect the producers could have squeezed another two or three sequels before the franchise started losing money, but I’m glad they didn’t. The diminishing budgets would have necessitated CGI effects and thus robbed the series of what little dignity it still had.</p>
<p>I’m of two minds regarding the ending. One could view it as ambiguous and underwhelming. But I prefer to view it as definitive. There is no man behind the curtain. No grand plan. Just studio and marketing execs pumping out <em>Saw</em> “product”. Did I mention they shot this in 3-D?</p></div></div><div class="spacer-y-20"></div><div class="w-full max-w-popout"><h3 class="border-bottom px-gutter text-md font-normal text-subtle">Viewing History<div class="h-2 min-h-2"></div></h3><ul><li class="flex flex-col px-gutter even:bg-subtle"><div class="flex gap-x-[1ch] py-4"><div class="h-5 w-4"><svg width="1em" height="1em" viewBox="0 0 16 16" class="fill-subtle mr-[1ch] min-h-4 min-w-4 mt-1 w-4" xmlns="http://www.w3.org/2000/svg"><title>Watched on</title><path fill-rule="evenodd" d="M14 2H2a1 1 0 0 0-1 1v11a1 1 0 0 0 1 1h12a1 1 0 0 0 1-1V3a1 1 0 0 0-1-1zM2 1a2 2 0 0 0-2 2v11a2 2 0 0 0 2 2h12a2 2 0 0 0 2-2V3a2 2 0 0 0-2-2H2z"></path><path fill-rule="evenodd" d="M14 2H2a1 1 0 0 0-1 1v1h14V3a1 1 0 0 0-1-1zM2 1a2 2 0 0 0-2 2v2h16V3a2 2 0 0 0-2-2H2z"></path><path fill-rule="evenodd" d="M3.5 0a.5.5 0 0 1 .5.5V1a.5.5 0 0 1-1 0V.5a.5.5 0 0 1 .5-.5zm9 0a.5.5 0 0 1 .5.5V1a.5.5 0 0 1-1 0V.5a.5.5 0 0 1 .5-.5z"></path></svg> </div><div class="grow"><span class="inline-block text-default">Sat, Jan 14, 2023</span> <span class="font-light text-muted"><span>via</span> <span>Blu-ray</span></span> <span class="text-sm font-light leading-none text-subtle">(<span class="rendered-markdown font-light text-sm leading-none"><span><em>Saw: The Complete Movie Collection</em>, Lionsgate Films, 2014</span></span>)</span> </div></div><div></div></li></ul></div><div class="spacer-y-32"></div><aside id="credits" class="scroll-margin-top relative bg-subtle px-gutter pb-8 pt-8 tablet:pt-12 w-full max-w-popout"><header class="flex items-center justify-center gap-x-2 pb-6 text-center text-2.5xl">Saw 3D<!-- --> <span class="text-sm font-light text-subtle">(<!-- -->2010<!-- -->)</span></header><div class="poster-border mx-auto mb-4 mt-0 block size-full max-w-poster tablet:float-left tablet:mx-0 tablet:mr-gutter"><img srcSet="/_image?/content%2Fassets%2Fposters%2Fsaw-3d-2010.png%3ForigWidth%3D500%26origHeight%3D750%26origFormat%3Dpng&amp;w=62&amp;q=80&amp;f=avif 62w, /_image?/content%2Fassets%2Fposters%2Fsaw-3d-2010.png%3ForigWidth%3D500%26origHeight%3D750%26origFormat%3Dpng&amp;w=124&amp;q=80&amp;f=avif 124w, /_image?/content%2Fassets%2Fposters%2Fsaw-3d-2010.png%3ForigWidth%3D500%26origHeight%3D750%26origFormat%3Dpng&amp;w=248&amp;q=80&amp;f=avif 248w, /_image?/content%2Fassets%2Fposters%2Fsaw-3d-2010.png%3ForigWidth%3D500%26origHeight%3D750%26origFormat%3Dpng&amp;w=496&amp;q=80&amp;f=avif 496w" src="/_image?/content%2Fassets%2Fposters%2Fsaw-3d-2010.png%3ForigWidth%3D500%26origHeight%3D750%26origFormat%3Dpng&amp;w=248&amp;h=372&amp;q=80&amp;f=avif" alt="A poster from Saw 3D (2010)" width="248" height="372" sizes="(min-width: 248px) 248px, 100vw" class="aspect-[0.66666667] h-auto rounded-xl" loading="lazy" decoding="async"/></div><dl class="flex flex-col gap-y-4"><div class="overflow-hidden"><dt class="font-bold text-subtle">Financing</dt><dd class="text-subtle">Canada and United States</dd></div><div class="overflow-hidden"><dt class="font-bold text-subtle">Running Time</dt><dd class="text-subtle">90 min</dd></div><div class="overflow-hidden"><dt class="font-bold text-subtle">Directed by</dt><dd class="text-subtle"><div>Kevin Greutert</div></dd></div><div class="overflow-hidden"><dt class="font-bold text-subtle">Written by</dt><dd class="text-subtle"><div>Patrick Melton</div><div>Marcus Dunstan</div></dd></div><div class="overflow-hidden"><dt class="font-bold text-subtle">Starring</dt><dd class="text-subtle">Tobin Bell, Costas Mandylor, Betsy Russell, and Cary Elwes</dd></div></dl><div class="h-8 min-h-8"></div><ul class="flex flex-wrap gap-2"><li class="block"><a href="/collections/saw" class="border-all hover:border-all-accent flex items-center whitespace-nowrap rounded-lg bg-inverse px-4 py-2"><img alt="More Saw reviews" srcSet="/_image?/content%2Fassets%2Favatars%2Fsaw.png%3ForigWidth%3D500%26origHeight%3D500%26origFormat%3Dpng&amp;w=40&amp;q=80&amp;f=avif 1x, /_image?/content%2Fassets%2Favatars%2Fsaw.png%3ForigWidth%3D500%26origHeight%3D500%26origFormat%3Dpng&amp;w=80&amp;q=80&amp;f=avif 2x" src="/_image?/content%2Fassets%2Favatars%2Fsaw.png%3ForigWidth%3D500%26origHeight%3D500%26origFormat%3Dpng&amp;w=40&amp;h=40&amp;q=80&amp;f=avif" width="40" height="40" loading="lazy" decoding="async" class="mr-[1ch] block size-10 rounded-[50%]"/>Saw</a></li></ul><div class="h-8 min-h-8"></div><a href="#top" class="mx-auto flex max-w-1/2 cursor-pointer content-center items-center justify-center rounded-lg p-2 shadow-all shadow-border hover:shadow-border-accent">Back to Top<svg viewBox="0 0 24 24" class="size-6 fill-default"><path d="M7.997 10l3.515-3.79a.672.672 0 0 1 .89-.076l.086.075L16 10 13 10.001V18h-2v-7.999L7.997 10z"></path></svg></a></aside><div class="spacer-y-32"></div><div class="flex flex-col items-center gap-y-12 bg-default tablet:bg-subtle tablet:pb-32 tablet:pt-8 desktop:gap-y-24 w-full max-w-popout tablet:max-w-full"><nav class="relative flex w-full flex-col items-center tablet:w-auto"><div class="border-bottom w-full px-gutter py-2 tablet:py-4 tablet:shadow-none desktop:px-pageMargin desktop:py-4"><span class="font-semibold text-muted">More<!-- --> </span><a href="/collections/saw">Saw</a></div><ul class="w-full tablet:grid tablet:w-auto tablet:grid-cols-[repeat(2,minmax(100px,312px))] tablet:gap-8 tablet:px-gutter desktop:max-w-unset desktop:grid-cols-[repeat(4,1fr)] desktop:px-pageMargin desktop:pt-2"><li class="flow-root w-full px-gutter py-6 even:bg-subtle tablet:grid tablet:max-w-[312px] tablet:grid-rows-[auto_auto_1fr_auto] tablet:gap-y-2 tablet:overflow-hidden tablet:rounded-lg tablet:bg-default tablet:p-0 tablet:pb-8 tablet:shadow-all tablet:shadow-border tablet:even:bg-default"><div class="row-start-1 row-end-1"><a href="/reviews/saw-v-2008/" class="safari-border-radius-fix float-right mb-2 ml-6 block w-[calc(50%_-_12px)] max-w-[312px] overflow-hidden rounded-lg tablet:float-none tablet:m-0 tablet:w-auto tablet:rounded-none"><img srcSet="/_image?/content%2Fassets%2Fstills%2Fsaw-v-2008.png%3ForigWidth%3D2000%26origHeight%3D1125%26origFormat%3Dpng&amp;w=78&amp;q=80&amp;f=avif 78w, /_image?/content%2Fassets%2Fstills%2Fsaw-v-2008.png%3ForigWidth%3D2000%26origHeight%3D1125%26origFormat%3Dpng&amp;w=156&amp;q=80&amp;f=avif 156w, /_image?/content%2Fassets%2Fstills%2Fsaw-v-2008.png%3ForigWidth%3D2000%26origHeight%3D1125%26origFormat%3Dpng&amp;w=312&amp;q=80&amp;f=avif 312w, /_image?/content%2Fassets%2Fstills%2Fsaw-v-2008.png%3ForigWidth%3D2000%26origHeight%3D1125%26origFormat%3Dpng&amp;w=624&amp;q=80&amp;f=avif 624w" src="/_image?/content%2Fassets%2Fstills%2Fsaw-v-2008.png%3ForigWidth%3D2000%26origHeight%3D1125%26origFormat%3Dpng&amp;w=312&amp;h=176&amp;q=80&amp;f=avif" alt="A still from Saw V (2008)" loading="lazy" decoding="async" width="312" height="175.5" sizes="(min-width: 706px) 312px, (min-width: 1280) 25vw, (min-width: 1472px) 312px, 50vw" class="aspect-[1.77777778] h-auto"/></a></div><div class="row-start-2 mb-2 tablet:m-0 tablet:px-6"><a href="/reviews/saw-v-2008/" class="block text-md text-default">Saw V<!-- --> <span class="text-sm font-light leading-none text-muted">2008</span></a></div><div class="mb-6 tablet:m-0 tablet:px-6 tablet:pb-6"><picture><source srcSet="/svg/3-stars-dark.svg" media="(prefers-color-scheme: dark)"/><img src="/svg/3-stars.svg" alt="C+: 3 stars (out of 5)" height="16" width="80"/></picture></div><div class="tablet:px-6"><div class="text-sm leading-4 tracking-0.5px text-subtle"><span>Horror</span><span> | <!-- -->Thriller</span></div></div></li><li class="flow-root w-full px-gutter py-6 even:bg-subtle tablet:grid tablet:max-w-[312px] tablet:grid-rows-[auto_auto_1fr_auto] tablet:gap-y-2 tablet:overflow-hidden tablet:rounded-lg tablet:bg-default tablet:p-0 tablet:pb-8 tablet:shadow-all tablet:shadow-border tablet:even:bg-default"><div class="row-start-1 row-end-1"><a href="/reviews/saw-vi-2009/" class="safari-border-radius-fix float-right mb-2 ml-6 block w-[calc(50%_-_12px)] max-w-[312px] overflow-hidden rounded-lg tablet:float-none tablet:m-0 tablet:w-auto tablet:rounded-none"><img srcSet="/_image?/content%2Fassets%2Fstills%2Fsaw-vi-2009.png%3ForigWidth%3D2000%26origHeight%3D1125%26origFormat%3Dpng&amp;w=78&amp;q=80&amp;f=avif 78w, /_image?/content%2Fassets%2Fstills%2Fsaw-vi-2009.png%3ForigWidth%3D2000%26origHeight%3D1125%26origFormat%3Dpng&amp;w=156&amp;q=80&amp;f=avif 156w, /_image?/content%2Fassets%2Fstills%2Fsaw-vi-2009.png%3ForigWidth%3D2000%26origHeight%3D1125%26origFormat%3Dpng&amp;w=312&amp;q=80&amp;f=avif 312w, /_image?/content%2Fassets%2Fstills%2Fsaw-vi-2009.png%3ForigWidth%3D2000%26origHeight%3D1125%26origFormat%3Dpng&amp;w=624&amp;q=80&amp;f=avif 624w" src="/_image?/content%2Fassets%2Fstills%2Fsaw-vi-2009.png%3ForigWidth%3D2000%26origHeight%3D1125%26origFormat%3Dpng&amp;w=312&amp;h=176&amp;q=80&amp;f=avif" alt="A still from Saw VI (2009)" loading="lazy" decoding="async" width="312" height="175.5" sizes="(min-width: 706px) 312px, (min-width: 1280) 25vw, (min-width: 1472px) 312px, 50vw" class="aspect-[1.77777778] h-auto"/></a></div><div class="row-start-2 mb-2 tablet:m-0 tablet:px-6"><a href="/reviews/saw-vi-2009/" class="block text-md text-default">Saw VI<!-- --> <span class="text-sm font-light leading-none text-muted">2009</span></a></div><div class="mb-6 tablet:m-0 tablet:px-6 tablet:pb-6"><picture><source srcSet="/svg/3-stars-dark.svg" media="(prefers-color-scheme: dark)"/><img src="/svg/3-stars.svg" alt="C: 3 stars (out of 5)" height="16" width="80"/></picture></div><div class="tablet:px-6"><div class="text-sm leading-4 tracking-0.5px text-subtle"><span>Horror</span><span> | <!-- -->Mystery</span><span> | <!-- -->Thriller</span></div></div></li><li class="flow-root w-full px-gutter py-6 even:bg-subtle tablet:grid tablet:max-w-[312px] tablet:grid-rows-[auto_auto_1fr_auto] tablet:gap-y-2 tablet:overflow-hidden tablet:rounded-lg tablet:bg-default tablet:p-0 tablet:pb-8 tablet:shadow-all tablet:shadow-border tablet:even:bg-default"><div class="row-start-1 row-end-1"><a href="/reviews/saw-2004/" class="safari-border-radius-fix float-right mb-2 ml-6 block w-[calc(50%_-_12px)] max-w-[312px] overflow-hidden rounded-lg tablet:float-none tablet:m-0 tablet:w-auto tablet:rounded-none"><img srcSet="/_image?/content%2Fassets%2Fstills%2Fsaw-2004.png%3ForigWidth%3D2000%26origHeight%3D1125%26origFormat%3Dpng&amp;w=78&amp;q=80&amp;f=avif 78w, /_image?/content%2Fassets%2Fstills%2Fsaw-2004.png%3ForigWidth%3D2000%26origHeight%3D1125%26origFormat%3Dpng&amp;w=156&amp;q=80&amp;f=avif 156w, /_image?/content%2Fassets%2Fstills%2Fsaw-2004.png%3ForigWidth%3D2000%26origHeight%3D1125%26origFormat%3Dpng&amp;w=312&amp;q=80&amp;f=avif 312w, /_image?/content%2Fassets%2Fstills%2Fsaw-2004.png%3ForigWidth%3D2000%26origHeight%3D1125%26origFormat%3Dpng&amp;w=624&amp;q=80&amp;f=avif 624w" src="/_image?/content%2Fassets%2Fstills%2Fsaw-2004.png%3ForigWidth%3D2000%26origHeight%3D1125%26origFormat%3Dpng&amp;w=312&amp;h=176&amp;q=80&amp;f=avif" alt="A still from Saw (2004)" loading="lazy" decoding="async" width="312" height="175.5" sizes="(min-width: 706px) 312px, (min-width: 1280) 25vw, (min-width: 1472px) 312px, 50vw" class="aspect-[1.77777778] h-auto"/></a></div><div class="row-start-2 mb-2 tablet:m-0 tablet:px-6"><a href="/reviews/saw-2004/" class="block text-md text-default">Saw<!-- --> <span class="text-sm font-light leading-none text-muted">2004</span></a></div><div class="mb-6 tablet:m-0 tablet:px-6 tablet:pb-6"><picture><source srcSet="/svg/3-half-stars-dark.svg" media="(prefers-color-scheme: dark)"/><img src="/svg/3-half-stars.svg" alt="B-: 3.5 stars (out of 5)" height="16" width="80"/></picture></div><div class="tablet:px-6"><div class="text-sm leading-4 tracking-0.5px text-subtle"><span>Horror</span><span> | <!-- -->Mystery</span><span> | <!-- -->Thriller</span></div></div></li><li class="flow-root w-full px-gutter py-6 even:bg-subtle tablet:grid tablet:max-w-[312px] tablet:grid-rows-[auto_auto_1fr_auto] tablet:gap-y-2 tablet:overflow-hidden tablet:rounded-lg tablet:bg-default tablet:p-0 tablet:pb-8 tablet:shadow-all tablet:shadow-border tablet:even:bg-default"><div class="row-start-1 row-end-1"><a href="/reviews/saw-ii-2005/" class="safari-border-radius-fix float-right mb-2 ml-6 block w-[calc(50%_-_12px)] max-w-[312px] overflow-hidden rounded-lg tablet:float-none tablet:m-0 tablet:w-auto tablet:rounded-none"><img srcSet="/_image?/content%2Fassets%2Fstills%2Fsaw-ii-2005.png%3ForigWidth%3D2000%26origHeight%3D1125%26origFormat%3Dpng&amp;w=78&amp;q=80&amp;f=avif 78w, /_image?/content%2Fassets%2Fstills%2Fsaw-ii-2005.png%3ForigWidth%3D2000%26origHeight%3D1125%26origFormat%3Dpng&amp;w=156&amp;q=80&amp;f=avif 156w, /_image?/content%2Fassets%2Fstills%2Fsaw-ii-2005.png%3ForigWidth%3D2000%26origHeight%3D1125%26origFormat%3Dpng&amp;w=312&amp;q=80&amp;f=avif 312w, /_image?/content%2Fassets%2Fstills%2Fsaw-ii-2005.png%3ForigWidth%3D2000%26origHeight%3D1125%26origFormat%3Dpng&amp;w=624&amp;q=80&amp;f=avif 624w" src="/_image?/content%2Fassets%2Fstills%2Fsaw-ii-2005.png%3ForigWidth%3D2000%26origHeight%3D1125%26origFormat%3Dpng&amp;w=312&amp;h=176&amp;q=80&amp;f=avif" alt="A still from Saw II (2005)" loading="lazy" decoding="async" width="312" height="175.5" sizes="(min-width: 706px) 312px, (min-width: 1280) 25vw, (min-width: 1472px) 312px, 50vw" class="aspect-[1.77777778] h-auto"/></a></div><div class="row-start-2 mb-2 tablet:m-0 tablet:px-6"><a href="/reviews/saw-ii-2005/" class="block text-md text-default">Saw II<!-- --> <span class="text-sm font-light leading-none text-muted">2005</span></a></div><div class="mb-6 tablet:m-0 tablet:px-6 tablet:pb-6"><picture><source srcSet="/svg/2-half-stars-dark.svg" media="(prefers-color-scheme: dark)"/><img src="/svg/2-half-stars.svg" alt="C-: 2.5 stars (out of 5)" height="16" width="80"/></picture></div><div class="tablet:px-6"><div class="text-sm leading-4 tracking-0.5px text-subtle"><span>Horror</span><span> | <!-- -->Mystery</span></div></div></li><li class="col-[1_/_-1] block px-gutter py-4 text-right shadow-bottom shadow-border tablet:absolute tablet:right-0 tablet:top-0 tablet:shadow-none desktop:right-[var(--gutter-width)]"><a href="/collections/saw">All<!-- --> <span class="inline tablet:hidden desktop:inline">Saw</span> <!-- -->→</a></li></ul></nav><nav class="relative flex w-full flex-col items-center tablet:w-auto"><div class="border-bottom w-full px-gutter py-2 tablet:py-4 tablet:shadow-none desktop:px-pageMargin desktop:py-4"><span class="font-semibold text-muted">More<!-- --> </span><a href="/reviews/">Reviews</a></div><ul class="w-full tablet:grid tablet:w-auto tablet:grid-cols-[repeat(2,minmax(100px,312px))] tablet:gap-8 tablet:px-gutter desktop:max-w-unset desktop:grid-cols-[repeat(4,1fr)] desktop:px-pageMargin desktop:pt-2"><li class="flow-root w-full px-gutter py-6 even:bg-subtle tablet:grid tablet:max-w-[312px] tablet:grid-rows-[auto_auto_1fr_auto] tablet:gap-y-2 tablet:overflow-hidden tablet:rounded-lg tablet:bg-default tablet:p-0 tablet:pb-8 tablet:shadow-all tablet:shadow-border tablet:even:bg-default"><div class="row-start-1 row-end-1"><a href="/reviews/salvation-have-you-said-your-prayers-today-1987/" class="safari-border-radius-fix float-right mb-2 ml-6 block w-[calc(50%_-_12px)] max-w-[312px] overflow-hidden rounded-lg tablet:float-none tablet:m-0 tablet:w-auto tablet:rounded-none"><img srcSet="/_image?/content%2Fassets%2Fstills%2Fsalvation-have-you-said-your-prayers-today-1987.png%3ForigWidth%3D2000%26origHeight%3D1125%26origFormat%3Dpng&amp;w=78&amp;q=80&amp;f=avif 78w, /_image?/content%2Fassets%2Fstills%2Fsalvation-have-you-said-your-prayers-today-1987.png%3ForigWidth%3D2000%26origHeight%3D1125%26origFormat%3Dpng&amp;w=156&amp;q=80&amp;f=avif 156w, /_image?/content%2Fassets%2Fstills%2Fsalvation-have-you-said-your-prayers-today-1987.png%3ForigWidth%3D2000%26origHeight%3D1125%26origFormat%3Dpng&amp;w=312&amp;q=80&amp;f=avif 312w, /_image?/content%2Fassets%2Fstills%2Fsalvation-have-you-said-your-prayers-today-1987.png%3ForigWidth%3D2000%26origHeight%3D1125%26origFormat%3Dpng&amp;w=624&amp;q=80&amp;f=avif 624w" src="/_image?/content%2Fassets%2Fstills%2Fsalvation-have-you-said-your-prayers-today-1987.png%3ForigWidth%3D2000%26origHeight%3D1125%26origFormat%3Dpng&amp;w=312&amp;h=176&amp;q=80&amp;f=avif" alt="A still from Salvation! (1987)" loading="lazy" decoding="async" width="312" height="175.5" sizes="(min-width: 706px) 312px, (min-width: 1280) 25vw, (min-width: 1472px) 312px, 50vw" class="aspect-[1.77777778] h-auto"/></a></div><div class="row-start-2 mb-2 tablet:m-0 tablet:px-6"><a href="/reviews/salvation-have-you-said-your-prayers-today-1987/" class="block text-md text-default">Salvation!<!-- --> <span class="text-sm font-light leading-none text-muted">1987</span></a></div><div class="mb-6 tablet:m-0 tablet:px-6 tablet:pb-6"><picture><source srcSet="/svg/4-stars-dark.svg" media="(prefers-color-scheme: dark)"/><img src="/svg/4-stars.svg" alt="B: 4 stars (out of 5)" height="16" width="80"/></picture></div><div class="tablet:px-6"><div class="text-sm leading-4 tracking-0.5px text-subtle"><span>Comedy</span></div></div></li><li class="flow-root w-full px-gutter py-6 even:bg-subtle tablet:grid tablet:max-w-[312px] tablet:grid-rows-[auto_auto_1fr_auto] tablet:gap-y-2 tablet:overflow-hidden tablet:rounded-lg tablet:bg-default tablet:p-0 tablet:pb-8 tablet:shadow-all tablet:shadow-border tablet:even:bg-default"><div class="row-start-1 row-end-1"><a href="/reviews/saw-2004/" class="safari-border-radius-fix float-right mb-2 ml-6 block w-[calc(50%_-_12px)] max-w-[312px] overflow-hidden rounded-lg tablet:float-none tablet:m-0 tablet:w-auto tablet:rounded-none"><img srcSet="/_image?/content%2Fassets%2Fstills%2Fsaw-2004.png%3ForigWidth%3D2000%26origHeight%3D1125%26origFormat%3Dpng&amp;w=78&amp;q=80&amp;f=avif 78w, /_image?/content%2Fassets%2Fstills%2Fsaw-2004.png%3ForigWidth%3D2000%26origHeight%3D1125%26origFormat%3Dpng&amp;w=156&amp;q=80&amp;f=avif 156w, /_image?/content%2Fassets%2Fstills%2Fsaw-2004.png%3ForigWidth%3D2000%26origHeight%3D1125%26origFormat%3Dpng&amp;w=312&amp;q=80&amp;f=avif 312w, /_image?/content%2Fassets%2Fstills%2Fsaw-2004.png%3ForigWidth%3D2000%26origHeight%3D1125%26origFormat%3Dpng&amp;w=624&amp;q=80&amp;f=avif 624w" src="/_image?/content%2Fassets%2Fstills%2Fsaw-2004.png%3ForigWidth%3D2000%26origHeight%3D1125%26origFormat%3Dpng&amp;w=312&amp;h=176&amp;q=80&amp;f=avif" alt="A still from Saw (2004)" loading="lazy" decoding="async" width="312" height="175.5" sizes="(min-width: 706px) 312px, (min-width: 1280) 25vw, (min-width: 1472px) 312px, 50vw" class="aspect-[1.77777778] h-auto"/></a></div><div class="row-start-2 mb-2 tablet:m-0 tablet:px-6"><a href="/reviews/saw-2004/" class="block text-md text-default">Saw<!-- --> <span class="text-sm font-light leading-none text-muted">2004</span></a></div><div class="mb-6 tablet:m-0 tablet:px-6 tablet:pb-6"><picture><source srcSet="/svg/3-half-stars-dark.svg" media="(prefers-color-scheme: dark)"/><img src="/svg/3-half-stars.svg" alt="B-: 3.5 stars (out of 5)" height="16" width="80"/></picture></div><div class="tablet:px-6"><div class="text-sm leading-4 tracking-0.5px text-subtle"><span>Horror</span><span> | <!-- -->Mystery</span><span> | <!-- -->Thriller</span></div></div></li><li class="flow-root w-full px-gutter py-6 even:bg-subtle tablet:grid tablet:max-w-[312px] tablet:grid-rows-[auto_auto_1fr_auto] tablet:gap-y-2 tablet:overflow-hidden tablet:rounded-lg tablet:bg-default tablet:p-0 tablet:pb-8 tablet:shadow-all tablet:shadow-border tablet:even:bg-default"><div class="row-start-1 row-end-1"><a href="/reviews/saw-ii-2005/" class="safari-border-radius-fix float-right mb-2 ml-6 block w-[calc(50%_-_12px)] max-w-[312px] overflow-hidden rounded-lg tablet:float-none tablet:m-0 tablet:w-auto tablet:rounded-none"><img srcSet="/_image?/content%2Fassets%2Fstills%2Fsaw-ii-2005.png%3ForigWidth%3D2000%26origHeight%3D1125%26origFormat%3Dpng&amp;w=78&amp;q=80&amp;f=avif 78w, /_image?/content%2Fassets%2Fstills%2Fsaw-ii-2005.png%3ForigWidth%3D2000%26origHeight%3D1125%26origFormat%3Dpng&amp;w=156&amp;q=80&amp;f=avif 156w, /_image?/content%2Fassets%2Fstills%2Fsaw-ii-2005.png%3ForigWidth%3D2000%26origHeight%3D1125%26origFormat%3Dpng&amp;w=312&amp;q=80&amp;f=avif 312w, /_image?/content%2Fassets%2Fstills%2Fsaw-ii-2005.png%3ForigWidth%3D2000%26origHeight%3D1125%26origFormat%3Dpng&amp;w=624&amp;q=80&amp;f=avif 624w" src="/_image?/content%2Fassets%2Fstills%2Fsaw-ii-2005.png%3ForigWidth%3D2000%26origHeight%3D1125%26origFormat%3Dpng&amp;w=312&amp;h=176&amp;q=80&amp;f=avif" alt="A still from Saw II (2005)" loading="lazy" decoding="async" width="312" height="175.5" sizes="(min-width: 706px) 312px, (min-width: 1280) 25vw, (min-width: 1472px) 312px, 50vw" class="aspect-[1.77777778] h-auto"/></a></div><div class="row-start-2 mb-2 tablet:m-0 tablet:px-6"><a href="/reviews/saw-ii-2005/" class="block text-md text-default">Saw II<!-- --> <span class="text-sm font-light leading-none text-muted">2005</span></a></div><div class="mb-6 tablet:m-0 tablet:px-6 tablet:pb-6"><picture><source srcSet="/svg/2-half-stars-dark.svg" media="(prefers-color-scheme: dark)"/><img src="/svg/2-half-stars.svg" alt="C-: 2.5 stars (out of 5)" height="16" width="80"/></picture></div><div class="tablet:px-6"><div class="text-sm leading-4 tracking-0.5px text-subtle"><span>Horror</span><span> | <!-- -->Mystery</span></div></div></li><li class="flow-root w-full px-gutter py-6 even:bg-subtle tablet:grid tablet:max-w-[312px] tablet:grid-rows-[auto_auto_1fr_auto] tablet:gap-y-2 tablet:overflow-hidden tablet:rounded-lg tablet:bg-default tablet:p-0 tablet:pb-8 tablet:shadow-all tablet:shadow-border tablet:even:bg-default"><div class="row-start-1 row-end-1"><a href="/reviews/saw-iii-2006/" class="safari-border-radius-fix float-right mb-2 ml-6 block w-[calc(50%_-_12px)] max-w-[312px] overflow-hidden rounded-lg tablet:float-none tablet:m-0 tablet:w-auto tablet:rounded-none"><img srcSet="/_image?/content%2Fassets%2Fstills%2Fsaw-iii-2006.png%3ForigWidth%3D2000%26origHeight%3D1125%26origFormat%3Dpng&amp;w=78&amp;q=80&amp;f=avif 78w, /_image?/content%2Fassets%2Fstills%2Fsaw-iii-2006.png%3ForigWidth%3D2000%26origHeight%3D1125%26origFormat%3Dpng&amp;w=156&amp;q=80&amp;f=avif 156w, /_image?/content%2Fassets%2Fstills%2Fsaw-iii-2006.png%3ForigWidth%3D2000%26origHeight%3D1125%26origFormat%3Dpng&amp;w=312&amp;q=80&amp;f=avif 312w, /_image?/content%2Fassets%2Fstills%2Fsaw-iii-2006.png%3ForigWidth%3D2000%26origHeight%3D1125%26origFormat%3Dpng&amp;w=624&amp;q=80&amp;f=avif 624w" src="/_image?/content%2Fassets%2Fstills%2Fsaw-iii-2006.png%3ForigWidth%3D2000%26origHeight%3D1125%26origFormat%3Dpng&amp;w=312&amp;h=176&amp;q=80&amp;f=avif" alt="A still from Saw III (2006)" loading="lazy" decoding="async" width="312" height="175.5" sizes="(min-width: 706px) 312px, (min-width: 1280) 25vw, (min-width: 1472px) 312px, 50vw" class="aspect-[1.77777778] h-auto"/></a></div><div class="row-start-2 mb-2 tablet:m-0 tablet:px-6"><a href="/reviews/saw-iii-2006/" class="block text-md text-default">Saw III<!-- --> <span class="text-sm font-light leading-none text-muted">2006</span></a></div><div class="mb-6 tablet:m-0 tablet:px-6 tablet:pb-6"><picture><source srcSet="/svg/3-stars-dark.svg" media="(prefers-color-scheme: dark)"/><img src="/svg/3-stars.svg" alt="C: 3 stars (out of 5)" height="16" width="80"/></picture></div><div class="tablet:px-6"><div class="text-sm leading-4 tracking-0.5px text-subtle"><span>Horror</span><span> | <!-- -->Mystery</span><span> | <!-- -->Thriller</span></div></div></li><li class="col-[1_/_-1] block px-gutter py-4 text-right shadow-bottom shadow-border tablet:absolute tablet:right-0 tablet:top-0 tablet:shadow-none desktop:right-[var(--gutter-width)]"><a href="/reviews/">All<!-- --> <span class="inline tablet:hidden desktop:inline">Reviews</span> <!-- -->→</a></li></ul></nav></div><div class="spacer-y-32 tablet:spacer-y-0"></div><script type="application/ld+json">{"@context":"http://schema.org","@type":"Review","itemReviewed":{"@type":"Movie","name":"Saw 3D","sameAs":"http://www.imdb.com/title/tt1477076/","image":"/_image?/content%2Fassets%2Fstills%2Fsaw-3d-2010.png%3ForigWidth%3D2000%26origHeight%3D1125%26origFormat%3Dpng&w=1200&h=675&q=80&f=jpeg","dateCreated":"2010","director":{"@type":"Person","name":"Kevin Greutert"}},"reviewRating":{"@type":"Rating","ratingValue":2},"author":{"@type":"Person","name":"Frank Showalter"}}</script></main>  </div><footer class="flex flex-col items-center gap-y-6 bg-notcomingsoon px-pageMargin py-8 text-inverse"><ul class="flex w-full flex-wrap justify-center gap-x-4 gap-y-2 text-inverse tablet:gap-x-6 max:w-auto"><li class="block whitespace-nowrap tracking-0.5px"><a class="text-inverse" href="/">Home</a></li><li class="block whitespace-nowrap tracking-0.5px"><a class="text-inherit" href="/how-i-grade/">How I Grade</a></li><li class="block whitespace-nowrap tracking-0.5px"><a class="text-inherit" href="/reviews/">Reviews</a></li><li class="block whitespace-nowrap tracking-0.5px"><a class="text-inherit" href="/viewings/">Viewing Log</a></li><li class="block whitespace-nowrap tracking-0.5px"><a class="text-inherit" href="/cast-and-crew/">Cast &amp; Crew</a></li><li class="block whitespace-nowrap tracking-0.5px"><a class="text-inherit" href="/collections/">Collections</a></li><li class="block whitespace-nowrap tracking-0.5px"><a class="text-inherit" href="/watchlist/">Watchlist</a></li></ul><p class="text-sm font-light leading-4">All stills used in accordance with the<!-- --> <a href="http://www.copyright.gov/title17/92chap1.html#107" class="text-inherit">Fair Use Law.</a></p><a href="#top" class="sr-only">To the top ↑</a></footer></div></div> </html>