<!DOCTYPE html><html lang="en"> <head><meta charset="UTF-8"><meta name="description" content="Astro description"><meta name="viewport" content="width=device-width"><link rel="icon" href="/favicon.ico" sizes="48x48"><link rel="icon" href="/favicon.svg" sizes="any" type="image/svg+xml"><link rel="apple-touch-icon" href="/apple-touch-icon.png"><link rel="manifest" href="/site.webmanifest"><meta name="generator" content="Astro v4.11.5"><meta name="description" content="&#38;#9733;&#38;#9733; You won’t believe me when I tell you not to watch Shock.

Especially if you’re a Vincent Price fan. The plot alone will convince you it’s worth watching. Price plays a psychiatrist who murders his wife. Unbeknownst to him, Anabel Shaw’s character witnesses the murder from her hotel room. The sight renders her catatonic and she falls under the care of—you guessed it—Price’s character. Better still: Shaw’s character spies the murder only after waking from an anxiety-laden nightmare, calling into question her reliability as a narrator.

It could play as a cross between Rebecca and Suspicion. Instead, it plays like Double Indemnity. There’s no doubt Price’s character is guilty. He’s egged on by femme fatale Lynn Bari.

I can hear you saying to yourself, “That sounds interesting.”

I’m here to tell you, it isn’t. Price doesn’t register as charming or sinister. He has zero chemistry with Bari, who herself fails to register as seductive or cunning. This renders the entire film rather boring, which as I’ve written before, is a film’s most unforgivable sin.

But let’s face it: if you’re a Vincent Price fan, you won’t believe me. Price played this sort of role so well in so many later pictures, you can’t fathom him falling flat. To those fans, I offer this condolence: if you make it through the film, you’ll see the ending, which I found so unintentionally funny I laughed aloud. So that’s something.
"><meta name="og:image" content="/_image?href=%2F%40fs%2FUsers%2Ffrank%2FDeveloper%2Ffranksmovielog.com-astro%2Fcontent%2Fassets%2Fstills%2Fshock-1946.png%3ForigWidth%3D2000%26origHeight%3D1125%26origFormat%3Dpng&#38;w=1200&#38;h=675&#38;q=80&#38;f=jpeg"><meta property="og:url" content="https://www.franksmovielog.com//"><meta property="og:type" content="article"><meta property="og:title" content="Shock (1946)"><meta property="og:description" content="&#38;#9733;&#38;#9733; You won’t believe me when I tell you not to watch Shock.

Especially if you’re a Vincent Price fan. The plot alone will convince you it’s worth watching. Price plays a psychiatrist who murders his wife. Unbeknownst to him, Anabel Shaw’s character witnesses the murder from her hotel room. The sight renders her catatonic and she falls under the care of—you guessed it—Price’s character. Better still: Shaw’s character spies the murder only after waking from an anxiety-laden nightmare, calling into question her reliability as a narrator.

It could play as a cross between Rebecca and Suspicion. Instead, it plays like Double Indemnity. There’s no doubt Price’s character is guilty. He’s egged on by femme fatale Lynn Bari.

I can hear you saying to yourself, “That sounds interesting.”

I’m here to tell you, it isn’t. Price doesn’t register as charming or sinister. He has zero chemistry with Bari, who herself fails to register as seductive or cunning. This renders the entire film rather boring, which as I’ve written before, is a film’s most unforgivable sin.

But let’s face it: if you’re a Vincent Price fan, you won’t believe me. Price played this sort of role so well in so many later pictures, you can’t fathom him falling flat. To those fans, I offer this condolence: if you make it through the film, you’ll see the ending, which I found so unintentionally funny I laughed aloud. So that’s something.
"><title>Shock (1946) | Frank&#39;s Movie Log</title></head>  <div><a href="#content" class="bg-subtle text-accent translate-skip-to-content absolute left-1/2 top-0.5 z-50 mx-auto px-6 py-2 text-center">Skip to content</a><div class="image-filter bg-notcomingsoon max-w-canvas desktop:sticky desktop:top-0 desktop:z-40 mx-auto min-h-4 w-full"></div><div class="max-w-canvas bg-default mx-auto flex min-h-full flex-col"><header class="border-bottom px-pageMargin bg-default desktop:sticky desktop:top-4 desktop:z-40 desktop:flex-row desktop:flex-wrap desktop:justify-between desktop:py-8 desktop:text-left flex flex-col items-center gap-6 py-6 text-center"><div class="items-inherit justify-items-inherit flex flex-col"><h1 class="whitespace-nowrap font-normal leading-8" style="font-size:1.5625rem"><a class="text-default" href="/">Frank&#x27;s Movie Log</a></h1><p class="text-muted desktop:pl-px w-full text-sm italic leading-4">My life at the movies.</p></div><div class="desktop:w-auto max:order-4 w-full max-w-prose"><form action="https://www.google.com/search" accept-charset="UTF-8" method="get" role="search" class="border-all w-full max-w-prose overflow-hidden rounded"><label for="search" class="flex overflow-hidden"><span class="sr-only">Search</span><input type="text" name="q" id="search" placeholder="Search..." class="bg-subtle text-default min-w-0 grow border-0 px-4 py-2 text-base font-light leading-6"/><input type="hidden" name="q" value="site:www.franksmovielog.com"/><button type="submit" value="Search" aria-label="Search" class="bg-subtle border-default border-0 border-l px-3 py-1"><svg class="fill-subtle size-4" viewBox="0 0 16 16"><path fill-rule="evenodd" d="M10.442 10.442a1 1 0 011.415 0l3.85 3.85a1 1 0 01-1.414 1.415l-3.85-3.85a1 1 0 010-1.415z"></path><path fill-rule="evenodd" d="M6.5 12a5.5 5.5 0 100-11 5.5 5.5 0 000 11zM13 6.5a6.5 6.5 0 11-13 0 6.5 6.5 0 0113 0z"></path></svg></button></label></form></div><nav class="max:w-auto w-full"><ul class="tablet:gap-x-6 text-accent desktop:justify-start flex flex-wrap justify-center gap-x-4 gap-y-2"><li class="block whitespace-nowrap tracking-0.5px"><a class="text-muted" href="/">Home</a></li><li class="block whitespace-nowrap tracking-0.5px"><a class="text-inherit" href="/how-i-grade/">How I Grade</a></li><li class="block whitespace-nowrap tracking-0.5px"><a class="text-inherit" href="/reviews/">Reviews</a></li><li class="block whitespace-nowrap tracking-0.5px"><a class="text-inherit" href="/viewings/">Viewing Log</a></li><li class="block whitespace-nowrap tracking-0.5px"><a class="text-inherit" href="/cast-and-crew/">Cast &amp; Crew</a></li><li class="block whitespace-nowrap tracking-0.5px"><a class="text-inherit" href="/collections/">Collections</a></li><li class="block whitespace-nowrap tracking-0.5px"><a class="text-inherit" href="/watchlist/">Watchlist</a></li></ul></nav></header><div class="grow" id="content">  <main id="top" class="scroll-margin-top flex flex-col items-center"><header class="flex flex-col gap-y-4 px-pageMargin py-6 text-center desktop:py-8"><h1 class="text-[2rem] font-normal leading-none desktop:text-[2.25rem]">Shock</h1><div class="text-muted">1946<!-- --> <span>|</span> <!-- -->United States<!-- --> <span>|</span> <!-- -->70<!-- --> min<!-- --> <span><span>|</span> <a href="#credits">More...</a></span></div></header><img srcSet="/_image?href=%2F%40fs%2FUsers%2Ffrank%2FDeveloper%2Ffranksmovielog.com-astro%2Fcontent%2Fassets%2Fstills%2Fshock-1946.png%3ForigWidth%3D2000%26origHeight%3D1125%26origFormat%3Dpng&amp;w=240&amp;q=80&amp;f=avif 240w, /_image?href=%2F%40fs%2FUsers%2Ffrank%2FDeveloper%2Ffranksmovielog.com-astro%2Fcontent%2Fassets%2Fstills%2Fshock-1946.png%3ForigWidth%3D2000%26origHeight%3D1125%26origFormat%3Dpng&amp;w=480&amp;q=80&amp;f=avif 480w, /_image?href=%2F%40fs%2FUsers%2Ffrank%2FDeveloper%2Ffranksmovielog.com-astro%2Fcontent%2Fassets%2Fstills%2Fshock-1946.png%3ForigWidth%3D2000%26origHeight%3D1125%26origFormat%3Dpng&amp;w=960&amp;q=80&amp;f=avif 960w, /_image?href=%2F%40fs%2FUsers%2Ffrank%2FDeveloper%2Ffranksmovielog.com-astro%2Fcontent%2Fassets%2Fstills%2Fshock-1946.png%3ForigWidth%3D2000%26origHeight%3D1125%26origFormat%3Dpng&amp;w=1920&amp;q=80&amp;f=avif 1920w" src="/_image?href=%2F%40fs%2FUsers%2Ffrank%2FDeveloper%2Ffranksmovielog.com-astro%2Fcontent%2Fassets%2Fstills%2Fshock-1946.png%3ForigWidth%3D2000%26origHeight%3D1125%26origFormat%3Dpng&amp;w=960&amp;h=540&amp;q=80&amp;f=avif" alt="A still from Shock (1946)" loading="eager" decoding="sync" width="960" height="540" sizes="(min-width: 960px) 960px, 100vw" class="aspect-[1.77777778] mb-[5.33px]"/><div class="h-6 min-h-6 tablet:h-8 tablet:min-h-8"></div><div class="flex flex-col gap-y-8 items-center px-pageMargin"><div class="flex flex-col items-center"><picture><source srcSet="/svg/2-stars-dark.svg" media="(prefers-color-scheme: dark)"/><img src="/svg/2-stars.svg" alt="D+: 2 stars (out of 5)" height="32" width="160"/></picture><div class="flex flex-col items-center tracking-0.5px text-subtle"><span>on</span> <!-- -->Sat, Apr 8, 2017</div></div><div class="rendered-markdown font-light text-md/7 tracking-0.3px tablet:text-xl/8 max-w-prose"><p>You won’t believe me when I tell you not to watch <em>Shock</em>.</p>
<p>Especially if you’re a Vincent Price fan. The plot alone will convince you it’s worth watching. Price plays a psychiatrist who murders his wife. Unbeknownst to him, Anabel Shaw’s character witnesses the murder from her hotel room. The sight renders her catatonic and she falls under the care of—you guessed it—Price’s character. Better still: Shaw’s character spies the murder only after waking from an anxiety-laden nightmare, calling into question her reliability as a narrator.</p>
<p>It could play as a cross between <em>Rebecca</em> and <em>Suspicion</em>. Instead, it plays like <em>Double Indemnity</em>. There’s no doubt Price’s character is guilty. He’s egged on by femme fatale Lynn Bari.</p>
<p>I can hear you saying to yourself, “That sounds interesting.”</p>
<p>I’m here to tell you, it isn’t. Price doesn’t register as charming or sinister. He has zero chemistry with Bari, who herself fails to register as seductive or cunning. This renders the entire film rather boring, which as I’ve written before, is a film’s most unforgivable sin.</p>
<p>But let’s face it: if you’re a Vincent Price fan, you won’t believe me. Price played this sort of role so well in so many later pictures, you can’t fathom him falling flat. To those fans, I offer this condolence: if you make it through the film, you’ll see the ending, which I found so unintentionally funny I laughed aloud. So that’s something.</p></div></div><div class="spacer-y-20"></div><div class="w-full max-w-popout"><h3 class="border-bottom px-gutter text-md font-normal text-subtle">Viewing History<div class="h-2 min-h-2"></div></h3><ul><li class="flex flex-col px-gutter even:bg-subtle"><div class="flex gap-x-[1ch] py-4"><div class="h-5 w-4"><svg width="1em" height="1em" viewBox="0 0 16 16" class="h-auto fill-subtle mr-[1ch] min-h-4 min-w-4 mt-1 w-4" xmlns="http://www.w3.org/2000/svg"><title>Watched on</title><path fill-rule="evenodd" d="M14 2H2a1 1 0 0 0-1 1v11a1 1 0 0 0 1 1h12a1 1 0 0 0 1-1V3a1 1 0 0 0-1-1zM2 1a2 2 0 0 0-2 2v11a2 2 0 0 0 2 2h12a2 2 0 0 0 2-2V3a2 2 0 0 0-2-2H2z"></path><path fill-rule="evenodd" d="M14 2H2a1 1 0 0 0-1 1v1h14V3a1 1 0 0 0-1-1zM2 1a2 2 0 0 0-2 2v2h16V3a2 2 0 0 0-2-2H2z"></path><path fill-rule="evenodd" d="M3.5 0a.5.5 0 0 1 .5.5V1a.5.5 0 0 1-1 0V.5a.5.5 0 0 1 .5-.5zm9 0a.5.5 0 0 1 .5.5V1a.5.5 0 0 1-1 0V.5a.5.5 0 0 1 .5-.5z"></path></svg> </div><div class="grow"><span class="inline-block text-default">Sat, Apr 8, 2017</span> <span class="font-light text-muted"><span>via</span> <span>FXM</span></span> <!-- --> </div></div><div></div></li></ul></div><div class="spacer-y-32"></div><aside id="credits" class="scroll-margin-top relative bg-subtle px-gutter pb-8 pt-8 tablet:pt-12 w-full max-w-popout"><header class="flex items-center justify-center gap-x-2 pb-6 text-center text-2.5xl">Shock<!-- --> <span class="text-sm font-light text-subtle">(<!-- -->1946<!-- -->)</span></header><div class="poster-border mb-4 h-full mt-0 max-w-poster tablet:mx-0 mx-auto block w-full tablet:float-left tablet:mr-gutter"><img srcSet="/_image?href=%2F%40fs%2FUsers%2Ffrank%2FDeveloper%2Ffranksmovielog.com-astro%2Fcontent%2Fassets%2Fposters%2Fshock-1946.png%3ForigWidth%3D500%26origHeight%3D750%26origFormat%3Dpng&amp;w=62&amp;q=80&amp;f=avif 62w, /_image?href=%2F%40fs%2FUsers%2Ffrank%2FDeveloper%2Ffranksmovielog.com-astro%2Fcontent%2Fassets%2Fposters%2Fshock-1946.png%3ForigWidth%3D500%26origHeight%3D750%26origFormat%3Dpng&amp;w=124&amp;q=80&amp;f=avif 124w, /_image?href=%2F%40fs%2FUsers%2Ffrank%2FDeveloper%2Ffranksmovielog.com-astro%2Fcontent%2Fassets%2Fposters%2Fshock-1946.png%3ForigWidth%3D500%26origHeight%3D750%26origFormat%3Dpng&amp;w=248&amp;q=80&amp;f=avif 248w, /_image?href=%2F%40fs%2FUsers%2Ffrank%2FDeveloper%2Ffranksmovielog.com-astro%2Fcontent%2Fassets%2Fposters%2Fshock-1946.png%3ForigWidth%3D500%26origHeight%3D750%26origFormat%3Dpng&amp;w=496&amp;q=80&amp;f=avif 496w" src="/_image?href=%2F%40fs%2FUsers%2Ffrank%2FDeveloper%2Ffranksmovielog.com-astro%2Fcontent%2Fassets%2Fposters%2Fshock-1946.png%3ForigWidth%3D500%26origHeight%3D750%26origFormat%3Dpng&amp;w=248&amp;h=372&amp;q=80&amp;f=avif" alt="A poster from Shock (1946)" width="248" height="372" sizes="(min-width: 248px) 248px, 100vw" class="aspect-[0.66666667] h-auto rounded-xl" loading="lazy" decoding="async"/></div><dl class="flex flex-col gap-y-4"><div class="overflow-hidden"><dt class="font-bold text-subtle">Financing</dt><dd class="text-subtle">United States</dd></div><div class="overflow-hidden"><dt class="font-bold text-subtle">Running Time</dt><dd class="text-subtle">70 min</dd></div><div class="overflow-hidden"><dt class="font-bold text-subtle">Directed by</dt><dd class="text-subtle"><div>Alfred L. Werker</div></dd></div><div class="overflow-hidden"><dt class="font-bold text-subtle">Written by</dt><dd class="text-subtle"><div>Eugene Ling</div><div>Albert DeMond</div><div>Martin Berkeley</div></dd></div><div class="overflow-hidden"><dt class="font-bold text-subtle">Starring</dt><dd class="text-subtle">Vincent Price, Lynn Bari, Frank Latimore, and Anabel Shaw</dd></div></dl><div class="h-8 min-h-8"></div><ul class="flex flex-wrap gap-2"><li class="block"><a href="/cast-and-crew/vincent-price" class="border-all hover:border-all-accent flex items-center whitespace-nowrap rounded-lg bg-inverse px-4 py-2"><img alt="More Vincent Price reviews" srcSet="/_image?href=%2F%40fs%2FUsers%2Ffrank%2FDeveloper%2Ffranksmovielog.com-astro%2Fcontent%2Fassets%2Favatars%2Fvincent-price.png%3ForigWidth%3D500%26origHeight%3D500%26origFormat%3Dpng&amp;w=40&amp;q=80&amp;f=avif 1x, /_image?href=%2F%40fs%2FUsers%2Ffrank%2FDeveloper%2Ffranksmovielog.com-astro%2Fcontent%2Fassets%2Favatars%2Fvincent-price.png%3ForigWidth%3D500%26origHeight%3D500%26origFormat%3Dpng&amp;w=80&amp;q=80&amp;f=avif 2x" src="/_image?href=%2F%40fs%2FUsers%2Ffrank%2FDeveloper%2Ffranksmovielog.com-astro%2Fcontent%2Fassets%2Favatars%2Fvincent-price.png%3ForigWidth%3D500%26origHeight%3D500%26origFormat%3Dpng&amp;w=40&amp;h=40&amp;q=80&amp;f=avif" width="40" height="40" loading="lazy" decoding="async" class="rounded-[50%] mr-[1ch] block size-10"/>Vincent Price</a></li></ul><div class="h-8 min-h-8"></div><a href="#top" class="mx-auto flex max-w-1/2 cursor-pointer content-center items-center justify-center rounded-lg p-2 shadow-all shadow-border hover:shadow-border-accent">Back to Top<svg viewBox="0 0 24 24" class="size-6 fill-default"><path d="M7.997 10l3.515-3.79a.672.672 0 0 1 .89-.076l.086.075L16 10 13 10.001V18h-2v-7.999L7.997 10z"></path></svg></a></aside><div class="spacer-y-32"></div><div class="flex flex-col items-center gap-y-12 bg-default tablet:bg-subtle tablet:pb-32 tablet:pt-8 desktop:gap-y-24 w-full max-w-popout tablet:max-w-full"><nav class="tablet:w-auto relative flex w-full flex-col items-center"><div class="border-bottom w-full px-gutter py-2 tablet:py-4 tablet:shadow-none desktop:px-pageMargin desktop:py-4"><span class="font-semibold text-muted">More with<!-- --> </span><a href="/cast-and-crew/vincent-price">Vincent Price</a></div><ul class="w-full tablet:grid tablet:w-auto tablet:grid-cols-[repeat(2,minmax(100px,312px))] tablet:gap-8 tablet:px-gutter desktop:max-w-unset desktop:grid-cols-[repeat(4,1fr)] desktop:px-pageMargin desktop:pt-2"><li class="flow-root w-full px-gutter py-6 even:bg-subtle tablet:grid tablet:max-w-[312px] tablet:grid-rows-[auto_auto_1fr_auto] tablet:gap-y-2 tablet:overflow-hidden tablet:rounded-lg tablet:bg-default tablet:p-0 tablet:pb-8 tablet:shadow-all tablet:shadow-border tablet:even:bg-default"><div class="row-start-1 row-end-1"><a href="/reviews/dangerous-mission-1954/" class="safari-border-radius-fix float-right mb-2 ml-6 block w-[calc(50%_-_12px)] max-w-[312px] overflow-hidden rounded-lg tablet:float-none tablet:m-0 tablet:w-auto tablet:rounded-none"><img srcSet="/_image?href=%2F%40fs%2FUsers%2Ffrank%2FDeveloper%2Ffranksmovielog.com-astro%2Fcontent%2Fassets%2Fstills%2Fdangerous-mission-1954.png%3ForigWidth%3D2000%26origHeight%3D1125%26origFormat%3Dpng&amp;w=78&amp;q=80&amp;f=avif 78w, /_image?href=%2F%40fs%2FUsers%2Ffrank%2FDeveloper%2Ffranksmovielog.com-astro%2Fcontent%2Fassets%2Fstills%2Fdangerous-mission-1954.png%3ForigWidth%3D2000%26origHeight%3D1125%26origFormat%3Dpng&amp;w=156&amp;q=80&amp;f=avif 156w, /_image?href=%2F%40fs%2FUsers%2Ffrank%2FDeveloper%2Ffranksmovielog.com-astro%2Fcontent%2Fassets%2Fstills%2Fdangerous-mission-1954.png%3ForigWidth%3D2000%26origHeight%3D1125%26origFormat%3Dpng&amp;w=312&amp;q=80&amp;f=avif 312w, /_image?href=%2F%40fs%2FUsers%2Ffrank%2FDeveloper%2Ffranksmovielog.com-astro%2Fcontent%2Fassets%2Fstills%2Fdangerous-mission-1954.png%3ForigWidth%3D2000%26origHeight%3D1125%26origFormat%3Dpng&amp;w=624&amp;q=80&amp;f=avif 624w" src="/_image?href=%2F%40fs%2FUsers%2Ffrank%2FDeveloper%2Ffranksmovielog.com-astro%2Fcontent%2Fassets%2Fstills%2Fdangerous-mission-1954.png%3ForigWidth%3D2000%26origHeight%3D1125%26origFormat%3Dpng&amp;w=312&amp;h=176&amp;q=80&amp;f=avif" alt="A still from Dangerous Mission (1954)" loading="lazy" decoding="async" width="312" height="175.5" sizes="(min-width: 706px) 312px, (min-width: 1280) 25vw, (min-width: 1472px) 312px, 50vw" class="aspect-[1.77777778] h-auto"/></a></div><div class="row-start-2 mb-2 tablet:m-0 tablet:px-6"><a href="/reviews/dangerous-mission-1954/" class="block text-md text-default">Dangerous Mission<!-- --> <span class="text-sm font-light leading-none text-muted">1954</span></a></div><div class="mb-6 tablet:m-0 tablet:px-6 tablet:pb-6"><picture><source srcSet="/svg/2-stars-dark.svg" media="(prefers-color-scheme: dark)"/><img src="/svg/2-stars.svg" alt="D: 2 stars (out of 5)" height="16" width="80"/></picture></div><div class="tablet:px-6"><div class="text-sm leading-4 tracking-0.5px text-subtle"><span>Action</span><span> | <!-- -->Crime</span><span> | <!-- -->Film-Noir</span><span> | <!-- -->Mystery</span><span> | <!-- -->Romance</span><span> | <!-- -->Thriller</span></div></div></li><li class="flow-root w-full px-gutter py-6 even:bg-subtle tablet:grid tablet:max-w-[312px] tablet:grid-rows-[auto_auto_1fr_auto] tablet:gap-y-2 tablet:overflow-hidden tablet:rounded-lg tablet:bg-default tablet:p-0 tablet:pb-8 tablet:shadow-all tablet:shadow-border tablet:even:bg-default"><div class="row-start-1 row-end-1"><a href="/reviews/service-de-luxe-1938/" class="safari-border-radius-fix float-right mb-2 ml-6 block w-[calc(50%_-_12px)] max-w-[312px] overflow-hidden rounded-lg tablet:float-none tablet:m-0 tablet:w-auto tablet:rounded-none"><img srcSet="/_image?href=%2F%40fs%2FUsers%2Ffrank%2FDeveloper%2Ffranksmovielog.com-astro%2Fcontent%2Fassets%2Fstills%2Fservice-de-luxe-1938.png%3ForigWidth%3D2000%26origHeight%3D1125%26origFormat%3Dpng&amp;w=78&amp;q=80&amp;f=avif 78w, /_image?href=%2F%40fs%2FUsers%2Ffrank%2FDeveloper%2Ffranksmovielog.com-astro%2Fcontent%2Fassets%2Fstills%2Fservice-de-luxe-1938.png%3ForigWidth%3D2000%26origHeight%3D1125%26origFormat%3Dpng&amp;w=156&amp;q=80&amp;f=avif 156w, /_image?href=%2F%40fs%2FUsers%2Ffrank%2FDeveloper%2Ffranksmovielog.com-astro%2Fcontent%2Fassets%2Fstills%2Fservice-de-luxe-1938.png%3ForigWidth%3D2000%26origHeight%3D1125%26origFormat%3Dpng&amp;w=312&amp;q=80&amp;f=avif 312w, /_image?href=%2F%40fs%2FUsers%2Ffrank%2FDeveloper%2Ffranksmovielog.com-astro%2Fcontent%2Fassets%2Fstills%2Fservice-de-luxe-1938.png%3ForigWidth%3D2000%26origHeight%3D1125%26origFormat%3Dpng&amp;w=624&amp;q=80&amp;f=avif 624w" src="/_image?href=%2F%40fs%2FUsers%2Ffrank%2FDeveloper%2Ffranksmovielog.com-astro%2Fcontent%2Fassets%2Fstills%2Fservice-de-luxe-1938.png%3ForigWidth%3D2000%26origHeight%3D1125%26origFormat%3Dpng&amp;w=312&amp;h=176&amp;q=80&amp;f=avif" alt="A still from Service de Luxe (1938)" loading="lazy" decoding="async" width="312" height="175.5" sizes="(min-width: 706px) 312px, (min-width: 1280) 25vw, (min-width: 1472px) 312px, 50vw" class="aspect-[1.77777778] h-auto"/></a></div><div class="row-start-2 mb-2 tablet:m-0 tablet:px-6"><a href="/reviews/service-de-luxe-1938/" class="block text-md text-default">Service de Luxe<!-- --> <span class="text-sm font-light leading-none text-muted">1938</span></a></div><div class="mb-6 tablet:m-0 tablet:px-6 tablet:pb-6"><picture><source srcSet="/svg/2-half-stars-dark.svg" media="(prefers-color-scheme: dark)"/><img src="/svg/2-half-stars.svg" alt="C-: 2.5 stars (out of 5)" height="16" width="80"/></picture></div><div class="tablet:px-6"><div class="text-sm leading-4 tracking-0.5px text-subtle"><span>Comedy</span><span> | <!-- -->Romance</span></div></div></li><li class="flow-root w-full px-gutter py-6 even:bg-subtle tablet:grid tablet:max-w-[312px] tablet:grid-rows-[auto_auto_1fr_auto] tablet:gap-y-2 tablet:overflow-hidden tablet:rounded-lg tablet:bg-default tablet:p-0 tablet:pb-8 tablet:shadow-all tablet:shadow-border tablet:even:bg-default"><div class="row-start-1 row-end-1"><a href="/reviews/the-long-night-1947/" class="safari-border-radius-fix float-right mb-2 ml-6 block w-[calc(50%_-_12px)] max-w-[312px] overflow-hidden rounded-lg tablet:float-none tablet:m-0 tablet:w-auto tablet:rounded-none"><img srcSet="/_image?href=%2F%40fs%2FUsers%2Ffrank%2FDeveloper%2Ffranksmovielog.com-astro%2Fcontent%2Fassets%2Fstills%2Fthe-long-night-1947.png%3ForigWidth%3D2000%26origHeight%3D1125%26origFormat%3Dpng&amp;w=78&amp;q=80&amp;f=avif 78w, /_image?href=%2F%40fs%2FUsers%2Ffrank%2FDeveloper%2Ffranksmovielog.com-astro%2Fcontent%2Fassets%2Fstills%2Fthe-long-night-1947.png%3ForigWidth%3D2000%26origHeight%3D1125%26origFormat%3Dpng&amp;w=156&amp;q=80&amp;f=avif 156w, /_image?href=%2F%40fs%2FUsers%2Ffrank%2FDeveloper%2Ffranksmovielog.com-astro%2Fcontent%2Fassets%2Fstills%2Fthe-long-night-1947.png%3ForigWidth%3D2000%26origHeight%3D1125%26origFormat%3Dpng&amp;w=312&amp;q=80&amp;f=avif 312w, /_image?href=%2F%40fs%2FUsers%2Ffrank%2FDeveloper%2Ffranksmovielog.com-astro%2Fcontent%2Fassets%2Fstills%2Fthe-long-night-1947.png%3ForigWidth%3D2000%26origHeight%3D1125%26origFormat%3Dpng&amp;w=624&amp;q=80&amp;f=avif 624w" src="/_image?href=%2F%40fs%2FUsers%2Ffrank%2FDeveloper%2Ffranksmovielog.com-astro%2Fcontent%2Fassets%2Fstills%2Fthe-long-night-1947.png%3ForigWidth%3D2000%26origHeight%3D1125%26origFormat%3Dpng&amp;w=312&amp;h=176&amp;q=80&amp;f=avif" alt="A still from The Long Night (1947)" loading="lazy" decoding="async" width="312" height="175.5" sizes="(min-width: 706px) 312px, (min-width: 1280) 25vw, (min-width: 1472px) 312px, 50vw" class="aspect-[1.77777778] h-auto"/></a></div><div class="row-start-2 mb-2 tablet:m-0 tablet:px-6"><a href="/reviews/the-long-night-1947/" class="block text-md text-default">The Long Night<!-- --> <span class="text-sm font-light leading-none text-muted">1947</span></a></div><div class="mb-6 tablet:m-0 tablet:px-6 tablet:pb-6"><picture><source srcSet="/svg/2-stars-dark.svg" media="(prefers-color-scheme: dark)"/><img src="/svg/2-stars.svg" alt="D+: 2 stars (out of 5)" height="16" width="80"/></picture></div><div class="tablet:px-6"><div class="text-sm leading-4 tracking-0.5px text-subtle"><span>Drama</span><span> | <!-- -->Film-Noir</span></div></div></li><li class="flow-root w-full px-gutter py-6 even:bg-subtle tablet:grid tablet:max-w-[312px] tablet:grid-rows-[auto_auto_1fr_auto] tablet:gap-y-2 tablet:overflow-hidden tablet:rounded-lg tablet:bg-default tablet:p-0 tablet:pb-8 tablet:shadow-all tablet:shadow-border tablet:even:bg-default"><div class="row-start-1 row-end-1"><a href="/reviews/the-three-musketeers-1948/" class="safari-border-radius-fix float-right mb-2 ml-6 block w-[calc(50%_-_12px)] max-w-[312px] overflow-hidden rounded-lg tablet:float-none tablet:m-0 tablet:w-auto tablet:rounded-none"><img srcSet="/_image?href=%2F%40fs%2FUsers%2Ffrank%2FDeveloper%2Ffranksmovielog.com-astro%2Fcontent%2Fassets%2Fstills%2Fthe-three-musketeers-1948.png%3ForigWidth%3D2000%26origHeight%3D1125%26origFormat%3Dpng&amp;w=78&amp;q=80&amp;f=avif 78w, /_image?href=%2F%40fs%2FUsers%2Ffrank%2FDeveloper%2Ffranksmovielog.com-astro%2Fcontent%2Fassets%2Fstills%2Fthe-three-musketeers-1948.png%3ForigWidth%3D2000%26origHeight%3D1125%26origFormat%3Dpng&amp;w=156&amp;q=80&amp;f=avif 156w, /_image?href=%2F%40fs%2FUsers%2Ffrank%2FDeveloper%2Ffranksmovielog.com-astro%2Fcontent%2Fassets%2Fstills%2Fthe-three-musketeers-1948.png%3ForigWidth%3D2000%26origHeight%3D1125%26origFormat%3Dpng&amp;w=312&amp;q=80&amp;f=avif 312w, /_image?href=%2F%40fs%2FUsers%2Ffrank%2FDeveloper%2Ffranksmovielog.com-astro%2Fcontent%2Fassets%2Fstills%2Fthe-three-musketeers-1948.png%3ForigWidth%3D2000%26origHeight%3D1125%26origFormat%3Dpng&amp;w=624&amp;q=80&amp;f=avif 624w" src="/_image?href=%2F%40fs%2FUsers%2Ffrank%2FDeveloper%2Ffranksmovielog.com-astro%2Fcontent%2Fassets%2Fstills%2Fthe-three-musketeers-1948.png%3ForigWidth%3D2000%26origHeight%3D1125%26origFormat%3Dpng&amp;w=312&amp;h=176&amp;q=80&amp;f=avif" alt="A still from The Three Musketeers (1948)" loading="lazy" decoding="async" width="312" height="175.5" sizes="(min-width: 706px) 312px, (min-width: 1280) 25vw, (min-width: 1472px) 312px, 50vw" class="aspect-[1.77777778] h-auto"/></a></div><div class="row-start-2 mb-2 tablet:m-0 tablet:px-6"><a href="/reviews/the-three-musketeers-1948/" class="block text-md text-default">The Three Musketeers<!-- --> <span class="text-sm font-light leading-none text-muted">1948</span></a></div><div class="mb-6 tablet:m-0 tablet:px-6 tablet:pb-6"><picture><source srcSet="/svg/2-stars-dark.svg" media="(prefers-color-scheme: dark)"/><img src="/svg/2-stars.svg" alt="D: 2 stars (out of 5)" height="16" width="80"/></picture></div><div class="tablet:px-6"><div class="text-sm leading-4 tracking-0.5px text-subtle"><span>Action</span><span> | <!-- -->Adventure</span><span> | <!-- -->Drama</span><span> | <!-- -->Romance</span></div></div></li><li class="col-[1_/_-1] block px-gutter py-4 text-right shadow-bottom shadow-border tablet:absolute tablet:right-0 tablet:top-0 tablet:shadow-none desktop:right-[var(--gutter-width)]"><a href="/cast-and-crew/vincent-price">All<!-- --> <span class="inline tablet:hidden desktop:inline">Vincent Price</span> <!-- -->→</a></li></ul></nav><nav class="tablet:w-auto relative flex w-full flex-col items-center"><div class="border-bottom w-full px-gutter py-2 tablet:py-4 tablet:shadow-none desktop:px-pageMargin desktop:py-4"><span class="font-semibold text-muted">More<!-- --> </span><a href="/reviews/">Reviews</a></div><ul class="w-full tablet:grid tablet:w-auto tablet:grid-cols-[repeat(2,minmax(100px,312px))] tablet:gap-8 tablet:px-gutter desktop:max-w-unset desktop:grid-cols-[repeat(4,1fr)] desktop:px-pageMargin desktop:pt-2"><li class="flow-root w-full px-gutter py-6 even:bg-subtle tablet:grid tablet:max-w-[312px] tablet:grid-rows-[auto_auto_1fr_auto] tablet:gap-y-2 tablet:overflow-hidden tablet:rounded-lg tablet:bg-default tablet:p-0 tablet:pb-8 tablet:shadow-all tablet:shadow-border tablet:even:bg-default"><div class="row-start-1 row-end-1"><a href="/reviews/a-ship-to-india-1947/" class="safari-border-radius-fix float-right mb-2 ml-6 block w-[calc(50%_-_12px)] max-w-[312px] overflow-hidden rounded-lg tablet:float-none tablet:m-0 tablet:w-auto tablet:rounded-none"><img srcSet="/_image?href=%2F%40fs%2FUsers%2Ffrank%2FDeveloper%2Ffranksmovielog.com-astro%2Fcontent%2Fassets%2Fstills%2Fa-ship-to-india-1947.png%3ForigWidth%3D2000%26origHeight%3D1125%26origFormat%3Dpng&amp;w=78&amp;q=80&amp;f=avif 78w, /_image?href=%2F%40fs%2FUsers%2Ffrank%2FDeveloper%2Ffranksmovielog.com-astro%2Fcontent%2Fassets%2Fstills%2Fa-ship-to-india-1947.png%3ForigWidth%3D2000%26origHeight%3D1125%26origFormat%3Dpng&amp;w=156&amp;q=80&amp;f=avif 156w, /_image?href=%2F%40fs%2FUsers%2Ffrank%2FDeveloper%2Ffranksmovielog.com-astro%2Fcontent%2Fassets%2Fstills%2Fa-ship-to-india-1947.png%3ForigWidth%3D2000%26origHeight%3D1125%26origFormat%3Dpng&amp;w=312&amp;q=80&amp;f=avif 312w, /_image?href=%2F%40fs%2FUsers%2Ffrank%2FDeveloper%2Ffranksmovielog.com-astro%2Fcontent%2Fassets%2Fstills%2Fa-ship-to-india-1947.png%3ForigWidth%3D2000%26origHeight%3D1125%26origFormat%3Dpng&amp;w=624&amp;q=80&amp;f=avif 624w" src="/_image?href=%2F%40fs%2FUsers%2Ffrank%2FDeveloper%2Ffranksmovielog.com-astro%2Fcontent%2Fassets%2Fstills%2Fa-ship-to-india-1947.png%3ForigWidth%3D2000%26origHeight%3D1125%26origFormat%3Dpng&amp;w=312&amp;h=176&amp;q=80&amp;f=avif" alt="A still from A Ship to India (1947)" loading="lazy" decoding="async" width="312" height="175.5" sizes="(min-width: 706px) 312px, (min-width: 1280) 25vw, (min-width: 1472px) 312px, 50vw" class="aspect-[1.77777778] h-auto"/></a></div><div class="row-start-2 mb-2 tablet:m-0 tablet:px-6"><a href="/reviews/a-ship-to-india-1947/" class="block text-md text-default">A Ship to India<!-- --> <span class="text-sm font-light leading-none text-muted">1947</span></a></div><div class="mb-6 tablet:m-0 tablet:px-6 tablet:pb-6"><picture><source srcSet="/svg/2-stars-dark.svg" media="(prefers-color-scheme: dark)"/><img src="/svg/2-stars.svg" alt="D+: 2 stars (out of 5)" height="16" width="80"/></picture></div><div class="tablet:px-6"><div class="text-sm leading-4 tracking-0.5px text-subtle"><span>Drama</span></div></div></li><li class="flow-root w-full px-gutter py-6 even:bg-subtle tablet:grid tablet:max-w-[312px] tablet:grid-rows-[auto_auto_1fr_auto] tablet:gap-y-2 tablet:overflow-hidden tablet:rounded-lg tablet:bg-default tablet:p-0 tablet:pb-8 tablet:shadow-all tablet:shadow-border tablet:even:bg-default"><div class="row-start-1 row-end-1"><a href="/reviews/shivers-1975/" class="safari-border-radius-fix float-right mb-2 ml-6 block w-[calc(50%_-_12px)] max-w-[312px] overflow-hidden rounded-lg tablet:float-none tablet:m-0 tablet:w-auto tablet:rounded-none"><img srcSet="/_image?href=%2F%40fs%2FUsers%2Ffrank%2FDeveloper%2Ffranksmovielog.com-astro%2Fcontent%2Fassets%2Fstills%2Fshivers-1975.png%3ForigWidth%3D2000%26origHeight%3D1125%26origFormat%3Dpng&amp;w=78&amp;q=80&amp;f=avif 78w, /_image?href=%2F%40fs%2FUsers%2Ffrank%2FDeveloper%2Ffranksmovielog.com-astro%2Fcontent%2Fassets%2Fstills%2Fshivers-1975.png%3ForigWidth%3D2000%26origHeight%3D1125%26origFormat%3Dpng&amp;w=156&amp;q=80&amp;f=avif 156w, /_image?href=%2F%40fs%2FUsers%2Ffrank%2FDeveloper%2Ffranksmovielog.com-astro%2Fcontent%2Fassets%2Fstills%2Fshivers-1975.png%3ForigWidth%3D2000%26origHeight%3D1125%26origFormat%3Dpng&amp;w=312&amp;q=80&amp;f=avif 312w, /_image?href=%2F%40fs%2FUsers%2Ffrank%2FDeveloper%2Ffranksmovielog.com-astro%2Fcontent%2Fassets%2Fstills%2Fshivers-1975.png%3ForigWidth%3D2000%26origHeight%3D1125%26origFormat%3Dpng&amp;w=624&amp;q=80&amp;f=avif 624w" src="/_image?href=%2F%40fs%2FUsers%2Ffrank%2FDeveloper%2Ffranksmovielog.com-astro%2Fcontent%2Fassets%2Fstills%2Fshivers-1975.png%3ForigWidth%3D2000%26origHeight%3D1125%26origFormat%3Dpng&amp;w=312&amp;h=176&amp;q=80&amp;f=avif" alt="A still from Shivers (1975)" loading="lazy" decoding="async" width="312" height="175.5" sizes="(min-width: 706px) 312px, (min-width: 1280) 25vw, (min-width: 1472px) 312px, 50vw" class="aspect-[1.77777778] h-auto"/></a></div><div class="row-start-2 mb-2 tablet:m-0 tablet:px-6"><a href="/reviews/shivers-1975/" class="block text-md text-default">Shivers<!-- --> <span class="text-sm font-light leading-none text-muted">1975</span></a></div><div class="mb-6 tablet:m-0 tablet:px-6 tablet:pb-6"><picture><source srcSet="/svg/2-half-stars-dark.svg" media="(prefers-color-scheme: dark)"/><img src="/svg/2-half-stars.svg" alt="C-: 2.5 stars (out of 5)" height="16" width="80"/></picture></div><div class="tablet:px-6"><div class="text-sm leading-4 tracking-0.5px text-subtle"><span>Horror</span><span> | <!-- -->Sci-Fi</span></div></div></li><li class="flow-root w-full px-gutter py-6 even:bg-subtle tablet:grid tablet:max-w-[312px] tablet:grid-rows-[auto_auto_1fr_auto] tablet:gap-y-2 tablet:overflow-hidden tablet:rounded-lg tablet:bg-default tablet:p-0 tablet:pb-8 tablet:shadow-all tablet:shadow-border tablet:even:bg-default"><div class="row-start-1 row-end-1"><a href="/reviews/shock-waves-1977/" class="safari-border-radius-fix float-right mb-2 ml-6 block w-[calc(50%_-_12px)] max-w-[312px] overflow-hidden rounded-lg tablet:float-none tablet:m-0 tablet:w-auto tablet:rounded-none"><img srcSet="/_image?href=%2F%40fs%2FUsers%2Ffrank%2FDeveloper%2Ffranksmovielog.com-astro%2Fcontent%2Fassets%2Fstills%2Fshock-waves-1977.png%3ForigWidth%3D2000%26origHeight%3D1125%26origFormat%3Dpng&amp;w=78&amp;q=80&amp;f=avif 78w, /_image?href=%2F%40fs%2FUsers%2Ffrank%2FDeveloper%2Ffranksmovielog.com-astro%2Fcontent%2Fassets%2Fstills%2Fshock-waves-1977.png%3ForigWidth%3D2000%26origHeight%3D1125%26origFormat%3Dpng&amp;w=156&amp;q=80&amp;f=avif 156w, /_image?href=%2F%40fs%2FUsers%2Ffrank%2FDeveloper%2Ffranksmovielog.com-astro%2Fcontent%2Fassets%2Fstills%2Fshock-waves-1977.png%3ForigWidth%3D2000%26origHeight%3D1125%26origFormat%3Dpng&amp;w=312&amp;q=80&amp;f=avif 312w, /_image?href=%2F%40fs%2FUsers%2Ffrank%2FDeveloper%2Ffranksmovielog.com-astro%2Fcontent%2Fassets%2Fstills%2Fshock-waves-1977.png%3ForigWidth%3D2000%26origHeight%3D1125%26origFormat%3Dpng&amp;w=624&amp;q=80&amp;f=avif 624w" src="/_image?href=%2F%40fs%2FUsers%2Ffrank%2FDeveloper%2Ffranksmovielog.com-astro%2Fcontent%2Fassets%2Fstills%2Fshock-waves-1977.png%3ForigWidth%3D2000%26origHeight%3D1125%26origFormat%3Dpng&amp;w=312&amp;h=176&amp;q=80&amp;f=avif" alt="A still from Shock Waves (1977)" loading="lazy" decoding="async" width="312" height="175.5" sizes="(min-width: 706px) 312px, (min-width: 1280) 25vw, (min-width: 1472px) 312px, 50vw" class="aspect-[1.77777778] h-auto"/></a></div><div class="row-start-2 mb-2 tablet:m-0 tablet:px-6"><a href="/reviews/shock-waves-1977/" class="block text-md text-default">Shock Waves<!-- --> <span class="text-sm font-light leading-none text-muted">1977</span></a></div><div class="mb-6 tablet:m-0 tablet:px-6 tablet:pb-6"><picture><source srcSet="/svg/2-stars-dark.svg" media="(prefers-color-scheme: dark)"/><img src="/svg/2-stars.svg" alt="D+: 2 stars (out of 5)" height="16" width="80"/></picture></div><div class="tablet:px-6"><div class="text-sm leading-4 tracking-0.5px text-subtle"><span>Horror</span><span> | <!-- -->Mystery</span><span> | <!-- -->Sci-Fi</span></div></div></li><li class="flow-root w-full px-gutter py-6 even:bg-subtle tablet:grid tablet:max-w-[312px] tablet:grid-rows-[auto_auto_1fr_auto] tablet:gap-y-2 tablet:overflow-hidden tablet:rounded-lg tablet:bg-default tablet:p-0 tablet:pb-8 tablet:shadow-all tablet:shadow-border tablet:even:bg-default"><div class="row-start-1 row-end-1"><a href="/reviews/sightseers-2012/" class="safari-border-radius-fix float-right mb-2 ml-6 block w-[calc(50%_-_12px)] max-w-[312px] overflow-hidden rounded-lg tablet:float-none tablet:m-0 tablet:w-auto tablet:rounded-none"><img srcSet="/_image?href=%2F%40fs%2FUsers%2Ffrank%2FDeveloper%2Ffranksmovielog.com-astro%2Fcontent%2Fassets%2Fstills%2Fsightseers-2012.png%3ForigWidth%3D2000%26origHeight%3D1125%26origFormat%3Dpng&amp;w=78&amp;q=80&amp;f=avif 78w, /_image?href=%2F%40fs%2FUsers%2Ffrank%2FDeveloper%2Ffranksmovielog.com-astro%2Fcontent%2Fassets%2Fstills%2Fsightseers-2012.png%3ForigWidth%3D2000%26origHeight%3D1125%26origFormat%3Dpng&amp;w=156&amp;q=80&amp;f=avif 156w, /_image?href=%2F%40fs%2FUsers%2Ffrank%2FDeveloper%2Ffranksmovielog.com-astro%2Fcontent%2Fassets%2Fstills%2Fsightseers-2012.png%3ForigWidth%3D2000%26origHeight%3D1125%26origFormat%3Dpng&amp;w=312&amp;q=80&amp;f=avif 312w, /_image?href=%2F%40fs%2FUsers%2Ffrank%2FDeveloper%2Ffranksmovielog.com-astro%2Fcontent%2Fassets%2Fstills%2Fsightseers-2012.png%3ForigWidth%3D2000%26origHeight%3D1125%26origFormat%3Dpng&amp;w=624&amp;q=80&amp;f=avif 624w" src="/_image?href=%2F%40fs%2FUsers%2Ffrank%2FDeveloper%2Ffranksmovielog.com-astro%2Fcontent%2Fassets%2Fstills%2Fsightseers-2012.png%3ForigWidth%3D2000%26origHeight%3D1125%26origFormat%3Dpng&amp;w=312&amp;h=176&amp;q=80&amp;f=avif" alt="A still from Sightseers (2012)" loading="lazy" decoding="async" width="312" height="175.5" sizes="(min-width: 706px) 312px, (min-width: 1280) 25vw, (min-width: 1472px) 312px, 50vw" class="aspect-[1.77777778] h-auto"/></a></div><div class="row-start-2 mb-2 tablet:m-0 tablet:px-6"><a href="/reviews/sightseers-2012/" class="block text-md text-default">Sightseers<!-- --> <span class="text-sm font-light leading-none text-muted">2012</span></a></div><div class="mb-6 tablet:m-0 tablet:px-6 tablet:pb-6"><picture><source srcSet="/svg/4-stars-dark.svg" media="(prefers-color-scheme: dark)"/><img src="/svg/4-stars.svg" alt="B: 4 stars (out of 5)" height="16" width="80"/></picture></div><div class="tablet:px-6"><div class="text-sm leading-4 tracking-0.5px text-subtle"><span>Adventure</span><span> | <!-- -->Comedy</span><span> | <!-- -->Crime</span><span> | <!-- -->Horror</span><span> | <!-- -->Romance</span></div></div></li><li class="col-[1_/_-1] block px-gutter py-4 text-right shadow-bottom shadow-border tablet:absolute tablet:right-0 tablet:top-0 tablet:shadow-none desktop:right-[var(--gutter-width)]"><a href="/reviews/">All<!-- --> <span class="inline tablet:hidden desktop:inline">Reviews</span> <!-- -->→</a></li></ul></nav></div><div class="spacer-y-32 tablet:spacer-y-0"></div><script type="application/ld+json">{"@context":"http://schema.org","@type":"Review","itemReviewed":{"@type":"Movie","name":"Shock","sameAs":"http://www.imdb.com/title/tt0038937/","image":"/_image?href=%2F%40fs%2FUsers%2Ffrank%2FDeveloper%2Ffranksmovielog.com-astro%2Fcontent%2Fassets%2Fstills%2Fshock-1946.png%3ForigWidth%3D2000%26origHeight%3D1125%26origFormat%3Dpng&w=1200&h=675&q=80&f=jpeg","dateCreated":"1946","director":{"@type":"Person","name":"Alfred L. Werker"}},"reviewRating":{"@type":"Rating","ratingValue":2},"author":{"@type":"Person","name":"Frank Showalter"}}</script></main>  </div><footer class="px-pageMargin bg-notcomingsoon text-inverse flex flex-col items-center gap-y-6 py-8"><ul class="tablet:gap-x-6 text-inverse max:w-auto flex w-full flex-wrap justify-center gap-x-4 gap-y-2"><li class="block whitespace-nowrap tracking-0.5px"><a class="text-inverse" href="/">Home</a></li><li class="block whitespace-nowrap tracking-0.5px"><a class="text-inherit" href="/how-i-grade/">How I Grade</a></li><li class="block whitespace-nowrap tracking-0.5px"><a class="text-inherit" href="/reviews/">Reviews</a></li><li class="block whitespace-nowrap tracking-0.5px"><a class="text-inherit" href="/viewings/">Viewing Log</a></li><li class="block whitespace-nowrap tracking-0.5px"><a class="text-inherit" href="/cast-and-crew/">Cast &amp; Crew</a></li><li class="block whitespace-nowrap tracking-0.5px"><a class="text-inherit" href="/collections/">Collections</a></li><li class="block whitespace-nowrap tracking-0.5px"><a class="text-inherit" href="/watchlist/">Watchlist</a></li></ul><p class="text-sm font-light leading-4">All stills used in accordance with the<!-- --> <a href="http://www.copyright.gov/title17/92chap1.html#107" class="text-inherit">Fair Use Law.</a></p><a href="#top" class="sr-only">To the top ↑</a></footer></div></div> </html>