<!DOCTYPE html><html lang="en"> <head><meta charset="UTF-8"><meta name="viewport" content="width=device-width"><link rel="icon" href="/favicon.ico" sizes="48x48"><link rel="icon" href="/favicon.svg" sizes="any" type="image/svg+xml"><link rel="apple-touch-icon" href="/apple-touch-icon.png"><link rel="manifest" href="/site.webmanifest"><meta name="description" content="&#38;#9733;&#38;#9733; For his second feature, director William Friedkin tries another musical comedy, this one about the waning days of burlesque. He should have known better, but given the circumstances, I understand.
"><meta name="og:image" content="/_image?/content%2Fassets%2Fstills%2Fthe-night-they-raided-minskys-1968.png%3ForigWidth%3D2000%26origHeight%3D1125%26origFormat%3Dpng&#38;w=1200&#38;h=675&#38;q=80&#38;f=jpeg"><meta property="og:url" content="https://www.franksmovielog.com//"><meta property="og:type" content="article"><meta property="og:title" content="The Night They Raided Minsky's (1968)"><meta property="og:description" content="&#38;#9733;&#38;#9733; For his second feature, director William Friedkin tries another musical comedy, this one about the waning days of burlesque. He should have known better, but given the circumstances, I understand.
"><title>The Night They Raided Minsky&#39;s (1968) | Frank&#39;s Movie Log</title></head>  <div><a href="#content" class="absolute left-1/2 top-0.5 z-50 mx-auto bg-subtle px-6 py-2 text-center text-accent [transform:translate(-50%,calc(-100%_-_2px))] focus:[transform:translate(-50%,0%)]">Skip to content</a><div class="image-filter mx-auto min-h-4 w-full max-w-canvas bg-[url(&#x27;/assets/ripnotcomingsoon.avif&#x27;)] desktop:sticky desktop:top-0 desktop:z-40"></div><div class="mx-auto flex min-h-full max-w-canvas flex-col bg-default"><header class="flex flex-col items-center gap-6 bg-default px-pageMargin py-6 text-center shadow-bottom desktop:sticky desktop:top-4 desktop:z-40 desktop:flex-row desktop:flex-wrap desktop:justify-between desktop:py-8 desktop:text-left"><div class="items-inherit justify-items-inherit flex flex-col"><h1 class="whitespace-nowrap font-normal leading-8" style="font-size:1.5625rem"><a class="text-default" href="/">Frank&#x27;s Movie Log</a></h1><p class="w-full text-sm italic leading-4 text-muted desktop:pl-px">My life at the movies.</p></div><div class="w-full max-w-prose desktop:w-auto max:order-4"><form action="https://www.google.com/search" accept-charset="UTF-8" method="get" role="search" class="w-full max-w-prose overflow-hidden rounded shadow-all"><label for="search" class="flex overflow-hidden"><span class="sr-only">Search</span><input type="text" name="q" id="search" placeholder="Search..." class="min-w-0 grow border-0 bg-subtle px-4 py-2 text-base font-light leading-6 text-default"/><input type="hidden" name="q" value="site:www.franksmovielog.com"/><button type="submit" value="Search" aria-label="Search" class="border-0 border-l border-default bg-subtle px-3 py-1"><svg class="size-4 fill-subtle" viewBox="0 0 16 16"><path fill-rule="evenodd" d="M10.442 10.442a1 1 0 011.415 0l3.85 3.85a1 1 0 01-1.414 1.415l-3.85-3.85a1 1 0 010-1.415z"></path><path fill-rule="evenodd" d="M6.5 12a5.5 5.5 0 100-11 5.5 5.5 0 000 11zM13 6.5a6.5 6.5 0 11-13 0 6.5 6.5 0 0113 0z"></path></svg></button></label></form></div><nav class="w-full max:w-auto"><ul class="flex flex-wrap justify-center gap-x-4 gap-y-2 text-accent tablet:gap-x-6 desktop:justify-start"><li class="block whitespace-nowrap tracking-0.5px"><a class="text-muted" href="/">Home</a></li><li class="block whitespace-nowrap tracking-0.5px"><a class="text-inherit" href="/how-i-grade/">How I Grade</a></li><li class="block whitespace-nowrap tracking-0.5px"><a class="text-inherit" href="/reviews/">Reviews</a></li><li class="block whitespace-nowrap tracking-0.5px"><a class="text-inherit" href="/viewings/">Viewing Log</a></li><li class="block whitespace-nowrap tracking-0.5px"><a class="text-inherit" href="/cast-and-crew/">Cast &amp; Crew</a></li><li class="block whitespace-nowrap tracking-0.5px"><a class="text-inherit" href="/collections/">Collections</a></li><li class="block whitespace-nowrap tracking-0.5px"><a class="text-inherit" href="/watchlist/">Watchlist</a></li></ul></nav></header><div class="grow" id="content">  <main id="top" class="flex scroll-mt-[var(--header-offset)] flex-col items-center"><header class="flex flex-col gap-y-4 px-pageMargin py-6 text-center desktop:py-8"><h1 class="text-[2rem] font-normal leading-none desktop:text-[2.25rem]">The Night They Raided Minsky&#x27;s</h1><div class="text-muted">1968<!-- --> <span>|</span> <!-- -->United States<!-- --> <span>|</span> <!-- -->99<!-- --> min<!-- --> <span><span>|</span> <a href="#credits">More...</a></span></div></header><img srcSet="/_image?/content%2Fassets%2Fstills%2Fthe-night-they-raided-minskys-1968.png%3ForigWidth%3D2000%26origHeight%3D1125%26origFormat%3Dpng&amp;w=240&amp;q=80&amp;f=avif 240w, /_image?/content%2Fassets%2Fstills%2Fthe-night-they-raided-minskys-1968.png%3ForigWidth%3D2000%26origHeight%3D1125%26origFormat%3Dpng&amp;w=480&amp;q=80&amp;f=avif 480w, /_image?/content%2Fassets%2Fstills%2Fthe-night-they-raided-minskys-1968.png%3ForigWidth%3D2000%26origHeight%3D1125%26origFormat%3Dpng&amp;w=960&amp;q=80&amp;f=avif 960w, /_image?/content%2Fassets%2Fstills%2Fthe-night-they-raided-minskys-1968.png%3ForigWidth%3D2000%26origHeight%3D1125%26origFormat%3Dpng&amp;w=1920&amp;q=80&amp;f=avif 1920w" src="/_image?/content%2Fassets%2Fstills%2Fthe-night-they-raided-minskys-1968.png%3ForigWidth%3D2000%26origHeight%3D1125%26origFormat%3Dpng&amp;w=960&amp;h=540&amp;q=80&amp;f=avif" alt="A still from The Night They Raided Minsky&#x27;s (1968)" loading="eager" decoding="sync" width="960" height="540" sizes="(min-width: 960px) 960px, 100vw" class="aspect-[1.77777778] mb-[5.33px]"/><div class="h-6 min-h-6 tablet:h-8 tablet:min-h-8"></div><div class="flex flex-col gap-y-8 items-center px-pageMargin"><div class="flex flex-col items-center"><picture><source srcSet="/svg/2-stars-dark.svg" media="(prefers-color-scheme: dark)"/><img src="/svg/2-stars.svg" alt="D: 2 stars (out of 5)" height="32" width="160"/></picture><div class="flex flex-col items-center tracking-0.5px text-subtle"><span>on</span> <!-- -->Mon, Sep 25, 2023</div></div><div class="rendered-markdown font-light text-md/7 tracking-0.3px tablet:text-xl/8 max-w-prose"><p>For his second feature, director William Friedkin tries another musical comedy, this one about the waning days of burlesque. He should have known better, but given the circumstances, I understand.</p>
<!-- end -->
<p>In his autobiography, <em>The Friedkin Connection</em>, Friedkin reveals how, post <a href="/reviews/good-times-1967/"><em>Good Times</em></a>, he feared another flop would end his career. Thus, he passed on a lot of material. This led to concerns from his agents at William Morris. “You’re only a film director if you’re making films,” they cautioned.</p>
<p>Enter Bud Yorkin. Friedkin met Yorkin through Dave Wolper, a documentary producer and Friedkin’s former employer. Yorkin and Friedkin hit it off and became instant friends.</p>
<p>Yorkin, along with partner Norman Lear, had dominated television variety shows and sitcoms. Now they were branching into movies. They had a two-picture deal with United Artists studio head David Picker. Yorkin was going to France to direct one (<em>Start the Revolution Without Me</em>) and proposed Friedkin direct the other (<em>Minsky’s</em>) in New York.</p>
<p>Wrote Friedkin, “Forget for the moment that I knew nothing about burlesque in the 1920s, or how to direct a musical comedy. Forget that I had only the commercial failure of <em>Good Times</em>. Bud believed in me and convinced David Picker that with Norman producing, I’d bring something original and contemporary to an older subject. I was offered $100,000, which was huge.”<sup><a href="#user-content-fn-1" id="user-content-fnref-1" data-footnote-ref="" aria-describedby="footnote-label">1</a></sup></p>
<p>Set in 1925, the script sees Rachel Schpitendavel, a young Pennsylvania Amish girl, venture into New York with dreams of becoming a dancer. She chances upon Minksy’s Burlesque theater where she meets Raymond, the straight man in a comedy act with his partner Chick, who plays the clown. Both men fall for her, Raymond in lust, Chick in love, causing friction in their act.</p>
<p>More drama comes via a nebbish vice detective who threatens to shut down the theater. Raymond hatches a plan to use Rachael to embarrass the vice detective, but Rachael and underworld boss Trim Houlihan complicate matters.</p>
<p>It’s all meant as a love letter to the waning days of burlesque in New York’s Lower East Side, proffering both a behind-the-scenes view of the backstage drama, and the audience’s view of the acts.</p>
<p>Trouble is, burlesque seems as alien to Friedkin as it would to any thirty-three-year-old in 1968. His documentary-like approach—realistic lighting, candid audience reaction shots, natural performances—grants ample verisimilitude but betrays the acts’ illusions. Being so close to the performers, we see the route memorization behind the proffered inspiration. The tired eyes and worn bodies beneath the makeup and costumes. Burlesque never looked so unappealing.</p>
<p>Though his approach doesn’t work, I understand Friedkin’s rationale. He’s compensating for a script that trades on a non-existent nostalgia, assuming the viewer’s familiarity and love for burlesque. Take the burlesque scenes out, and you’re left with four underwritten characters with suspect motivations and no clear protagonist.</p>
<p>The casting doesn’t help and proved the first red flag. Friedkin and Lear’s first choice for Raymond was Tony Curtis. He agreed but asked for rewrites to beef up the material. “You gotta tell Norman to put some meat on the bones,” Curtis said.<sup><a href="#user-content-fn-2" id="user-content-fnref-2" data-footnote-ref="" aria-describedby="footnote-label">2</a></sup></p>
<p>After the rewrites and three weeks before Lear and Friedkin were to leave for New York to prep the film, Curtis dropped out to make <em>The Boston Strangler</em> instead. They turned to Alan Alda, who agreed but couldn’t escape a Broadway commitment. Thus, the part went to Jason Robards, with Britt Ekland playing Rachael.</p>
<p>Though Robards’ resemblance to Humphrey Bogart shines, he and Ekland have no chemistry. In one scene, they stare into each other’s eyes in a costume shop, while Chick haggles over the price of a prop snake. The scene conveys no sense of mutual attraction. She falls for him because the script says she must, and when Robards reconsiders using her we’re supposed to root for him. Never mind said change only happens after he sleeps with her and betrays Chick, his friend and partner.</p>
<p>Ekland’s character proves no more endearing. After Robards, she gravitates to Trim, played by Forrest Tucker. Tucker proves better cast, and his character dresses her up in furs before her father shows up and demands she return home. In response, she struts out on stage and performs a strip-tease. One could spin this as a story of female empowerment, but Ekland’s naïve performance robs her character of any calculated agency. The uneven tone leaves us wondering if we’re meant to cheer or pity her.</p>
<p>With such a shaky foundation, it’s unsurprising Friedkin floundered. Wrote Friedkin, “There were many problems with it, but the biggest was my own ineptitude. I had researched the period but I didn’t know how to convey the right tone. I was in over my head. The crew sensed this and knew I was in over my head; from first assistant director Burtt Harris, to choreographer Danny Daniels, to director of photography Andy Laszlo. A film crew can be like the sailors on the USS Caine, on the verge of mutiny. If they sense weakness in the captain, plenty of junior officers are ready to step in and take over.”<sup><a href="#user-content-fn-3" id="user-content-fnref-3" data-footnote-ref="" aria-describedby="footnote-label">3</a></sup></p>
<p>After filming wrapped, Friedkin, eager to wash his hands of the affair, turned in his rough cut and left for London to start production on <psan data-imdb-id="tt0062732"><em>The Birthday Party</em>. Wrote Friedkin, “The final cut of Minsky’s was Norman’s, with assistance from our title designer, Pablo Ferro. Much as I’d like to absolve myself of blame for the film, I see my handiwork all over it, especially in the documentary approach to many of the scenes.”<sup><a href="#user-content-fn-4" id="user-content-fnref-4" data-footnote-ref="" aria-describedby="footnote-label">4</a></sup></psan></p>
<p>Indeed, Ferro’s magic trick-like device of morphing seeming archival footage to color current footage lends an immediate sense of authenticity and authority. Unlike Friedkin’s documentary style, this device enhances, rather than detracts from the proceedings.</p>
<p>Still, while the film proves difficult to recommend, it proves a step up from <em>Good Times</em>. Most should still avoid it, but for film students or serious Friedkin fans, it holds value. As an honest failure and semi-aborted project, it still feels like a Friedkin film—just not a good one.</p>
<section data-footnotes="" class="footnotes"><h2 class="sr-only" id="footnote-label">Footnotes</h2>
<ol>
<li id="user-content-fn-1">
<p>William Friedkin, <em>The Friedkin Connection</em> (HarperCollins, New York, 2013), 115, Kindle. <a href="#user-content-fnref-1" data-footnote-backref="" aria-label="Back to reference 1" class="data-footnote-backref">↩</a></p>
</li>
<li id="user-content-fn-2">
<p>William Friedkin, <em>The Friedkin Connection</em> (HarperCollins, New York, 2013), 116, Kindle. <a href="#user-content-fnref-2" data-footnote-backref="" aria-label="Back to reference 2" class="data-footnote-backref">↩</a></p>
</li>
<li id="user-content-fn-3">
<p>William Friedkin, <em>The Friedkin Connection</em> (HarperCollins, New York, 2013), 118, Kindle. <a href="#user-content-fnref-3" data-footnote-backref="" aria-label="Back to reference 3" class="data-footnote-backref">↩</a></p>
</li>
<li id="user-content-fn-4">
<p>William Friedkin, <em>The Friedkin Connection</em> (HarperCollins, New York, 2013), 120, Kindle. <a href="#user-content-fnref-4" data-footnote-backref="" aria-label="Back to reference 4" class="data-footnote-backref">↩</a></p>
</li>
</ol>
</section></div></div><div class="spacer-y-20"></div><div class="w-full max-w-popout"><h3 class="px-gutter text-md font-normal text-subtle shadow-bottom">Viewing History<div class="h-2 min-h-2"></div></h3><ul><li class="flex flex-col px-gutter even:bg-subtle"><div class="flex gap-x-[1ch] py-4"><div class="h-5 w-4"><svg width="1em" height="1em" viewBox="0 0 16 16" class="fill-subtle mr-[1ch] min-h-4 min-w-4 mt-1 w-4" xmlns="http://www.w3.org/2000/svg"><title>Watched on</title><path fill-rule="evenodd" d="M14 2H2a1 1 0 0 0-1 1v11a1 1 0 0 0 1 1h12a1 1 0 0 0 1-1V3a1 1 0 0 0-1-1zM2 1a2 2 0 0 0-2 2v11a2 2 0 0 0 2 2h12a2 2 0 0 0 2-2V3a2 2 0 0 0-2-2H2z"></path><path fill-rule="evenodd" d="M14 2H2a1 1 0 0 0-1 1v1h14V3a1 1 0 0 0-1-1zM2 1a2 2 0 0 0-2 2v2h16V3a2 2 0 0 0-2-2H2z"></path><path fill-rule="evenodd" d="M3.5 0a.5.5 0 0 1 .5.5V1a.5.5 0 0 1-1 0V.5a.5.5 0 0 1 .5-.5zm9 0a.5.5 0 0 1 .5.5V1a.5.5 0 0 1-1 0V.5a.5.5 0 0 1 .5-.5z"></path></svg> </div><div class="grow"><span class="inline-block text-default">Mon, Sep 25, 2023</span> <span class="font-light text-muted"><span>via</span> <span>Blu-ray</span></span> <span class="text-sm font-light leading-none text-subtle">(<span class="rendered-markdown font-light text-sm leading-none"><span>Olive Films, 2015</span></span>)</span> </div></div><div></div></li></ul></div><div class="spacer-y-32"></div><aside id="credits" class="relative scroll-mt-[var(--header-offset)] bg-subtle px-gutter pb-8 pt-8 tablet:pt-12 w-full max-w-popout"><header class="flex items-center justify-center gap-x-2 pb-6 text-center text-2.5xl">The Night They Raided Minsky&#x27;s<!-- --> <span class="text-sm font-light text-subtle">(<!-- -->1968<!-- -->)</span></header><div class="poster-border mx-auto mb-4 mt-0 block size-full max-w-poster tablet:float-left tablet:mx-0 tablet:mr-gutter"><img srcSet="/_image?/content%2Fassets%2Fposters%2Fthe-night-they-raided-minskys-1968.png%3ForigWidth%3D500%26origHeight%3D750%26origFormat%3Dpng&amp;w=62&amp;q=80&amp;f=avif 62w, /_image?/content%2Fassets%2Fposters%2Fthe-night-they-raided-minskys-1968.png%3ForigWidth%3D500%26origHeight%3D750%26origFormat%3Dpng&amp;w=124&amp;q=80&amp;f=avif 124w, /_image?/content%2Fassets%2Fposters%2Fthe-night-they-raided-minskys-1968.png%3ForigWidth%3D500%26origHeight%3D750%26origFormat%3Dpng&amp;w=248&amp;q=80&amp;f=avif 248w, /_image?/content%2Fassets%2Fposters%2Fthe-night-they-raided-minskys-1968.png%3ForigWidth%3D500%26origHeight%3D750%26origFormat%3Dpng&amp;w=496&amp;q=80&amp;f=avif 496w" src="/_image?/content%2Fassets%2Fposters%2Fthe-night-they-raided-minskys-1968.png%3ForigWidth%3D500%26origHeight%3D750%26origFormat%3Dpng&amp;w=248&amp;h=372&amp;q=80&amp;f=avif" alt="A poster from The Night They Raided Minsky&#x27;s (1968)" width="248" height="372" sizes="(min-width: 248px) 248px, 100vw" class="aspect-[0.66666667] h-auto rounded-xl" loading="lazy" decoding="async"/></div><dl class="flex flex-col gap-y-4"><div class="overflow-hidden"><dt class="font-bold text-subtle">Financing</dt><dd class="text-subtle">United States</dd></div><div class="overflow-hidden"><dt class="font-bold text-subtle">Running Time</dt><dd class="text-subtle">99 min</dd></div><div class="overflow-hidden"><dt class="font-bold text-subtle">Directed by</dt><dd class="text-subtle"><div>William Friedkin</div></dd></div><div class="overflow-hidden"><dt class="font-bold text-subtle">Written by</dt><dd class="text-subtle"><div>Arnold Schulman</div><div>Sidney Michaels</div><div>Norman Lear</div><div>Rowland Barber</div></dd></div><div class="overflow-hidden"><dt class="font-bold text-subtle">Starring</dt><dd class="text-subtle">Jason Robards, Britt Ekland, Norman Wisdom, and Forrest Tucker</dd></div></dl><div class="h-8 min-h-8"></div><ul class="flex flex-wrap gap-2"><li class="block"><a href="/cast-and-crew/william-friedkin" class="flex items-center whitespace-nowrap rounded-lg bg-inverse px-4 py-2 text-accent shadow-all hover:shadow-accent"><img alt="More William Friedkin reviews" srcSet="/_image?/content%2Fassets%2Favatars%2Fwilliam-friedkin.png%3ForigWidth%3D500%26origHeight%3D500%26origFormat%3Dpng&amp;w=40&amp;q=80&amp;f=avif 1x, /_image?/content%2Fassets%2Favatars%2Fwilliam-friedkin.png%3ForigWidth%3D500%26origHeight%3D500%26origFormat%3Dpng&amp;w=80&amp;q=80&amp;f=avif 2x" src="/_image?/content%2Fassets%2Favatars%2Fwilliam-friedkin.png%3ForigWidth%3D500%26origHeight%3D500%26origFormat%3Dpng&amp;w=40&amp;h=40&amp;q=80&amp;f=avif" width="40" height="40" loading="lazy" decoding="async" class="mr-[1ch] block size-10 rounded-[50%]"/>William Friedkin</a></li></ul><div class="h-8 min-h-8"></div><a href="#top" class="mx-auto flex max-w-[50%] cursor-pointer content-center items-center justify-center rounded-lg p-2 text-accent shadow-all hover:shadow-border-accent">Back to Top<svg viewBox="0 0 24 24" class="size-6 fill-default"><path d="M7.997 10l3.515-3.79a.672.672 0 0 1 .89-.076l.086.075L16 10 13 10.001V18h-2v-7.999L7.997 10z"></path></svg></a></aside><div class="spacer-y-32"></div><div class="flex flex-col items-center gap-y-12 bg-default tablet:bg-subtle tablet:pb-32 tablet:pt-8 desktop:gap-y-24 w-full max-w-popout tablet:max-w-full"><nav class="relative flex w-full flex-col items-center tablet:w-auto"><div class="w-full px-gutter py-2 shadow-bottom tablet:py-4 tablet:shadow-none desktop:px-pageMargin desktop:py-4"><span class="font-semibold text-muted">More<!-- --> </span><a class="text-accent" href="/reviews/">Reviews</a></div><ul class="w-full tablet:grid tablet:w-auto tablet:grid-cols-[repeat(2,minmax(100px,312px))] tablet:gap-8 tablet:px-gutter desktop:max-w-unset desktop:grid-cols-[repeat(4,1fr)] desktop:px-pageMargin desktop:pt-2"><li class="flow-root w-full px-gutter py-6 even:bg-subtle tablet:grid tablet:max-w-[312px] tablet:grid-rows-[auto_auto_1fr_auto] tablet:gap-y-2 tablet:overflow-hidden tablet:rounded-lg tablet:bg-default tablet:p-0 tablet:pb-8 tablet:shadow-all tablet:shadow-border tablet:even:bg-default"><div class="row-start-1 row-end-1"><a href="/reviews/the-new-york-ripper-1982/" class="safari-border-radius-fix float-right mb-2 ml-6 block w-[calc(50%_-_12px)] max-w-[312px] overflow-hidden rounded-lg tablet:float-none tablet:m-0 tablet:w-auto tablet:rounded-none"><img srcSet="/_image?/content%2Fassets%2Fstills%2Fthe-new-york-ripper-1982.png%3ForigWidth%3D2000%26origHeight%3D1125%26origFormat%3Dpng&amp;w=78&amp;q=80&amp;f=avif 78w, /_image?/content%2Fassets%2Fstills%2Fthe-new-york-ripper-1982.png%3ForigWidth%3D2000%26origHeight%3D1125%26origFormat%3Dpng&amp;w=156&amp;q=80&amp;f=avif 156w, /_image?/content%2Fassets%2Fstills%2Fthe-new-york-ripper-1982.png%3ForigWidth%3D2000%26origHeight%3D1125%26origFormat%3Dpng&amp;w=312&amp;q=80&amp;f=avif 312w, /_image?/content%2Fassets%2Fstills%2Fthe-new-york-ripper-1982.png%3ForigWidth%3D2000%26origHeight%3D1125%26origFormat%3Dpng&amp;w=624&amp;q=80&amp;f=avif 624w" src="/_image?/content%2Fassets%2Fstills%2Fthe-new-york-ripper-1982.png%3ForigWidth%3D2000%26origHeight%3D1125%26origFormat%3Dpng&amp;w=312&amp;h=176&amp;q=80&amp;f=avif" alt="A still from The New York Ripper (1982)" loading="lazy" decoding="async" width="312" height="175.5" sizes="(min-width: 706px) 312px, (min-width: 1280) 25vw, (min-width: 1472px) 312px, 50vw" class="aspect-[1.77777778] h-auto"/></a></div><div class="row-start-2 mb-2 tablet:m-0 tablet:px-6"><a href="/reviews/the-new-york-ripper-1982/" class="block text-md text-default">The New York Ripper<!-- --> <span class="text-sm font-light leading-none text-muted">1982</span></a></div><div class="mb-6 tablet:m-0 tablet:px-6 tablet:pb-6"><picture><source srcSet="/svg/3-half-stars-dark.svg" media="(prefers-color-scheme: dark)"/><img src="/svg/3-half-stars.svg" alt="B-: 3.5 stars (out of 5)" height="16" width="80"/></picture></div><div class="tablet:px-6"><div class="text-sm leading-4 tracking-0.5px text-subtle"><span>Horror</span><span> | <!-- -->Mystery</span><span> | <!-- -->Thriller</span></div></div></li><li class="flow-root w-full px-gutter py-6 even:bg-subtle tablet:grid tablet:max-w-[312px] tablet:grid-rows-[auto_auto_1fr_auto] tablet:gap-y-2 tablet:overflow-hidden tablet:rounded-lg tablet:bg-default tablet:p-0 tablet:pb-8 tablet:shadow-all tablet:shadow-border tablet:even:bg-default"><div class="row-start-1 row-end-1"><a href="/reviews/next-of-kin-1989/" class="safari-border-radius-fix float-right mb-2 ml-6 block w-[calc(50%_-_12px)] max-w-[312px] overflow-hidden rounded-lg tablet:float-none tablet:m-0 tablet:w-auto tablet:rounded-none"><img srcSet="/_image?/content%2Fassets%2Fstills%2Fnext-of-kin-1989.png%3ForigWidth%3D2000%26origHeight%3D1125%26origFormat%3Dpng&amp;w=78&amp;q=80&amp;f=avif 78w, /_image?/content%2Fassets%2Fstills%2Fnext-of-kin-1989.png%3ForigWidth%3D2000%26origHeight%3D1125%26origFormat%3Dpng&amp;w=156&amp;q=80&amp;f=avif 156w, /_image?/content%2Fassets%2Fstills%2Fnext-of-kin-1989.png%3ForigWidth%3D2000%26origHeight%3D1125%26origFormat%3Dpng&amp;w=312&amp;q=80&amp;f=avif 312w, /_image?/content%2Fassets%2Fstills%2Fnext-of-kin-1989.png%3ForigWidth%3D2000%26origHeight%3D1125%26origFormat%3Dpng&amp;w=624&amp;q=80&amp;f=avif 624w" src="/_image?/content%2Fassets%2Fstills%2Fnext-of-kin-1989.png%3ForigWidth%3D2000%26origHeight%3D1125%26origFormat%3Dpng&amp;w=312&amp;h=176&amp;q=80&amp;f=avif" alt="A still from Next of Kin (1989)" loading="lazy" decoding="async" width="312" height="175.5" sizes="(min-width: 706px) 312px, (min-width: 1280) 25vw, (min-width: 1472px) 312px, 50vw" class="aspect-[1.77777778] h-auto"/></a></div><div class="row-start-2 mb-2 tablet:m-0 tablet:px-6"><a href="/reviews/next-of-kin-1989/" class="block text-md text-default">Next of Kin<!-- --> <span class="text-sm font-light leading-none text-muted">1989</span></a></div><div class="mb-6 tablet:m-0 tablet:px-6 tablet:pb-6"><picture><source srcSet="/svg/3-stars-dark.svg" media="(prefers-color-scheme: dark)"/><img src="/svg/3-stars.svg" alt="C+: 3 stars (out of 5)" height="16" width="80"/></picture></div><div class="tablet:px-6"><div class="text-sm leading-4 tracking-0.5px text-subtle"><span>Action</span><span> | <!-- -->Crime</span><span> | <!-- -->Drama</span><span> | <!-- -->Thriller</span></div></div></li><li class="flow-root w-full px-gutter py-6 even:bg-subtle tablet:grid tablet:max-w-[312px] tablet:grid-rows-[auto_auto_1fr_auto] tablet:gap-y-2 tablet:overflow-hidden tablet:rounded-lg tablet:bg-default tablet:p-0 tablet:pb-8 tablet:shadow-all tablet:shadow-border tablet:even:bg-default"><div class="row-start-1 row-end-1"><a href="/reviews/night-train-to-terror-1985/" class="safari-border-radius-fix float-right mb-2 ml-6 block w-[calc(50%_-_12px)] max-w-[312px] overflow-hidden rounded-lg tablet:float-none tablet:m-0 tablet:w-auto tablet:rounded-none"><img srcSet="/_image?/content%2Fassets%2Fstills%2Fnight-train-to-terror-1985.png%3ForigWidth%3D2000%26origHeight%3D1125%26origFormat%3Dpng&amp;w=78&amp;q=80&amp;f=avif 78w, /_image?/content%2Fassets%2Fstills%2Fnight-train-to-terror-1985.png%3ForigWidth%3D2000%26origHeight%3D1125%26origFormat%3Dpng&amp;w=156&amp;q=80&amp;f=avif 156w, /_image?/content%2Fassets%2Fstills%2Fnight-train-to-terror-1985.png%3ForigWidth%3D2000%26origHeight%3D1125%26origFormat%3Dpng&amp;w=312&amp;q=80&amp;f=avif 312w, /_image?/content%2Fassets%2Fstills%2Fnight-train-to-terror-1985.png%3ForigWidth%3D2000%26origHeight%3D1125%26origFormat%3Dpng&amp;w=624&amp;q=80&amp;f=avif 624w" src="/_image?/content%2Fassets%2Fstills%2Fnight-train-to-terror-1985.png%3ForigWidth%3D2000%26origHeight%3D1125%26origFormat%3Dpng&amp;w=312&amp;h=176&amp;q=80&amp;f=avif" alt="A still from Night Train to Terror (1985)" loading="lazy" decoding="async" width="312" height="175.5" sizes="(min-width: 706px) 312px, (min-width: 1280) 25vw, (min-width: 1472px) 312px, 50vw" class="aspect-[1.77777778] h-auto"/></a></div><div class="row-start-2 mb-2 tablet:m-0 tablet:px-6"><a href="/reviews/night-train-to-terror-1985/" class="block text-md text-default">Night Train to Terror<!-- --> <span class="text-sm font-light leading-none text-muted">1985</span></a></div><div class="mb-6 tablet:m-0 tablet:px-6 tablet:pb-6"><picture><source srcSet="/svg/3-stars-dark.svg" media="(prefers-color-scheme: dark)"/><img src="/svg/3-stars.svg" alt="C: 3 stars (out of 5)" height="16" width="80"/></picture></div><div class="tablet:px-6"><div class="text-sm leading-4 tracking-0.5px text-subtle"><span>Drama</span><span> | <!-- -->Fantasy</span><span> | <!-- -->Horror</span><span> | <!-- -->Mystery</span><span> | <!-- -->Thriller</span></div></div></li><li class="flow-root w-full px-gutter py-6 even:bg-subtle tablet:grid tablet:max-w-[312px] tablet:grid-rows-[auto_auto_1fr_auto] tablet:gap-y-2 tablet:overflow-hidden tablet:rounded-lg tablet:bg-default tablet:p-0 tablet:pb-8 tablet:shadow-all tablet:shadow-border tablet:even:bg-default"><div class="row-start-1 row-end-1"><a href="/reviews/night-of-the-demons-1988/" class="safari-border-radius-fix float-right mb-2 ml-6 block w-[calc(50%_-_12px)] max-w-[312px] overflow-hidden rounded-lg tablet:float-none tablet:m-0 tablet:w-auto tablet:rounded-none"><img srcSet="/_image?/content%2Fassets%2Fstills%2Fnight-of-the-demons-1988.png%3ForigWidth%3D2000%26origHeight%3D1125%26origFormat%3Dpng&amp;w=78&amp;q=80&amp;f=avif 78w, /_image?/content%2Fassets%2Fstills%2Fnight-of-the-demons-1988.png%3ForigWidth%3D2000%26origHeight%3D1125%26origFormat%3Dpng&amp;w=156&amp;q=80&amp;f=avif 156w, /_image?/content%2Fassets%2Fstills%2Fnight-of-the-demons-1988.png%3ForigWidth%3D2000%26origHeight%3D1125%26origFormat%3Dpng&amp;w=312&amp;q=80&amp;f=avif 312w, /_image?/content%2Fassets%2Fstills%2Fnight-of-the-demons-1988.png%3ForigWidth%3D2000%26origHeight%3D1125%26origFormat%3Dpng&amp;w=624&amp;q=80&amp;f=avif 624w" src="/_image?/content%2Fassets%2Fstills%2Fnight-of-the-demons-1988.png%3ForigWidth%3D2000%26origHeight%3D1125%26origFormat%3Dpng&amp;w=312&amp;h=176&amp;q=80&amp;f=avif" alt="A still from Night of the Demons (1988)" loading="lazy" decoding="async" width="312" height="175.5" sizes="(min-width: 706px) 312px, (min-width: 1280) 25vw, (min-width: 1472px) 312px, 50vw" class="aspect-[1.77777778] h-auto"/></a></div><div class="row-start-2 mb-2 tablet:m-0 tablet:px-6"><a href="/reviews/night-of-the-demons-1988/" class="block text-md text-default">Night of the Demons<!-- --> <span class="text-sm font-light leading-none text-muted">1988</span></a></div><div class="mb-6 tablet:m-0 tablet:px-6 tablet:pb-6"><picture><source srcSet="/svg/2-half-stars-dark.svg" media="(prefers-color-scheme: dark)"/><img src="/svg/2-half-stars.svg" alt="C-: 2.5 stars (out of 5)" height="16" width="80"/></picture></div><div class="tablet:px-6"><div class="text-sm leading-4 tracking-0.5px text-subtle"><span>Comedy</span><span> | <!-- -->Fantasy</span><span> | <!-- -->Horror</span></div></div></li><li class="col-[1_/_-1] block px-gutter py-4 text-right shadow-bottom shadow-border tablet:absolute tablet:right-0 tablet:top-0 tablet:shadow-none desktop:right-[var(--gutter-width)]"><a class="text-accent" href="/reviews/">All<!-- --> <span class="inline tablet:hidden desktop:inline">Reviews</span> <!-- -->→</a></li></ul></nav></div><div class="spacer-y-32 tablet:spacer-y-0"></div><script type="application/ld+json">{"@context":"http://schema.org","@type":"Review","itemReviewed":{"@type":"Movie","name":"The Night They Raided Minsky's","sameAs":"http://www.imdb.com/title/tt0063348/","image":"/_image?/content%2Fassets%2Fstills%2Fthe-night-they-raided-minskys-1968.png%3ForigWidth%3D2000%26origHeight%3D1125%26origFormat%3Dpng&w=1200&h=675&q=80&f=jpeg","dateCreated":"1968","director":{"@type":"Person","name":"William Friedkin"}},"reviewRating":{"@type":"Rating","ratingValue":2},"author":{"@type":"Person","name":"Frank Showalter"}}</script></main>  </div><footer class="flex flex-col items-center gap-y-6 bg-[url(&#x27;/assets/ripnotcomingsoon.avif&#x27;)] px-pageMargin py-8 text-inverse"><ul class="flex w-full flex-wrap justify-center gap-x-4 gap-y-2 text-inverse tablet:gap-x-6 max:w-auto"><li class="block whitespace-nowrap tracking-0.5px"><a class="text-inverse" href="/">Home</a></li><li class="block whitespace-nowrap tracking-0.5px"><a class="text-inherit" href="/how-i-grade/">How I Grade</a></li><li class="block whitespace-nowrap tracking-0.5px"><a class="text-inherit" href="/reviews/">Reviews</a></li><li class="block whitespace-nowrap tracking-0.5px"><a class="text-inherit" href="/viewings/">Viewing Log</a></li><li class="block whitespace-nowrap tracking-0.5px"><a class="text-inherit" href="/cast-and-crew/">Cast &amp; Crew</a></li><li class="block whitespace-nowrap tracking-0.5px"><a class="text-inherit" href="/collections/">Collections</a></li><li class="block whitespace-nowrap tracking-0.5px"><a class="text-inherit" href="/watchlist/">Watchlist</a></li></ul><p class="text-sm font-light leading-4">All stills used in accordance with the<!-- --> <a href="http://www.copyright.gov/title17/92chap1.html#107" class="text-inherit">Fair Use Law.</a></p><a href="#top" class="sr-only">To the top ↑</a></footer></div></div> </html>